symbol       : HOSE_BID
template     : bank   (templates.csv)
documents    : 1  (Q4-2016)
quarters     : ['2016-Q4']   selected ['2016-Q4']
skipped      : 0 quarter(s) already `pdf` in all three statements   [overwrite=True — nothing is skipped]
cascade      : 49 of 49 layers
data root    : D:\GIT\master-thesis\raw_data\cafef
models       : det=deepdoc_det.onnx vietocr=vgg_seq2seq.pth
vietocr cfg  : D:\GIT\master-thesis\src\web_scraper\models\vietocr_vgg_seq2seq.yml

[doc 1/1 100% of DOCUMENTS, not of time] HOSE_BID__Q4-2016  FY-2016_bao_cao_tai_chinh_hop_nhat_nam_2016_da_kiem_toan.pdf  4.8 MB  bank/consolidated  CUMULATIVE
  band: balance 24, income 19, cash 23   open_ref=55968854000000
  [layer 1/49   2% of POSITIONS] onnx@200
    [ocr page 1/62   1% of PAGES — the only fraction here that predicts time]
    [ocr page 7/62  11% of PAGES — the only fraction here that predicts time]  ~120 s left
    [ocr page 14/62  22% of PAGES — the only fraction here that predicts time]  ~101 s left
  [layer 2/49   4% of POSITIONS] onnx@300
    [ocr page 1/62   1% of PAGES — the only fraction here that predicts time]
    [ocr page 7/62  11% of PAGES — the only fraction here that predicts time]  ~76 s left
    [ocr page 14/62  22% of PAGES — the only fraction here that predicts time]  ~77 s left
  [layer 3/49   6% of POSITIONS] onnx@400
    [ocr page 1/62   1% of PAGES — the only fraction here that predicts time]
    [ocr page 7/62  11% of PAGES — the only fraction here that predicts time]  ~69 s left
    [ocr page 14/62  22% of PAGES — the only fraction here that predicts time]  ~88 s left
  [layer 4/49   8% of POSITIONS] tesseract@200
    [ocr page 1/62   1% of PAGES — the only fraction here that predicts time]
    [ocr page 6/62   9% of PAGES — the only fraction here that predicts time]  ~164 s left
    [ocr page 11/62  17% of PAGES — the only fraction here that predicts time]  ~162 s left
    [ocr page 15/62  24% of PAGES — the only fraction here that predicts time]  ~161 s left
    [ocr page 18/62  29% of PAGES — the only fraction here that predicts time]  ~170 s left
    [ocr page 21/62  33% of PAGES — the only fraction here that predicts time]  ~173 s left
    [ocr page 24/62  38% of PAGES — the only fraction here that predicts time]  ~171 s left
    [ocr page 27/62  43% of PAGES — the only fraction here that predicts time]  ~161 s left
    [ocr page 32/62  51% of PAGES — the only fraction here that predicts time]  ~133 s left
    [ocr page 37/62  59% of PAGES — the only fraction here that predicts time]  ~107 s left
    [ocr page 42/62  67% of PAGES — the only fraction here that predicts time]  ~83 s left
    [ocr page 48/62  77% of PAGES — the only fraction here that predicts time]  ~55 s left
    [ocr page 53/62  85% of PAGES — the only fraction here that predicts time]  ~35 s left
    [ocr page 57/62  91% of PAGES — the only fraction here that predicts time]  ~20 s left
  [layer 5/49  10% of POSITIONS] onnx@200+relax   (cached parse, re-map only)
  [layer 6/49  12% of POSITIONS] onnx@300+relax   (cached parse, re-map only)
  [layer 7/49  14% of POSITIONS] tesseract@400+relax
    [ocr page 1/62   1% of PAGES — the only fraction here that predicts time]
    [ocr page 6/62   9% of PAGES — the only fraction here that predicts time]  ~191 s left
    [ocr page 10/62  16% of PAGES — the only fraction here that predicts time]  ~191 s left
    [ocr page 13/62  20% of PAGES — the only fraction here that predicts time]  ~197 s left
    [ocr page 17/62  27% of PAGES — the only fraction here that predicts time]  ~195 s left
    [ocr page 19/62  30% of PAGES — the only fraction here that predicts time]  ~202 s left
    [ocr page 22/62  35% of PAGES — the only fraction here that predicts time]  ~197 s left
    [ocr page 25/62  40% of PAGES — the only fraction here that predicts time]  ~189 s left
    [ocr page 28/62  45% of PAGES — the only fraction here that predicts time]  ~176 s left
    [ocr page 32/62  51% of PAGES — the only fraction here that predicts time]  ~151 s left
    [ocr page 36/62  58% of PAGES — the only fraction here that predicts time]  ~128 s left
    [ocr page 41/62  66% of PAGES — the only fraction here that predicts time]  ~99 s left
    [ocr page 47/62  75% of PAGES — the only fraction here that predicts time]  ~67 s left
    [ocr page 52/62  83% of PAGES — the only fraction here that predicts time]  ~44 s left
    [ocr page 56/62  90% of PAGES — the only fraction here that predicts time]  ~27 s left
    [ocr page 62/62 100% of PAGES — the only fraction here that predicts time]  ~0 s left
  [layer 8/49  16% of POSITIONS] onnx@200+components   (cached parse, re-map only)
  [layer 9/49  18% of POSITIONS] onnx@300+components   (cached parse, re-map only)
  [layer 10/49  20% of POSITIONS] onnx@200+relax+components   (cached parse, re-map only)
  [layer 11/49  22% of POSITIONS] onnx@200+pad6+components
    [ocr page 1/62   1% of PAGES — the only fraction here that predicts time]
    [ocr page 7/62  11% of PAGES — the only fraction here that predicts time]  ~83 s left
    [ocr page 13/62  20% of PAGES — the only fraction here that predicts time]  ~97 s left
  [layer 12/49  24% of POSITIONS] onnx@200+pad6+relax+components   (cached parse, re-map only)
  [layer 13/49  27% of POSITIONS] onnx@300+split   (cached parse, re-map only)
  [layer 14/49  29% of POSITIONS] onnx@300+split+components   (cached parse, re-map only)
  [layer 15/49  31% of POSITIONS] onnx@200+join+components
    [ocr page 1/62   1% of PAGES — the only fraction here that predicts time]
    [ocr page 7/62  11% of PAGES — the only fraction here that predicts time]  ~82 s left
    [ocr page 12/62  19% of PAGES — the only fraction here that predicts time]  ~108 s left
  [layer 16/49  33% of POSITIONS] onnx@200+join+relax+components   (cached parse, re-map only)
  [layer 17/49  35% of POSITIONS] onnx@200+title
    [ocr page 1/62   1% of PAGES — the only fraction here that predicts time]
    [ocr page 7/62  11% of PAGES — the only fraction here that predicts time]  ~55 s left
    [ocr page 14/62  22% of PAGES — the only fraction here that predicts time]  ~63 s left
  [layer 18/49  37% of POSITIONS] onnx@200+title+relax   (cached parse, re-map only)
  [layer 19/49  39% of POSITIONS] onnx@200+loose
    [ocr page 1/62   1% of PAGES — the only fraction here that predicts time]
    [ocr page 7/62  11% of PAGES — the only fraction here that predicts time]  ~75 s left
    [ocr page 11/62  17% of PAGES — the only fraction here that predicts time]  ~125 s left
  [layer 20/49  41% of POSITIONS] onnx@200+loose+relax   (cached parse, re-map only)
  [layer 21/49  43% of POSITIONS] onnx@400+loose
    [ocr page 1/62   1% of PAGES — the only fraction here that predicts time]
    [ocr page 7/62  11% of PAGES — the only fraction here that predicts time]  ~102 s left
    [ocr page 12/62  19% of PAGES — the only fraction here that predicts time]  ~120 s left
  [layer 22/49  45% of POSITIONS] onnx@400+loose+relax   (cached parse, re-map only)
  [layer 23/49  47% of POSITIONS] onnx@300+loose
    [ocr page 1/62   1% of PAGES — the only fraction here that predicts time]
    [ocr page 7/62  11% of PAGES — the only fraction here that predicts time]  ~85 s left
    [ocr page 13/62  20% of PAGES — the only fraction here that predicts time]  ~106 s left
  [layer 24/49  49% of POSITIONS] onnx@300+loose+relax   (cached parse, re-map only)
  [layer 25/49  51% of POSITIONS] onnx@200+title+loose
    [ocr page 1/62   1% of PAGES — the only fraction here that predicts time]
    [ocr page 7/62  11% of PAGES — the only fraction here that predicts time]  ~90 s left
    [ocr page 12/62  19% of PAGES — the only fraction here that predicts time]  ~114 s left
  [layer 26/49  53% of POSITIONS] onnx@200+title+loose+relax   (cached parse, re-map only)
  [layer 27/49  55% of POSITIONS] onnx@200+realign
    [ocr page 1/62   1% of PAGES — the only fraction here that predicts time]
    [ocr page 7/62  11% of PAGES — the only fraction here that predicts time]  ~95 s left
    [ocr page 12/62  19% of PAGES — the only fraction here that predicts time]  ~115 s left
  [layer 28/49  57% of POSITIONS] onnx@200+realign+relax   (cached parse, re-map only)
  [layer 29/49  59% of POSITIONS] onnx@300+realign
    [ocr page 1/62   1% of PAGES — the only fraction here that predicts time]
    [ocr page 7/62  11% of PAGES — the only fraction here that predicts time]  ~71 s left
    [ocr page 13/62  20% of PAGES — the only fraction here that predicts time]  ~94 s left
  [layer 30/49  61% of POSITIONS] onnx@300+realign+relax   (cached parse, re-map only)
  [layer 31/49  63% of POSITIONS] onnx@200+realign+relax+components   (cached parse, re-map only)
  [layer 32/49  65% of POSITIONS] onnx@200+notes+seam
    [ocr page 1/62   1% of PAGES — the only fraction here that predicts time]
    [ocr page 7/62  11% of PAGES — the only fraction here that predicts time]  ~83 s left
    [ocr page 13/62  20% of PAGES — the only fraction here that predicts time]  ~106 s left
  [layer 33/49  67% of POSITIONS] onnx@200+notes+seam+relax   (cached parse, re-map only)
  [layer 34/49  69% of POSITIONS] onnx@300+notes+seam
    [ocr page 1/62   1% of PAGES — the only fraction here that predicts time]
    [ocr page 7/62  11% of PAGES — the only fraction here that predicts time]  ~83 s left
    [ocr page 13/62  20% of PAGES — the only fraction here that predicts time]  ~106 s left
  [layer 35/49  71% of POSITIONS] onnx@200+notes+seam+realign
    [ocr page 1/62   1% of PAGES — the only fraction here that predicts time]
    [ocr page 7/62  11% of PAGES — the only fraction here that predicts time]  ~86 s left
    [ocr page 12/62  19% of PAGES — the only fraction here that predicts time]  ~108 s left
  [layer 36/49  73% of POSITIONS] onnx@200+notes   (cached parse, re-map only)
  [layer 37/49  76% of POSITIONS] onnx@200+tail
    [ocr page 1/62   1% of PAGES — the only fraction here that predicts time]
    [ocr page 7/62  11% of PAGES — the only fraction here that predicts time]  ~77 s left
    [ocr page 14/62  22% of PAGES — the only fraction here that predicts time]  ~88 s left
  [layer 38/49  78% of POSITIONS] onnx@200+tail+relax   (cached parse, re-map only)
  [layer 39/49  80% of POSITIONS] onnx@300+tail
    [ocr page 1/62   1% of PAGES — the only fraction here that predicts time]
    [ocr page 7/62  11% of PAGES — the only fraction here that predicts time]  ~98 s left
    [ocr page 12/62  19% of PAGES — the only fraction here that predicts time]  ~124 s left
  [layer 40/49  82% of POSITIONS] onnx@200+tail+relax+components   (cached parse, re-map only)
  [layer 41/49  84% of POSITIONS] onnx@200+unit+tail
    [ocr page 1/62   1% of PAGES — the only fraction here that predicts time]
    [ocr page 7/62  11% of PAGES — the only fraction here that predicts time]  ~106 s left
    [ocr page 12/62  19% of PAGES — the only fraction here that predicts time]  ~134 s left
  [layer 42/49  86% of POSITIONS] onnx@200+unit+tail+relax   (cached parse, re-map only)
  [layer 43/49  88% of POSITIONS] onnx@200+unit
    [ocr page 1/62   1% of PAGES — the only fraction here that predicts time]
    [ocr page 7/62  11% of PAGES — the only fraction here that predicts time]  ~63 s left
    [ocr page 14/62  22% of PAGES — the only fraction here that predicts time]  ~66 s left
  [layer 44/49  90% of POSITIONS] onnx@300+unit+tail
    [ocr page 1/62   1% of PAGES — the only fraction here that predicts time]
    [ocr page 7/62  11% of PAGES — the only fraction here that predicts time]  ~89 s left
    [ocr page 11/62  17% of PAGES — the only fraction here that predicts time]  ~125 s left
  [layer 45/49  92% of POSITIONS] onnx@300+unit
    [ocr page 1/62   1% of PAGES — the only fraction here that predicts time]
    [ocr page 7/62  11% of PAGES — the only fraction here that predicts time]  ~68 s left
    [ocr page 14/62  22% of PAGES — the only fraction here that predicts time]  ~80 s left
  [layer 46/49  94% of POSITIONS] onnx@200+annual+relax   (cached parse, re-map only)
  [layer 47/49  96% of POSITIONS] onnx@200+pad6+annual+extra   (cached parse, re-map only)
  Q4-2016: balance_sheet=52 items [onnx@200]; income_statement=19 items [onnx@200]; cash_flow=24 items [onnx@200+pad6+annual+extra]  (64.6 min)

run folder -> D:\GIT\master-thesis\reports\pdf_ocr\20260830-043214__hose_bid__pdf_ocr
