symbol       : HOSE_TCB
template     : bank   (detect_template (CafeF fingerprint, over the network))
documents    : 5  (Q1-2014, Q3-2014, Q1-2015, Q3-2015, Q1-2016)
quarters     : ['2014-Q1', '2014-Q3', '2015-Q1', '2015-Q3', '2016-Q1']   selected ['2014-Q1', '2014-Q3', '2015-Q1', '2015-Q3', '2016-Q1']
cascade      : 3 of 47 layers
data root    : D:\GIT\master-thesis\raw_data\cafef
models       : det=deepdoc_det.onnx vietocr=vgg_seq2seq.pth

[doc 1/5  20% of DOCUMENTS, not of time] HOSE_TCB__Q1-2014  Q1-2014_bao_cao_tai_chinh_hop_nhat_quy_1_nam_2014.pdf  2.9 MB  bank/consolidated
WARNING: Q1-2014: the magnitude band is EMPTY, so `sane` will FAIL OPEN — this ticker has no accepted quarters on disk to reconstruct one from.
  [layer 1/3  33% of POSITIONS] onnx@200+unit+tail
    [ocr page 1/63   1% of PAGES — the only fraction here that predicts time]
    [ocr page 7/63  11% of PAGES — the only fraction here that predicts time]  ~111 s left
  Q1-2014: balance_sheet=44 items [onnx@200+unit+tail]; income_statement=21 items [onnx@200+unit+tail]; cash_flow=17 items [onnx@200+unit+tail]  (1.9 min)
[doc 2/5  40% of DOCUMENTS, not of time] HOSE_TCB__Q3-2014  Q3-2014_bao_cao_tai_chinh_hop_nhat_quy_3_nam_2014.pdf  1.9 MB  bank/consolidated
WARNING: Q3-2014: the magnitude band is EMPTY, so `sane` will FAIL OPEN — this ticker has no accepted quarters on disk to reconstruct one from.
  [layer 1/3  33% of POSITIONS] onnx@200+unit+tail
    [ocr page 1/62   1% of PAGES — the only fraction here that predicts time]
    [ocr page 7/62  11% of PAGES — the only fraction here that predicts time]  ~58 s left
  Q3-2014: balance_sheet=45 items [onnx@200+unit+tail]; income_statement=21 items [onnx@200+unit+tail]; cash_flow=20 items [onnx@200+unit+tail]  (1.6 min)
[doc 3/5  60% of DOCUMENTS, not of time] HOSE_TCB__Q1-2015  Q1-2015_bao_cao_tai_chinh_hop_nhat_quy_1_nam_2015.pdf  3.4 MB  bank/consolidated
WARNING: Q1-2015: the magnitude band is EMPTY, so `sane` will FAIL OPEN — this ticker has no accepted quarters on disk to reconstruct one from.
  [layer 1/3  33% of POSITIONS] onnx@200+unit+tail
    [ocr page 1/63   1% of PAGES — the only fraction here that predicts time]
    [ocr page 7/63  11% of PAGES — the only fraction here that predicts time]  ~77 s left
  Q1-2015: balance_sheet=45 items [onnx@200+unit+tail]; income_statement=17 items [onnx@200+unit+tail]; cash_flow=17 items [onnx@200+unit+tail]  (1.9 min)
[doc 4/5  80% of DOCUMENTS, not of time] HOSE_TCB__Q3-2015  Q3-2015_bao_cao_tai_chinh_hop_nhat_quy_3_nam_2015.pdf  4.0 MB  bank/consolidated
WARNING: Q3-2015: the magnitude band is EMPTY, so `sane` will FAIL OPEN — this ticker has no accepted quarters on disk to reconstruct one from.
  [layer 1/3  33% of POSITIONS] onnx@200+unit+tail
    [ocr page 1/62   1% of PAGES — the only fraction here that predicts time]
    [ocr page 7/62  11% of PAGES — the only fraction here that predicts time]  ~64 s left
  Q3-2015: balance_sheet=58 items [onnx@200+unit+tail]; income_statement=20 items [onnx@200+unit+tail]; cash_flow=21 items [onnx@200+unit+tail]  (1.7 min)
[doc 5/5 100% of DOCUMENTS, not of time] HOSE_TCB__Q1-2016  Q1-2016_bao_cao_tai_chinh_hop_nhat_quy_1_nam_2016.pdf  3.0 MB  bank/consolidated
WARNING: Q1-2016: the magnitude band is EMPTY, so `sane` will FAIL OPEN — this ticker has no accepted quarters on disk to reconstruct one from.
  [layer 1/3  33% of POSITIONS] onnx@200+unit+tail
    [ocr page 1/60   1% of PAGES — the only fraction here that predicts time]
    [ocr page 7/60  11% of PAGES — the only fraction here that predicts time]  ~75 s left
    [ocr page 13/60  21% of PAGES — the only fraction here that predicts time]  ~82 s left
  Q1-2016: balance_sheet=57 items [onnx@200+unit+tail]; income_statement=20 items [onnx@200+unit+tail]; cash_flow=19 items [onnx@200+unit+tail]  (1.9 min)

run folder -> D:\GIT\master-thesis\reports\pdf_ocr\20260829-193435__hose_tcb__pdf_ocr
