  0.0% - HOSE_BID - plan - overall %    : documents finished + OCR passes done of the 7 this 49-layer cascade can cost, over 1 document(s) — a POSITION IN THE PLAN, never a fraction of the time
  0.0% - HOSE_BID - plan - symbol       : HOSE_BID
  0.0% - HOSE_BID - plan - template     : bank   (templates.csv)
  0.0% - HOSE_BID - plan - documents    : 1  (Q3-2011)
  0.0% - HOSE_BID - plan - quarters     : ['2011-Q3']   selected ['2011-Q3']
  0.0% - HOSE_BID - plan - skipped      : 0 quarter(s) already `pdf` in all three statements
  0.0% - HOSE_BID - plan - cascade      : 49 of 49 layers
  0.0% - HOSE_BID - plan - data root    : /kaggle/input/datasets/lyductrung/mt-cafef-filings-bid-2011-q3/documents/data/cafef
  0.0% - HOSE_BID - plan - models       : det=deepdoc_det.onnx vietocr=vgg_seq2seq.pth
  0.0% - HOSE_BID - plan - vietocr cfg  : /kaggle/input/datasets/lyductrung/mt-cafef-filings-bid-2011-q3/documents/models/vietocr_vgg_seq2seq.yml
  0.0% - doc 1/1 HOSE_BID Q3-2011 - open - Q3-2011_bao_cao_tai_chinh_hop_nhat_quy_3_nam_2011.pdf  4.0 MB  bank/consolidated
  0.0% - doc 1/1 HOSE_BID Q3-2011 - band - balance 3, income 0, cash 2   open_ref=—
  0.0% - doc 1/1 HOSE_BID Q3-2011 - layer 1/49 onnx@200 - OCR pass 1/7
  0.4% - doc 1/1 HOSE_BID Q3-2011 - layer 1/49 onnx@200 - page 1/32   3% of this pass
  1.3% - doc 1/1 HOSE_BID Q3-2011 - layer 1/49 onnx@200 - page 3/32   9% of this pass   ~151 s left
  3.1% - doc 1/1 HOSE_BID Q3-2011 - layer 1/49 onnx@200 - page 7/32  21% of this pass   ~73 s left
  4.5% - doc 1/1 HOSE_BID Q3-2011 - layer 1/49 onnx@200 - page 10/32  31% of this pass   ~53 s left
  6.2% - doc 1/1 HOSE_BID Q3-2011 - layer 1/49 onnx@200 - page 14/32  43% of this pass   ~35 s left
  7.6% - doc 1/1 HOSE_BID Q3-2011 - layer 1/49 onnx@200 - page 17/32  53% of this pass   ~26 s left
  9.4% - doc 1/1 HOSE_BID Q3-2011 - layer 1/49 onnx@200 - page 21/32  65% of this pass   ~17 s left
 10.7% - doc 1/1 HOSE_BID Q3-2011 - layer 1/49 onnx@200 - page 24/32  75% of this pass   ~11 s left
 12.5% - doc 1/1 HOSE_BID Q3-2011 - layer 1/49 onnx@200 - page 28/32  87% of this pass   ~5 s left
 14.3% - doc 1/1 HOSE_BID Q3-2011 - layer 1/49 onnx@200 - page 32/32 100% of this pass   ~0 s left
 14.3% - doc 1/1 HOSE_BID Q3-2011 - layer 2/49 onnx@300 - OCR pass 2/7
 14.7% - doc 1/1 HOSE_BID Q3-2011 - layer 2/49 onnx@300 - page 1/32   3% of this pass
 16.5% - doc 1/1 HOSE_BID Q3-2011 - layer 2/49 onnx@300 - page 5/32  15% of this pass   ~35 s left
 17.9% - doc 1/1 HOSE_BID Q3-2011 - layer 2/49 onnx@300 - page 8/32  25% of this pass   ~28 s left
 19.6% - doc 1/1 HOSE_BID Q3-2011 - layer 2/49 onnx@300 - page 12/32  37% of this pass   ~21 s left
 21.4% - doc 1/1 HOSE_BID Q3-2011 - layer 2/49 onnx@300 - page 16/32  50% of this pass   ~16 s left
 23.2% - doc 1/1 HOSE_BID Q3-2011 - layer 2/49 onnx@300 - page 20/32  62% of this pass   ~11 s left
 25.0% - doc 1/1 HOSE_BID Q3-2011 - layer 2/49 onnx@300 - page 24/32  75% of this pass   ~7 s left
 26.8% - doc 1/1 HOSE_BID Q3-2011 - layer 2/49 onnx@300 - page 28/32  87% of this pass   ~4 s left
 28.6% - doc 1/1 HOSE_BID Q3-2011 - layer 2/49 onnx@300 - page 32/32 100% of this pass   ~0 s left
 28.6% - doc 1/1 HOSE_BID Q3-2011 - layer 3/49 onnx@400 - OCR pass 3/7
 29.0% - doc 1/1 HOSE_BID Q3-2011 - layer 3/49 onnx@400 - page 1/32   3% of this pass
 30.8% - doc 1/1 HOSE_BID Q3-2011 - layer 3/49 onnx@400 - page 5/32  15% of this pass   ~36 s left
 32.1% - doc 1/1 HOSE_BID Q3-2011 - layer 3/49 onnx@400 - page 8/32  25% of this pass   ~30 s left
 33.9% - doc 1/1 HOSE_BID Q3-2011 - layer 3/49 onnx@400 - page 12/32  37% of this pass   ~22 s left
 35.7% - doc 1/1 HOSE_BID Q3-2011 - layer 3/49 onnx@400 - page 16/32  50% of this pass   ~17 s left
 37.5% - doc 1/1 HOSE_BID Q3-2011 - layer 3/49 onnx@400 - page 20/32  62% of this pass   ~12 s left
 39.3% - doc 1/1 HOSE_BID Q3-2011 - layer 3/49 onnx@400 - page 24/32  75% of this pass   ~8 s left
 41.1% - doc 1/1 HOSE_BID Q3-2011 - layer 3/49 onnx@400 - page 28/32  87% of this pass   ~4 s left
 42.9% - doc 1/1 HOSE_BID Q3-2011 - layer 3/49 onnx@400 - page 32/32 100% of this pass   ~0 s left
 42.9% - doc 1/1 HOSE_BID Q3-2011 - layer 5/49 onnx@200+relax - cached parse, re-map only
 42.9% - doc 1/1 HOSE_BID Q3-2011 - layer 6/49 onnx@300+relax - cached parse, re-map only
 42.9% - doc 1/1 HOSE_BID Q3-2011 - layer 8/49 onnx@200+components - cached parse, re-map only
 42.9% - doc 1/1 HOSE_BID Q3-2011 - layer 9/49 onnx@300+components - cached parse, re-map only
 42.9% - doc 1/1 HOSE_BID Q3-2011 - layer 10/49 onnx@200+relax+components - cached parse, re-map only
 42.9% - doc 1/1 HOSE_BID Q3-2011 - layer 11/49 onnx@200+pad6+components - OCR pass 4/7
 43.3% - doc 1/1 HOSE_BID Q3-2011 - layer 11/49 onnx@200+pad6+components - page 1/32   3% of this pass
 45.1% - doc 1/1 HOSE_BID Q3-2011 - layer 11/49 onnx@200+pad6+components - page 5/32  15% of this pass   ~28 s left
 46.4% - doc 1/1 HOSE_BID Q3-2011 - layer 11/49 onnx@200+pad6+components - page 8/32  25% of this pass   ~23 s left
 48.2% - doc 1/1 HOSE_BID Q3-2011 - layer 11/49 onnx@200+pad6+components - page 12/32  37% of this pass   ~17 s left
 50.0% - doc 1/1 HOSE_BID Q3-2011 - layer 11/49 onnx@200+pad6+components - page 16/32  50% of this pass   ~14 s left
 51.8% - doc 1/1 HOSE_BID Q3-2011 - layer 11/49 onnx@200+pad6+components - page 20/32  62% of this pass   ~10 s left
 53.6% - doc 1/1 HOSE_BID Q3-2011 - layer 11/49 onnx@200+pad6+components - page 24/32  75% of this pass   ~6 s left
 54.5% - doc 1/1 HOSE_BID Q3-2011 - layer 12/49 onnx@200+pad6+relax+components - cached parse, re-map only
 54.5% - doc 1/1 HOSE_BID Q3-2011 - layer 13/49 onnx@300+split - cached parse, re-map only
 54.5% - doc 1/1 HOSE_BID Q3-2011 - layer 14/49 onnx@300+split+components - cached parse, re-map only
 54.5% - doc 1/1 HOSE_BID Q3-2011 - layer 15/49 onnx@200+join+components - cached parse, re-map only
 54.5% - doc 1/1 HOSE_BID Q3-2011 - layer 15/49 onnx@200+join+components - page 1/32   3% of this pass
 54.5% - doc 1/1 HOSE_BID Q3-2011 - layer 15/49 onnx@200+join+components - page 5/32  15% of this pass   ~1 s left
 54.5% - doc 1/1 HOSE_BID Q3-2011 - layer 15/49 onnx@200+join+components - page 8/32  25% of this pass   ~0 s left
 54.5% - doc 1/1 HOSE_BID Q3-2011 - layer 15/49 onnx@200+join+components - page 12/32  37% of this pass   ~0 s left
 54.5% - doc 1/1 HOSE_BID Q3-2011 - layer 15/49 onnx@200+join+components - page 16/32  50% of this pass   ~0 s left
 54.5% - doc 1/1 HOSE_BID Q3-2011 - layer 15/49 onnx@200+join+components - page 20/32  62% of this pass   ~0 s left
 54.5% - doc 1/1 HOSE_BID Q3-2011 - layer 15/49 onnx@200+join+components - page 24/32  75% of this pass   ~0 s left
 55.4% - doc 1/1 HOSE_BID Q3-2011 - layer 15/49 onnx@200+join+components - page 28/32  87% of this pass   ~0 s left
 57.1% - doc 1/1 HOSE_BID Q3-2011 - layer 15/49 onnx@200+join+components - page 32/32 100% of this pass   ~0 s left
 57.1% - doc 1/1 HOSE_BID Q3-2011 - layer 16/49 onnx@200+join+relax+components - cached parse, re-map only
 57.1% - doc 1/1 HOSE_BID Q3-2011 - layer 17/49 onnx@200+title - cached parse, re-map only
 57.1% - doc 1/1 HOSE_BID Q3-2011 - layer 17/49 onnx@200+title - page 1/32   3% of this pass
 57.1% - doc 1/1 HOSE_BID Q3-2011 - layer 17/49 onnx@200+title - page 5/32  15% of this pass   ~1 s left
 57.1% - doc 1/1 HOSE_BID Q3-2011 - layer 17/49 onnx@200+title - page 8/32  25% of this pass   ~1 s left
 57.1% - doc 1/1 HOSE_BID Q3-2011 - layer 17/49 onnx@200+title - page 12/32  37% of this pass   ~0 s left
 57.1% - doc 1/1 HOSE_BID Q3-2011 - layer 17/49 onnx@200+title - page 16/32  50% of this pass   ~0 s left
 57.1% - doc 1/1 HOSE_BID Q3-2011 - layer 17/49 onnx@200+title - page 20/32  62% of this pass   ~0 s left
 57.1% - doc 1/1 HOSE_BID Q3-2011 - layer 17/49 onnx@200+title - page 24/32  75% of this pass   ~0 s left
 57.1% - doc 1/1 HOSE_BID Q3-2011 - layer 17/49 onnx@200+title - page 28/32  87% of this pass   ~0 s left
 57.1% - doc 1/1 HOSE_BID Q3-2011 - layer 17/49 onnx@200+title - page 32/32 100% of this pass   ~0 s left
 57.1% - doc 1/1 HOSE_BID Q3-2011 - layer 18/49 onnx@200+title+relax - cached parse, re-map only
 57.1% - doc 1/1 HOSE_BID Q3-2011 - layer 19/49 onnx@200+loose - cached parse, re-map only
 57.1% - doc 1/1 HOSE_BID Q3-2011 - layer 19/49 onnx@200+loose - page 1/32   3% of this pass
 57.1% - doc 1/1 HOSE_BID Q3-2011 - layer 19/49 onnx@200+loose - page 5/32  15% of this pass   ~1 s left
 57.1% - doc 1/1 HOSE_BID Q3-2011 - layer 19/49 onnx@200+loose - page 8/32  25% of this pass   ~0 s left
 57.1% - doc 1/1 HOSE_BID Q3-2011 - layer 19/49 onnx@200+loose - page 12/32  37% of this pass   ~0 s left
 57.1% - doc 1/1 HOSE_BID Q3-2011 - layer 19/49 onnx@200+loose - page 16/32  50% of this pass   ~0 s left
 57.1% - doc 1/1 HOSE_BID Q3-2011 - layer 19/49 onnx@200+loose - page 20/32  62% of this pass   ~0 s left
 57.1% - doc 1/1 HOSE_BID Q3-2011 - layer 19/49 onnx@200+loose - page 24/32  75% of this pass   ~0 s left
 57.1% - doc 1/1 HOSE_BID Q3-2011 - layer 19/49 onnx@200+loose - page 28/32  87% of this pass   ~0 s left
 57.1% - doc 1/1 HOSE_BID Q3-2011 - layer 19/49 onnx@200+loose - page 32/32 100% of this pass   ~0 s left
 57.1% - doc 1/1 HOSE_BID Q3-2011 - layer 20/49 onnx@200+loose+relax - cached parse, re-map only
 57.1% - doc 1/1 HOSE_BID Q3-2011 - layer 21/49 onnx@400+loose - cached parse, re-map only
 57.1% - doc 1/1 HOSE_BID Q3-2011 - layer 21/49 onnx@400+loose - page 1/32   3% of this pass
 57.1% - doc 1/1 HOSE_BID Q3-2011 - layer 21/49 onnx@400+loose - page 5/32  15% of this pass   ~1 s left
 57.1% - doc 1/1 HOSE_BID Q3-2011 - layer 21/49 onnx@400+loose - page 8/32  25% of this pass   ~0 s left
 57.1% - doc 1/1 HOSE_BID Q3-2011 - layer 21/49 onnx@400+loose - page 12/32  37% of this pass   ~0 s left
 57.1% - doc 1/1 HOSE_BID Q3-2011 - layer 21/49 onnx@400+loose - page 16/32  50% of this pass   ~0 s left
 57.1% - doc 1/1 HOSE_BID Q3-2011 - layer 21/49 onnx@400+loose - page 20/32  62% of this pass   ~0 s left
 57.1% - doc 1/1 HOSE_BID Q3-2011 - layer 21/49 onnx@400+loose - page 24/32  75% of this pass   ~0 s left
 57.1% - doc 1/1 HOSE_BID Q3-2011 - layer 21/49 onnx@400+loose - page 28/32  87% of this pass   ~0 s left
 57.1% - doc 1/1 HOSE_BID Q3-2011 - layer 21/49 onnx@400+loose - page 32/32 100% of this pass   ~0 s left
 57.1% - doc 1/1 HOSE_BID Q3-2011 - layer 22/49 onnx@400+loose+relax - cached parse, re-map only
 57.1% - doc 1/1 HOSE_BID Q3-2011 - layer 23/49 onnx@300+loose - cached parse, re-map only
 57.1% - doc 1/1 HOSE_BID Q3-2011 - layer 23/49 onnx@300+loose - page 1/32   3% of this pass
 57.1% - doc 1/1 HOSE_BID Q3-2011 - layer 23/49 onnx@300+loose - page 5/32  15% of this pass   ~1 s left
 57.1% - doc 1/1 HOSE_BID Q3-2011 - layer 23/49 onnx@300+loose - page 8/32  25% of this pass   ~0 s left
 57.1% - doc 1/1 HOSE_BID Q3-2011 - layer 23/49 onnx@300+loose - page 12/32  37% of this pass   ~0 s left
 57.1% - doc 1/1 HOSE_BID Q3-2011 - layer 23/49 onnx@300+loose - page 16/32  50% of this pass   ~0 s left
 57.1% - doc 1/1 HOSE_BID Q3-2011 - layer 23/49 onnx@300+loose - page 20/32  62% of this pass   ~0 s left
 57.1% - doc 1/1 HOSE_BID Q3-2011 - layer 23/49 onnx@300+loose - page 24/32  75% of this pass   ~0 s left
 57.1% - doc 1/1 HOSE_BID Q3-2011 - layer 23/49 onnx@300+loose - page 28/32  87% of this pass   ~0 s left
 57.1% - doc 1/1 HOSE_BID Q3-2011 - layer 23/49 onnx@300+loose - page 32/32 100% of this pass   ~0 s left
 57.1% - doc 1/1 HOSE_BID Q3-2011 - layer 24/49 onnx@300+loose+relax - cached parse, re-map only
 57.1% - doc 1/1 HOSE_BID Q3-2011 - layer 25/49 onnx@200+title+loose - cached parse, re-map only
 57.1% - doc 1/1 HOSE_BID Q3-2011 - layer 25/49 onnx@200+title+loose - page 1/32   3% of this pass
 57.1% - doc 1/1 HOSE_BID Q3-2011 - layer 25/49 onnx@200+title+loose - page 5/32  15% of this pass   ~1 s left
 57.1% - doc 1/1 HOSE_BID Q3-2011 - layer 25/49 onnx@200+title+loose - page 8/32  25% of this pass   ~1 s left
 57.1% - doc 1/1 HOSE_BID Q3-2011 - layer 25/49 onnx@200+title+loose - page 12/32  37% of this pass   ~0 s left
 57.1% - doc 1/1 HOSE_BID Q3-2011 - layer 25/49 onnx@200+title+loose - page 16/32  50% of this pass   ~0 s left
 57.1% - doc 1/1 HOSE_BID Q3-2011 - layer 25/49 onnx@200+title+loose - page 20/32  62% of this pass   ~0 s left
 57.1% - doc 1/1 HOSE_BID Q3-2011 - layer 25/49 onnx@200+title+loose - page 24/32  75% of this pass   ~0 s left
 57.1% - doc 1/1 HOSE_BID Q3-2011 - layer 25/49 onnx@200+title+loose - page 28/32  87% of this pass   ~0 s left
 57.1% - doc 1/1 HOSE_BID Q3-2011 - layer 25/49 onnx@200+title+loose - page 32/32 100% of this pass   ~0 s left
 57.1% - doc 1/1 HOSE_BID Q3-2011 - layer 26/49 onnx@200+title+loose+relax - cached parse, re-map only
 57.1% - doc 1/1 HOSE_BID Q3-2011 - layer 27/49 onnx@200+realign - cached parse, re-map only
 57.1% - doc 1/1 HOSE_BID Q3-2011 - layer 27/49 onnx@200+realign - page 1/32   3% of this pass
 57.1% - doc 1/1 HOSE_BID Q3-2011 - layer 27/49 onnx@200+realign - page 5/32  15% of this pass   ~1 s left
 57.1% - doc 1/1 HOSE_BID Q3-2011 - layer 27/49 onnx@200+realign - page 8/32  25% of this pass   ~0 s left
 57.1% - doc 1/1 HOSE_BID Q3-2011 - layer 27/49 onnx@200+realign - page 12/32  37% of this pass   ~0 s left
 57.1% - doc 1/1 HOSE_BID Q3-2011 - layer 27/49 onnx@200+realign - page 16/32  50% of this pass   ~0 s left
 57.1% - doc 1/1 HOSE_BID Q3-2011 - layer 27/49 onnx@200+realign - page 20/32  62% of this pass   ~0 s left
 57.1% - doc 1/1 HOSE_BID Q3-2011 - layer 27/49 onnx@200+realign - page 24/32  75% of this pass   ~0 s left
 57.1% - doc 1/1 HOSE_BID Q3-2011 - layer 27/49 onnx@200+realign - page 28/32  87% of this pass   ~0 s left
 57.1% - doc 1/1 HOSE_BID Q3-2011 - layer 27/49 onnx@200+realign - page 32/32 100% of this pass   ~0 s left
 57.1% - doc 1/1 HOSE_BID Q3-2011 - layer 28/49 onnx@200+realign+relax - cached parse, re-map only
 57.1% - doc 1/1 HOSE_BID Q3-2011 - layer 29/49 onnx@300+realign - cached parse, re-map only
 57.1% - doc 1/1 HOSE_BID Q3-2011 - layer 29/49 onnx@300+realign - page 1/32   3% of this pass
 57.1% - doc 1/1 HOSE_BID Q3-2011 - layer 29/49 onnx@300+realign - page 5/32  15% of this pass   ~1 s left
 57.1% - doc 1/1 HOSE_BID Q3-2011 - layer 29/49 onnx@300+realign - page 8/32  25% of this pass   ~0 s left
 57.1% - doc 1/1 HOSE_BID Q3-2011 - layer 29/49 onnx@300+realign - page 12/32  37% of this pass   ~0 s left
 57.1% - doc 1/1 HOSE_BID Q3-2011 - layer 29/49 onnx@300+realign - page 16/32  50% of this pass   ~0 s left
 57.1% - doc 1/1 HOSE_BID Q3-2011 - layer 29/49 onnx@300+realign - page 20/32  62% of this pass   ~0 s left
 57.1% - doc 1/1 HOSE_BID Q3-2011 - layer 29/49 onnx@300+realign - page 24/32  75% of this pass   ~0 s left
 57.1% - doc 1/1 HOSE_BID Q3-2011 - layer 29/49 onnx@300+realign - page 28/32  87% of this pass   ~0 s left
 57.1% - doc 1/1 HOSE_BID Q3-2011 - layer 29/49 onnx@300+realign - page 32/32 100% of this pass   ~0 s left
 57.1% - doc 1/1 HOSE_BID Q3-2011 - layer 30/49 onnx@300+realign+relax - cached parse, re-map only
 57.1% - doc 1/1 HOSE_BID Q3-2011 - layer 31/49 onnx@200+realign+relax+components - cached parse, re-map only
 57.1% - doc 1/1 HOSE_BID Q3-2011 - layer 32/49 onnx@200+notes+seam - cached parse, re-map only
 57.1% - doc 1/1 HOSE_BID Q3-2011 - layer 32/49 onnx@200+notes+seam - page 1/32   3% of this pass
 57.1% - doc 1/1 HOSE_BID Q3-2011 - layer 32/49 onnx@200+notes+seam - page 5/32  15% of this pass   ~1 s left
 57.1% - doc 1/1 HOSE_BID Q3-2011 - layer 32/49 onnx@200+notes+seam - page 8/32  25% of this pass   ~0 s left
 57.1% - doc 1/1 HOSE_BID Q3-2011 - layer 32/49 onnx@200+notes+seam - page 12/32  37% of this pass   ~0 s left
 57.1% - doc 1/1 HOSE_BID Q3-2011 - layer 32/49 onnx@200+notes+seam - page 16/32  50% of this pass   ~0 s left
 57.1% - doc 1/1 HOSE_BID Q3-2011 - layer 32/49 onnx@200+notes+seam - page 20/32  62% of this pass   ~0 s left
 57.1% - doc 1/1 HOSE_BID Q3-2011 - layer 32/49 onnx@200+notes+seam - page 24/32  75% of this pass   ~0 s left
 57.1% - doc 1/1 HOSE_BID Q3-2011 - layer 32/49 onnx@200+notes+seam - page 28/32  87% of this pass   ~0 s left
 57.1% - doc 1/1 HOSE_BID Q3-2011 - layer 32/49 onnx@200+notes+seam - page 32/32 100% of this pass   ~0 s left
 57.1% - doc 1/1 HOSE_BID Q3-2011 - layer 33/49 onnx@200+notes+seam+relax - cached parse, re-map only
 57.1% - doc 1/1 HOSE_BID Q3-2011 - layer 34/49 onnx@300+notes+seam - cached parse, re-map only
 57.1% - doc 1/1 HOSE_BID Q3-2011 - layer 34/49 onnx@300+notes+seam - page 1/32   3% of this pass
 57.1% - doc 1/1 HOSE_BID Q3-2011 - layer 34/49 onnx@300+notes+seam - page 5/32  15% of this pass   ~1 s left
 57.1% - doc 1/1 HOSE_BID Q3-2011 - layer 34/49 onnx@300+notes+seam - page 8/32  25% of this pass   ~0 s left
 57.1% - doc 1/1 HOSE_BID Q3-2011 - layer 34/49 onnx@300+notes+seam - page 12/32  37% of this pass   ~0 s left
 57.1% - doc 1/1 HOSE_BID Q3-2011 - layer 34/49 onnx@300+notes+seam - page 16/32  50% of this pass   ~0 s left
 57.1% - doc 1/1 HOSE_BID Q3-2011 - layer 34/49 onnx@300+notes+seam - page 20/32  62% of this pass   ~0 s left
 57.1% - doc 1/1 HOSE_BID Q3-2011 - layer 34/49 onnx@300+notes+seam - page 24/32  75% of this pass   ~0 s left
 57.1% - doc 1/1 HOSE_BID Q3-2011 - layer 34/49 onnx@300+notes+seam - page 28/32  87% of this pass   ~0 s left
 57.1% - doc 1/1 HOSE_BID Q3-2011 - layer 34/49 onnx@300+notes+seam - page 32/32 100% of this pass   ~0 s left
 57.1% - doc 1/1 HOSE_BID Q3-2011 - layer 35/49 onnx@200+notes+seam+realign - cached parse, re-map only
 57.1% - doc 1/1 HOSE_BID Q3-2011 - layer 35/49 onnx@200+notes+seam+realign - page 1/32   3% of this pass
 57.1% - doc 1/1 HOSE_BID Q3-2011 - layer 35/49 onnx@200+notes+seam+realign - page 5/32  15% of this pass   ~1 s left
 57.1% - doc 1/1 HOSE_BID Q3-2011 - layer 35/49 onnx@200+notes+seam+realign - page 8/32  25% of this pass   ~0 s left
 57.1% - doc 1/1 HOSE_BID Q3-2011 - layer 35/49 onnx@200+notes+seam+realign - page 12/32  37% of this pass   ~0 s left
 57.1% - doc 1/1 HOSE_BID Q3-2011 - layer 35/49 onnx@200+notes+seam+realign - page 16/32  50% of this pass   ~0 s left
 57.1% - doc 1/1 HOSE_BID Q3-2011 - layer 35/49 onnx@200+notes+seam+realign - page 20/32  62% of this pass   ~0 s left
 57.1% - doc 1/1 HOSE_BID Q3-2011 - layer 35/49 onnx@200+notes+seam+realign - page 24/32  75% of this pass   ~0 s left
 57.1% - doc 1/1 HOSE_BID Q3-2011 - layer 35/49 onnx@200+notes+seam+realign - page 28/32  87% of this pass   ~0 s left
 57.1% - doc 1/1 HOSE_BID Q3-2011 - layer 35/49 onnx@200+notes+seam+realign - page 32/32 100% of this pass   ~0 s left
 57.1% - doc 1/1 HOSE_BID Q3-2011 - layer 36/49 onnx@200+notes - cached parse, re-map only
 57.1% - doc 1/1 HOSE_BID Q3-2011 - layer 37/49 onnx@200+tail - cached parse, re-map only
 57.1% - doc 1/1 HOSE_BID Q3-2011 - layer 37/49 onnx@200+tail - page 1/32   3% of this pass
 57.1% - doc 1/1 HOSE_BID Q3-2011 - layer 37/49 onnx@200+tail - page 5/32  15% of this pass   ~1 s left
 57.1% - doc 1/1 HOSE_BID Q3-2011 - layer 37/49 onnx@200+tail - page 8/32  25% of this pass   ~0 s left
 57.1% - doc 1/1 HOSE_BID Q3-2011 - layer 37/49 onnx@200+tail - page 12/32  37% of this pass   ~0 s left
 57.1% - doc 1/1 HOSE_BID Q3-2011 - layer 37/49 onnx@200+tail - page 16/32  50% of this pass   ~0 s left
 57.1% - doc 1/1 HOSE_BID Q3-2011 - layer 37/49 onnx@200+tail - page 20/32  62% of this pass   ~0 s left
 57.1% - doc 1/1 HOSE_BID Q3-2011 - layer 37/49 onnx@200+tail - page 24/32  75% of this pass   ~0 s left
 57.1% - doc 1/1 HOSE_BID Q3-2011 - layer 37/49 onnx@200+tail - page 28/32  87% of this pass   ~0 s left
 57.1% - doc 1/1 HOSE_BID Q3-2011 - layer 37/49 onnx@200+tail - page 32/32 100% of this pass   ~0 s left
 57.1% - doc 1/1 HOSE_BID Q3-2011 - layer 38/49 onnx@200+tail+relax - cached parse, re-map only
 57.1% - doc 1/1 HOSE_BID Q3-2011 - layer 39/49 onnx@300+tail - cached parse, re-map only
 57.1% - doc 1/1 HOSE_BID Q3-2011 - layer 39/49 onnx@300+tail - page 1/32   3% of this pass
 57.1% - doc 1/1 HOSE_BID Q3-2011 - layer 39/49 onnx@300+tail - page 5/32  15% of this pass   ~1 s left
 57.1% - doc 1/1 HOSE_BID Q3-2011 - layer 39/49 onnx@300+tail - page 8/32  25% of this pass   ~0 s left
 57.1% - doc 1/1 HOSE_BID Q3-2011 - layer 39/49 onnx@300+tail - page 12/32  37% of this pass   ~0 s left
 57.1% - doc 1/1 HOSE_BID Q3-2011 - layer 39/49 onnx@300+tail - page 16/32  50% of this pass   ~0 s left
 57.1% - doc 1/1 HOSE_BID Q3-2011 - layer 39/49 onnx@300+tail - page 20/32  62% of this pass   ~0 s left
 57.1% - doc 1/1 HOSE_BID Q3-2011 - layer 39/49 onnx@300+tail - page 24/32  75% of this pass   ~0 s left
 57.1% - doc 1/1 HOSE_BID Q3-2011 - layer 39/49 onnx@300+tail - page 28/32  87% of this pass   ~0 s left
 57.1% - doc 1/1 HOSE_BID Q3-2011 - layer 39/49 onnx@300+tail - page 32/32 100% of this pass   ~0 s left
 57.1% - doc 1/1 HOSE_BID Q3-2011 - layer 40/49 onnx@200+tail+relax+components - cached parse, re-map only
 57.1% - doc 1/1 HOSE_BID Q3-2011 - layer 41/49 onnx@200+unit+tail - cached parse, re-map only
 57.1% - doc 1/1 HOSE_BID Q3-2011 - layer 41/49 onnx@200+unit+tail - page 1/32   3% of this pass
 57.1% - doc 1/1 HOSE_BID Q3-2011 - layer 41/49 onnx@200+unit+tail - page 5/32  15% of this pass   ~1 s left
 57.1% - doc 1/1 HOSE_BID Q3-2011 - layer 41/49 onnx@200+unit+tail - page 8/32  25% of this pass   ~0 s left
 57.1% - doc 1/1 HOSE_BID Q3-2011 - layer 41/49 onnx@200+unit+tail - page 12/32  37% of this pass   ~0 s left
 57.1% - doc 1/1 HOSE_BID Q3-2011 - layer 41/49 onnx@200+unit+tail - page 16/32  50% of this pass   ~0 s left
 57.1% - doc 1/1 HOSE_BID Q3-2011 - layer 41/49 onnx@200+unit+tail - page 20/32  62% of this pass   ~0 s left
 57.1% - doc 1/1 HOSE_BID Q3-2011 - layer 41/49 onnx@200+unit+tail - page 24/32  75% of this pass   ~0 s left
 57.1% - doc 1/1 HOSE_BID Q3-2011 - layer 41/49 onnx@200+unit+tail - page 28/32  87% of this pass   ~0 s left
 57.1% - doc 1/1 HOSE_BID Q3-2011 - layer 41/49 onnx@200+unit+tail - page 32/32 100% of this pass   ~0 s left
 57.1% - doc 1/1 HOSE_BID Q3-2011 - layer 42/49 onnx@200+unit+tail+relax - cached parse, re-map only
 57.1% - doc 1/1 HOSE_BID Q3-2011 - layer 43/49 onnx@200+unit - cached parse, re-map only
 57.1% - doc 1/1 HOSE_BID Q3-2011 - layer 43/49 onnx@200+unit - page 1/32   3% of this pass
 57.1% - doc 1/1 HOSE_BID Q3-2011 - layer 43/49 onnx@200+unit - page 5/32  15% of this pass   ~1 s left
 57.1% - doc 1/1 HOSE_BID Q3-2011 - layer 43/49 onnx@200+unit - page 8/32  25% of this pass   ~0 s left
 57.1% - doc 1/1 HOSE_BID Q3-2011 - layer 43/49 onnx@200+unit - page 12/32  37% of this pass   ~0 s left
 57.1% - doc 1/1 HOSE_BID Q3-2011 - layer 43/49 onnx@200+unit - page 16/32  50% of this pass   ~0 s left
 57.1% - doc 1/1 HOSE_BID Q3-2011 - layer 43/49 onnx@200+unit - page 20/32  62% of this pass   ~0 s left
 57.1% - doc 1/1 HOSE_BID Q3-2011 - layer 43/49 onnx@200+unit - page 24/32  75% of this pass   ~0 s left
 57.1% - doc 1/1 HOSE_BID Q3-2011 - layer 43/49 onnx@200+unit - page 28/32  87% of this pass   ~0 s left
 57.1% - doc 1/1 HOSE_BID Q3-2011 - layer 43/49 onnx@200+unit - page 32/32 100% of this pass   ~0 s left
 57.1% - doc 1/1 HOSE_BID Q3-2011 - layer 44/49 onnx@300+unit+tail - cached parse, re-map only
 57.1% - doc 1/1 HOSE_BID Q3-2011 - layer 44/49 onnx@300+unit+tail - page 1/32   3% of this pass
 57.1% - doc 1/1 HOSE_BID Q3-2011 - layer 44/49 onnx@300+unit+tail - page 5/32  15% of this pass   ~1 s left
 57.1% - doc 1/1 HOSE_BID Q3-2011 - layer 44/49 onnx@300+unit+tail - page 8/32  25% of this pass   ~0 s left
 57.1% - doc 1/1 HOSE_BID Q3-2011 - layer 44/49 onnx@300+unit+tail - page 12/32  37% of this pass   ~0 s left
 57.1% - doc 1/1 HOSE_BID Q3-2011 - layer 44/49 onnx@300+unit+tail - page 16/32  50% of this pass   ~0 s left
 57.1% - doc 1/1 HOSE_BID Q3-2011 - layer 44/49 onnx@300+unit+tail - page 20/32  62% of this pass   ~0 s left
 57.1% - doc 1/1 HOSE_BID Q3-2011 - layer 44/49 onnx@300+unit+tail - page 24/32  75% of this pass   ~0 s left
 57.1% - doc 1/1 HOSE_BID Q3-2011 - layer 44/49 onnx@300+unit+tail - page 28/32  87% of this pass   ~0 s left
 57.1% - doc 1/1 HOSE_BID Q3-2011 - layer 44/49 onnx@300+unit+tail - page 32/32 100% of this pass   ~0 s left
 57.1% - doc 1/1 HOSE_BID Q3-2011 - layer 45/49 onnx@300+unit - cached parse, re-map only
 57.1% - doc 1/1 HOSE_BID Q3-2011 - layer 45/49 onnx@300+unit - page 1/32   3% of this pass
 57.1% - doc 1/1 HOSE_BID Q3-2011 - layer 45/49 onnx@300+unit - page 5/32  15% of this pass   ~1 s left
 57.1% - doc 1/1 HOSE_BID Q3-2011 - layer 45/49 onnx@300+unit - page 8/32  25% of this pass   ~0 s left
 57.1% - doc 1/1 HOSE_BID Q3-2011 - layer 45/49 onnx@300+unit - page 12/32  37% of this pass   ~0 s left
 57.1% - doc 1/1 HOSE_BID Q3-2011 - layer 45/49 onnx@300+unit - page 16/32  50% of this pass   ~0 s left
 57.1% - doc 1/1 HOSE_BID Q3-2011 - layer 45/49 onnx@300+unit - page 20/32  62% of this pass   ~0 s left
 57.1% - doc 1/1 HOSE_BID Q3-2011 - layer 45/49 onnx@300+unit - page 24/32  75% of this pass   ~0 s left
 57.1% - doc 1/1 HOSE_BID Q3-2011 - layer 45/49 onnx@300+unit - page 28/32  87% of this pass   ~0 s left
 57.1% - doc 1/1 HOSE_BID Q3-2011 - layer 45/49 onnx@300+unit - page 32/32 100% of this pass   ~0 s left
 57.1% - doc 1/1 HOSE_BID Q3-2011 - layer 46/49 onnx@200+annual+relax - cached parse, re-map only
 57.1% - doc 1/1 HOSE_BID Q3-2011 - layer 47/49 onnx@200+pad6+annual+extra - cached parse, re-map only
 57.1% - doc 1/1 HOSE_BID Q3-2011 - layer 48/49 onnx@200+pad6+extra - cached parse, re-map only
 57.1% - doc 1/1 HOSE_BID Q3-2011 - layer 49/49 onnx@300+pad6+annual+extra - OCR pass 5/7
 57.6% - doc 1/1 HOSE_BID Q3-2011 - layer 49/49 onnx@300+pad6+annual+extra - page 1/32   3% of this pass
 59.4% - doc 1/1 HOSE_BID Q3-2011 - layer 49/49 onnx@300+pad6+annual+extra - page 5/32  15% of this pass   ~30 s left
 60.7% - doc 1/1 HOSE_BID Q3-2011 - layer 49/49 onnx@300+pad6+annual+extra - page 8/32  25% of this pass   ~25 s left
 62.5% - doc 1/1 HOSE_BID Q3-2011 - layer 49/49 onnx@300+pad6+annual+extra - page 12/32  37% of this pass   ~19 s left
 64.3% - doc 1/1 HOSE_BID Q3-2011 - layer 49/49 onnx@300+pad6+annual+extra - page 16/32  50% of this pass   ~15 s left
 66.1% - doc 1/1 HOSE_BID Q3-2011 - layer 49/49 onnx@300+pad6+annual+extra - page 20/32  62% of this pass   ~11 s left
 67.9% - doc 1/1 HOSE_BID Q3-2011 - layer 49/49 onnx@300+pad6+annual+extra - page 24/32  75% of this pass   ~7 s left
 68.3% - doc 1/1 HOSE_BID Q3-2011 - layer 49/49 onnx@300+pad6+annual+extra - WARNING:     income_statement absent after 47 layer(s):
 68.3% - doc 1/1 HOSE_BID Q3-2011 - layer 49/49 onnx@300+pad6+annual+extra - WARNING:       [onnx@200] no such statement on any page of this filing
 68.3% - doc 1/1 HOSE_BID Q3-2011 - layer 49/49 onnx@300+pad6+annual+extra - WARNING:       [onnx@200+pad6+components] reconcile: only 8 rows parsed
 68.3% - doc 1/1 HOSE_BID Q3-2011 - layer 49/49 onnx@300+pad6+annual+extra - WARNING:       [onnx@300+pad6+annual+extra] reconcile: only 4 rows parsed
100.0% - doc 1/1 HOSE_BID Q3-2011 - accepted - Q3-2011: balance_sheet=55 items [onnx@200]; cash_flow=15 items [onnx@200]; absent ['income_statement']  (2.6 min)
100.0% - HOSE_BID - done - run folder -> /kaggle/working/reports/pdf_ocr/20260830-184157__hose_bid__pdf_ocr
