symbol       : HOSE_TCB
template     : bank   (detect_template (CafeF fingerprint, over the network))
documents    : 7  (Q1-2013, Q3-2013, Q1-2014, Q3-2014, Q1-2015, Q3-2015, Q1-2016)
quarters     : ['2013-Q1', '2013-Q3', '2014-Q1', '2014-Q3', '2015-Q1', '2015-Q3', '2016-Q1']   selected ['2013-Q1', '2013-Q3', '2014-Q1', '2014-Q3', '2015-Q1', '2015-Q3', '2016-Q1']
cascade      : 3 of 47 layers
data root    : D:\GIT\master-thesis\raw_data\cafef
models       : det=deepdoc_det.onnx vietocr=vgg_seq2seq.pth

[doc 1/7  14% of DOCUMENTS, not of time] HOSE_TCB__Q1-2013  Q1-2013_bao_cao_tai_chinh_hop_nhat_quy_1_nam_2013.pdf  9.5 MB  bank/consolidated
WARNING: Q1-2013: the magnitude band is EMPTY, so `sane` will FAIL OPEN — this ticker has no accepted quarters on disk to reconstruct one from.
  [layer 1/3  33% of POSITIONS] onnx@200+unit+tail
    [ocr page 1/46   2% of PAGES — the only fraction here that predicts time]
    [ocr page 5/46  10% of PAGES — the only fraction here that predicts time]  ~130 s left
WARNING:     cash flow: the FX line printed no figure and its label rode onto the closing balance — 2,144,051,645,000,000 moved from `hdtc_vi_dieu_chinh_anh_huong_cua_thay_doi_ty_gia` to `hdtc_vii_tien_va_cac_khoan_tuong_duong_tien_tai_thoi_diem_cuoi_ky`, FX left empty
  [layer 2/3  67% of POSITIONS] onnx@200+unit+tail+relax   (cached parse, re-map only)
  [layer 3/3 100% of POSITIONS] onnx@200+unit
    [ocr page 1/46   2% of PAGES — the only fraction here that predicts time]
    [ocr page 6/46  13% of PAGES — the only fraction here that predicts time]  ~58 s left
WARNING:     balance_sheet absent after 3 layer(s):
WARNING:       [onnx@200+unit+tail] reconcile: assets != liabilities + equity
WARNING:     income_statement absent after 3 layer(s):
WARNING:       [onnx@200+unit+tail] reconcile: 3 figure(s) split across two boxes — this reading is fragmented
  Q1-2013: cash_flow=21 items [onnx@200+unit+tail]; absent ['balance_sheet', 'income_statement']  (2.8 min)
[doc 2/7  29% of DOCUMENTS, not of time] HOSE_TCB__Q3-2013  Q3-2013_bao_cao_tai_chinh_hop_nhat_quy_3_nam_2013.pdf  1.6 MB  bank/consolidated
WARNING: Q3-2013: the magnitude band is EMPTY, so `sane` will FAIL OPEN — this ticker has no accepted quarters on disk to reconstruct one from.
  [layer 1/3  33% of POSITIONS] onnx@200+unit+tail
    [ocr page 1/47   2% of PAGES — the only fraction here that predicts time]
    [ocr page 6/47  12% of PAGES — the only fraction here that predicts time]  ~73 s left
  [layer 2/3  67% of POSITIONS] onnx@200+unit+tail+relax   (cached parse, re-map only)
  [layer 3/3 100% of POSITIONS] onnx@200+unit
    [ocr page 1/47   2% of PAGES — the only fraction here that predicts time]
    [ocr page 6/47  12% of PAGES — the only fraction here that predicts time]  ~62 s left
WARNING:     income_statement absent after 3 layer(s):
WARNING:       [onnx@200+unit+tail] reconcile: 7 figure(s) split across two boxes — this reading is fragmented
  Q3-2013: balance_sheet=24 items [onnx@200+unit+tail]; cash_flow=19 items [onnx@200+unit+tail]; absent ['income_statement']  (3.3 min)
[doc 3/7  43% of DOCUMENTS, not of time] HOSE_TCB__Q1-2014  Q1-2014_bao_cao_tai_chinh_hop_nhat_quy_1_nam_2014.pdf  2.9 MB  bank/consolidated
WARNING: Q1-2014: the magnitude band is EMPTY, so `sane` will FAIL OPEN — this ticker has no accepted quarters on disk to reconstruct one from.
  [layer 1/3  33% of POSITIONS] onnx@200+unit+tail
    [ocr page 1/63   1% of PAGES — the only fraction here that predicts time]
    [ocr page 7/63  11% of PAGES — the only fraction here that predicts time]  ~77 s left
  Q1-2014: balance_sheet=44 items [onnx@200+unit+tail]; income_statement=21 items [onnx@200+unit+tail]; cash_flow=17 items [onnx@200+unit+tail]  (2.0 min)
[doc 4/7  57% of DOCUMENTS, not of time] HOSE_TCB__Q3-2014  Q3-2014_bao_cao_tai_chinh_hop_nhat_quy_3_nam_2014.pdf  1.9 MB  bank/consolidated
WARNING: Q3-2014: the magnitude band is EMPTY, so `sane` will FAIL OPEN — this ticker has no accepted quarters on disk to reconstruct one from.
  [layer 1/3  33% of POSITIONS] onnx@200+unit+tail
    [ocr page 1/62   1% of PAGES — the only fraction here that predicts time]
    [ocr page 7/62  11% of PAGES — the only fraction here that predicts time]  ~61 s left
