  0.0% - HOSE_ACB - plan - overall %    : documents finished + OCR passes done of the 7 this 50-layer cascade can cost, over 2 document(s) — a POSITION IN THE PLAN, never a fraction of the time
  0.0% - HOSE_ACB - plan - symbol       : HOSE_ACB
  0.0% - HOSE_ACB - plan - template     : bank   (templates.csv)
  0.0% - HOSE_ACB - plan - documents    : 2  (Q2-2009, Q3-2009)
  0.0% - HOSE_ACB - plan - quarters     : ['2009-Q2', '2009-Q3']   selected ['2009-Q2', '2009-Q3']
  0.0% - HOSE_ACB - plan - skipped      : 0 quarter(s) already `pdf` in all three statements
  0.0% - HOSE_ACB - plan - cascade      : 50 of 50 layers
  0.0% - HOSE_ACB - plan - data root    : D:\GIT\master-thesis\raw_data\cafef
  0.0% - HOSE_ACB - plan - models       : det=deepdoc_det.onnx vietocr=vgg_seq2seq.pth
  0.0% - HOSE_ACB - plan - vietocr cfg  : D:\GIT\master-thesis\src\web_scraper\models\vietocr_vgg_seq2seq.yml
  0.0% - HOSE_ACB - plan - upsert       : ON — each finished quarter is upserted into the statement CSVs   (force_empty_band: a ticker with no history on disk is bootstrapped, UNGUARDED by `sane`)
  0.0% - doc 1/2 HOSE_ACB Q2-2009 - open - Q2-2009_bao_cao_tai_chinh_quy_2_nam_2009.pdf  0.8 MB  bank/parent
  0.0% - doc 1/2 HOSE_ACB Q2-2009 - band - WARNING: Q2-2009: the magnitude band is EMPTY, so `sane` will FAIL OPEN — this ticker has no accepted quarters on disk to reconstruct one from.
  0.0% - doc 1/2 HOSE_ACB Q2-2009 - layer 1/50 onnx@200 - OCR pass 1/7
  2.4% - doc 1/2 HOSE_ACB Q2-2009 - layer 1/50 onnx@200 - page 1/3  33% of this pass
  4.8% - doc 1/2 HOSE_ACB Q2-2009 - layer 1/50 onnx@200 - page 2/3  66% of this pass
  7.1% - doc 1/2 HOSE_ACB Q2-2009 - layer 1/50 onnx@200 - page 3/3 100% of this pass   ~0 s left
  7.1% - doc 1/2 HOSE_ACB Q2-2009 - layer 2/50 onnx@300 - OCR pass 2/7
  9.5% - doc 1/2 HOSE_ACB Q2-2009 - layer 2/50 onnx@300 - page 1/3  33% of this pass
 11.9% - doc 1/2 HOSE_ACB Q2-2009 - layer 2/50 onnx@300 - page 2/3  66% of this pass
 14.3% - doc 1/2 HOSE_ACB Q2-2009 - layer 2/50 onnx@300 - page 3/3 100% of this pass   ~0 s left
 14.3% - doc 1/2 HOSE_ACB Q2-2009 - layer 3/50 onnx@400 - OCR pass 3/7
 16.7% - doc 1/2 HOSE_ACB Q2-2009 - layer 3/50 onnx@400 - page 1/3  33% of this pass
 19.0% - doc 1/2 HOSE_ACB Q2-2009 - layer 3/50 onnx@400 - page 2/3  66% of this pass
 21.4% - doc 1/2 HOSE_ACB Q2-2009 - layer 3/50 onnx@400 - page 3/3 100% of this pass   ~0 s left
 21.4% - doc 1/2 HOSE_ACB Q2-2009 - layer 4/50 tesseract@200 - OCR pass 4/7
 23.8% - doc 1/2 HOSE_ACB Q2-2009 - layer 4/50 tesseract@200 - page 1/3  33% of this pass
 26.2% - doc 1/2 HOSE_ACB Q2-2009 - layer 4/50 tesseract@200 - page 2/3  66% of this pass
 28.6% - doc 1/2 HOSE_ACB Q2-2009 - layer 4/50 tesseract@200 - page 3/3 100% of this pass   ~0 s left
 28.6% - doc 1/2 HOSE_ACB Q2-2009 - layer 5/50 onnx@200+relax - cached parse, re-map only
 28.6% - doc 1/2 HOSE_ACB Q2-2009 - layer 6/50 onnx@300+relax - cached parse, re-map only
 28.6% - doc 1/2 HOSE_ACB Q2-2009 - layer 7/50 tesseract@400+relax - OCR pass 5/7
 31.0% - doc 1/2 HOSE_ACB Q2-2009 - layer 7/50 tesseract@400+relax - page 1/3  33% of this pass
 33.3% - doc 1/2 HOSE_ACB Q2-2009 - layer 7/50 tesseract@400+relax - page 2/3  66% of this pass
 35.7% - doc 1/2 HOSE_ACB Q2-2009 - layer 7/50 tesseract@400+relax - page 3/3 100% of this pass   ~0 s left
 35.7% - doc 1/2 HOSE_ACB Q2-2009 - layer 8/50 onnx@200+components - cached parse, re-map only
 35.7% - doc 1/2 HOSE_ACB Q2-2009 - layer 9/50 onnx@300+components - cached parse, re-map only
 35.7% - doc 1/2 HOSE_ACB Q2-2009 - layer 10/50 onnx@200+relax+components - cached parse, re-map only
 35.7% - doc 1/2 HOSE_ACB Q2-2009 - layer 11/50 onnx@200+pad6+components - OCR pass 6/7
 38.1% - doc 1/2 HOSE_ACB Q2-2009 - layer 11/50 onnx@200+pad6+components - page 1/3  33% of this pass
 40.5% - doc 1/2 HOSE_ACB Q2-2009 - layer 11/50 onnx@200+pad6+components - page 2/3  66% of this pass
 42.9% - doc 1/2 HOSE_ACB Q2-2009 - layer 11/50 onnx@200+pad6+components - page 3/3 100% of this pass   ~0 s left
 42.9% - doc 1/2 HOSE_ACB Q2-2009 - layer 12/50 onnx@200+pad6+relax+components - cached parse, re-map only
 42.9% - doc 1/2 HOSE_ACB Q2-2009 - layer 13/50 onnx@300+split - cached parse, re-map only
 42.9% - doc 1/2 HOSE_ACB Q2-2009 - layer 14/50 onnx@300+split+components - cached parse, re-map only
 42.9% - doc 1/2 HOSE_ACB Q2-2009 - layer 15/50 onnx@200+join+components - cached parse, re-map only
 42.9% - doc 1/2 HOSE_ACB Q2-2009 - layer 15/50 onnx@200+join+components - page 1/3  33% of this pass
 42.9% - doc 1/2 HOSE_ACB Q2-2009 - layer 15/50 onnx@200+join+components - page 2/3  66% of this pass
 42.9% - doc 1/2 HOSE_ACB Q2-2009 - layer 15/50 onnx@200+join+components - page 3/3 100% of this pass   ~0 s left
 42.9% - doc 1/2 HOSE_ACB Q2-2009 - layer 16/50 onnx@200+join+relax+components - cached parse, re-map only
 42.9% - doc 1/2 HOSE_ACB Q2-2009 - layer 17/50 onnx@200+title - cached parse, re-map only
 42.9% - doc 1/2 HOSE_ACB Q2-2009 - layer 17/50 onnx@200+title - page 1/3  33% of this pass
 42.9% - doc 1/2 HOSE_ACB Q2-2009 - layer 17/50 onnx@200+title - page 2/3  66% of this pass
 42.9% - doc 1/2 HOSE_ACB Q2-2009 - layer 17/50 onnx@200+title - page 3/3 100% of this pass   ~0 s left
 42.9% - doc 1/2 HOSE_ACB Q2-2009 - layer 18/50 onnx@200+title+relax - cached parse, re-map only
 42.9% - doc 1/2 HOSE_ACB Q2-2009 - layer 19/50 onnx@200+loose - cached parse, re-map only
 42.9% - doc 1/2 HOSE_ACB Q2-2009 - layer 19/50 onnx@200+loose - page 1/3  33% of this pass
 42.9% - doc 1/2 HOSE_ACB Q2-2009 - layer 19/50 onnx@200+loose - page 2/3  66% of this pass
 42.9% - doc 1/2 HOSE_ACB Q2-2009 - layer 19/50 onnx@200+loose - page 3/3 100% of this pass   ~0 s left
 42.9% - doc 1/2 HOSE_ACB Q2-2009 - layer 20/50 onnx@200+loose+relax - cached parse, re-map only
 42.9% - doc 1/2 HOSE_ACB Q2-2009 - layer 21/50 onnx@400+loose - cached parse, re-map only
 42.9% - doc 1/2 HOSE_ACB Q2-2009 - layer 21/50 onnx@400+loose - page 1/3  33% of this pass
 42.9% - doc 1/2 HOSE_ACB Q2-2009 - layer 21/50 onnx@400+loose - page 2/3  66% of this pass
 42.9% - doc 1/2 HOSE_ACB Q2-2009 - layer 21/50 onnx@400+loose - page 3/3 100% of this pass   ~0 s left
 42.9% - doc 1/2 HOSE_ACB Q2-2009 - layer 22/50 onnx@400+loose+relax - cached parse, re-map only
 42.9% - doc 1/2 HOSE_ACB Q2-2009 - layer 23/50 onnx@300+loose - cached parse, re-map only
 42.9% - doc 1/2 HOSE_ACB Q2-2009 - layer 23/50 onnx@300+loose - page 1/3  33% of this pass
 42.9% - doc 1/2 HOSE_ACB Q2-2009 - layer 23/50 onnx@300+loose - page 2/3  66% of this pass
 42.9% - doc 1/2 HOSE_ACB Q2-2009 - layer 23/50 onnx@300+loose - page 3/3 100% of this pass   ~0 s left
 42.9% - doc 1/2 HOSE_ACB Q2-2009 - layer 24/50 onnx@300+loose+relax - cached parse, re-map only
 42.9% - doc 1/2 HOSE_ACB Q2-2009 - layer 25/50 onnx@200+title+loose - cached parse, re-map only
 42.9% - doc 1/2 HOSE_ACB Q2-2009 - layer 25/50 onnx@200+title+loose - page 1/3  33% of this pass
 42.9% - doc 1/2 HOSE_ACB Q2-2009 - layer 25/50 onnx@200+title+loose - page 2/3  66% of this pass
 42.9% - doc 1/2 HOSE_ACB Q2-2009 - layer 25/50 onnx@200+title+loose - page 3/3 100% of this pass   ~0 s left
 42.9% - doc 1/2 HOSE_ACB Q2-2009 - layer 26/50 onnx@200+title+loose+relax - cached parse, re-map only
 42.9% - doc 1/2 HOSE_ACB Q2-2009 - layer 27/50 onnx@200+realign - cached parse, re-map only
 42.9% - doc 1/2 HOSE_ACB Q2-2009 - layer 27/50 onnx@200+realign - page 1/3  33% of this pass
 42.9% - doc 1/2 HOSE_ACB Q2-2009 - layer 27/50 onnx@200+realign - page 2/3  66% of this pass
 42.9% - doc 1/2 HOSE_ACB Q2-2009 - layer 27/50 onnx@200+realign - page 3/3 100% of this pass   ~0 s left
 42.9% - doc 1/2 HOSE_ACB Q2-2009 - layer 28/50 onnx@200+realign+relax - cached parse, re-map only
 42.9% - doc 1/2 HOSE_ACB Q2-2009 - layer 29/50 onnx@300+realign - cached parse, re-map only
 42.9% - doc 1/2 HOSE_ACB Q2-2009 - layer 29/50 onnx@300+realign - page 1/3  33% of this pass
 42.9% - doc 1/2 HOSE_ACB Q2-2009 - layer 29/50 onnx@300+realign - page 2/3  66% of this pass
 42.9% - doc 1/2 HOSE_ACB Q2-2009 - layer 29/50 onnx@300+realign - page 3/3 100% of this pass   ~0 s left
 42.9% - doc 1/2 HOSE_ACB Q2-2009 - layer 30/50 onnx@300+realign+relax - cached parse, re-map only
 42.9% - doc 1/2 HOSE_ACB Q2-2009 - layer 31/50 onnx@200+realign+relax+components - cached parse, re-map only
 42.9% - doc 1/2 HOSE_ACB Q2-2009 - layer 32/50 onnx@200+notes+seam - cached parse, re-map only
 42.9% - doc 1/2 HOSE_ACB Q2-2009 - layer 32/50 onnx@200+notes+seam - page 1/3  33% of this pass
 42.9% - doc 1/2 HOSE_ACB Q2-2009 - layer 32/50 onnx@200+notes+seam - page 2/3  66% of this pass
 42.9% - doc 1/2 HOSE_ACB Q2-2009 - layer 32/50 onnx@200+notes+seam - page 3/3 100% of this pass   ~0 s left
 42.9% - doc 1/2 HOSE_ACB Q2-2009 - layer 33/50 onnx@200+notes+seam+relax - cached parse, re-map only
 42.9% - doc 1/2 HOSE_ACB Q2-2009 - layer 34/50 onnx@300+notes+seam - cached parse, re-map only
 42.9% - doc 1/2 HOSE_ACB Q2-2009 - layer 34/50 onnx@300+notes+seam - page 1/3  33% of this pass
 42.9% - doc 1/2 HOSE_ACB Q2-2009 - layer 34/50 onnx@300+notes+seam - page 2/3  66% of this pass
 42.9% - doc 1/2 HOSE_ACB Q2-2009 - layer 34/50 onnx@300+notes+seam - page 3/3 100% of this pass   ~0 s left
 42.9% - doc 1/2 HOSE_ACB Q2-2009 - layer 35/50 onnx@200+notes+seam+realign - cached parse, re-map only
 42.9% - doc 1/2 HOSE_ACB Q2-2009 - layer 35/50 onnx@200+notes+seam+realign - page 1/3  33% of this pass
 42.9% - doc 1/2 HOSE_ACB Q2-2009 - layer 35/50 onnx@200+notes+seam+realign - page 2/3  66% of this pass
 42.9% - doc 1/2 HOSE_ACB Q2-2009 - layer 35/50 onnx@200+notes+seam+realign - page 3/3 100% of this pass   ~0 s left
 42.9% - doc 1/2 HOSE_ACB Q2-2009 - layer 36/50 onnx@200+notes - cached parse, re-map only
 42.9% - doc 1/2 HOSE_ACB Q2-2009 - layer 37/50 onnx@200+tail - cached parse, re-map only
 42.9% - doc 1/2 HOSE_ACB Q2-2009 - layer 37/50 onnx@200+tail - page 1/3  33% of this pass
 42.9% - doc 1/2 HOSE_ACB Q2-2009 - layer 37/50 onnx@200+tail - page 2/3  66% of this pass
 42.9% - doc 1/2 HOSE_ACB Q2-2009 - layer 37/50 onnx@200+tail - page 3/3 100% of this pass   ~0 s left
 42.9% - doc 1/2 HOSE_ACB Q2-2009 - layer 38/50 onnx@200+tail+relax - cached parse, re-map only
 42.9% - doc 1/2 HOSE_ACB Q2-2009 - layer 39/50 onnx@300+tail - cached parse, re-map only
 42.9% - doc 1/2 HOSE_ACB Q2-2009 - layer 39/50 onnx@300+tail - page 1/3  33% of this pass
 42.9% - doc 1/2 HOSE_ACB Q2-2009 - layer 39/50 onnx@300+tail - page 2/3  66% of this pass
 42.9% - doc 1/2 HOSE_ACB Q2-2009 - layer 39/50 onnx@300+tail - page 3/3 100% of this pass   ~0 s left
 42.9% - doc 1/2 HOSE_ACB Q2-2009 - layer 40/50 onnx@200+tail+relax+components - cached parse, re-map only
 42.9% - doc 1/2 HOSE_ACB Q2-2009 - layer 41/50 onnx@200+unit+tail - cached parse, re-map only
 42.9% - doc 1/2 HOSE_ACB Q2-2009 - layer 41/50 onnx@200+unit+tail - page 1/3  33% of this pass
 42.9% - doc 1/2 HOSE_ACB Q2-2009 - layer 41/50 onnx@200+unit+tail - page 2/3  66% of this pass
 42.9% - doc 1/2 HOSE_ACB Q2-2009 - layer 41/50 onnx@200+unit+tail - page 3/3 100% of this pass   ~0 s left
 42.9% - doc 1/2 HOSE_ACB Q2-2009 - layer 42/50 onnx@200+unit+tail+relax - cached parse, re-map only
 42.9% - doc 1/2 HOSE_ACB Q2-2009 - layer 43/50 onnx@200+unit - cached parse, re-map only
 42.9% - doc 1/2 HOSE_ACB Q2-2009 - layer 43/50 onnx@200+unit - page 1/3  33% of this pass
 42.9% - doc 1/2 HOSE_ACB Q2-2009 - layer 43/50 onnx@200+unit - page 2/3  66% of this pass
 42.9% - doc 1/2 HOSE_ACB Q2-2009 - layer 43/50 onnx@200+unit - page 3/3 100% of this pass   ~0 s left
 42.9% - doc 1/2 HOSE_ACB Q2-2009 - layer 44/50 onnx@300+unit+tail - cached parse, re-map only
 42.9% - doc 1/2 HOSE_ACB Q2-2009 - layer 44/50 onnx@300+unit+tail - page 1/3  33% of this pass
 42.9% - doc 1/2 HOSE_ACB Q2-2009 - layer 44/50 onnx@300+unit+tail - page 2/3  66% of this pass
 42.9% - doc 1/2 HOSE_ACB Q2-2009 - layer 44/50 onnx@300+unit+tail - page 3/3 100% of this pass   ~0 s left
 42.9% - doc 1/2 HOSE_ACB Q2-2009 - layer 45/50 onnx@300+unit - cached parse, re-map only
 42.9% - doc 1/2 HOSE_ACB Q2-2009 - layer 45/50 onnx@300+unit - page 1/3  33% of this pass
 42.9% - doc 1/2 HOSE_ACB Q2-2009 - layer 45/50 onnx@300+unit - page 2/3  66% of this pass
 42.9% - doc 1/2 HOSE_ACB Q2-2009 - layer 45/50 onnx@300+unit - page 3/3 100% of this pass   ~0 s left
 42.9% - doc 1/2 HOSE_ACB Q2-2009 - layer 46/50 onnx@200+annual+relax - cached parse, re-map only
 42.9% - doc 1/2 HOSE_ACB Q2-2009 - layer 47/50 onnx@200+pad6+annual+extra - cached parse, re-map only
 42.9% - doc 1/2 HOSE_ACB Q2-2009 - layer 48/50 onnx@200+pad6+extra - cached parse, re-map only
 42.9% - doc 1/2 HOSE_ACB Q2-2009 - layer 49/50 onnx@300+pad6+annual+extra - OCR pass 7/7
 45.2% - doc 1/2 HOSE_ACB Q2-2009 - layer 49/50 onnx@300+pad6+annual+extra - page 1/3  33% of this pass
 47.6% - doc 1/2 HOSE_ACB Q2-2009 - layer 49/50 onnx@300+pad6+annual+extra - page 2/3  66% of this pass
 50.0% - doc 1/2 HOSE_ACB Q2-2009 - layer 49/50 onnx@300+pad6+annual+extra - page 3/3 100% of this pass   ~0 s left
 50.0% - doc 1/2 HOSE_ACB Q2-2009 - layer 50/50 onnx@200+unit+condensed - cached parse, re-map only
 50.0% - doc 1/2 HOSE_ACB Q2-2009 - layer 50/50 onnx@200+unit+condensed - WARNING:     cash_flow absent after 50 layer(s):
 50.0% - doc 1/2 HOSE_ACB Q2-2009 - layer 50/50 onnx@200+unit+condensed - WARNING:       [onnx@200] no such statement on any page of this filing
 50.0% - doc 1/2 HOSE_ACB Q2-2009 - accepted - Q2-2009: balance_sheet=19 items [onnx@200]; income_statement=2 items [onnx@200+unit+condensed]; absent ['cash_flow']  (0.5 min)
 50.0% - doc 1/2 HOSE_ACB Q2-2009 - merge - skip   Q2-2009   balance_sheet      [onnx@200] 19 items              DIFFERS from a `pdf` row on disk in 2 column(s) — two runs disagree, and the newer one is not automatically the right one
 50.0% - doc 1/2 HOSE_ACB Q2-2009 - merge - tong_no_phai_tra_va_von_chu_so_huu                       129788150000000 -> None
 50.0% - doc 1/2 HOSE_ACB Q2-2009 - merge - v_cac_cong_cu_tai_chinh_phai_sinh_va_cac_tai_san_tai_chinh_khac None -> 816527000000
 50.0% - doc 1/2 HOSE_ACB Q2-2009 - merge - skip   Q2-2009   cash_flow                                           absent in this run
 50.0% - doc 1/2 HOSE_ACB Q2-2009 - merge - skip   Q2-2009   income_statement   [onnx@200+unit+condensed] 2 items identical to the row already on disk
 50.0% - doc 1/2 HOSE_ACB Q2-2009 - merge - DRY RUN — 0 statement(s) would be written. Pass apply=True to write them.
 50.0% - doc 2/2 HOSE_ACB Q3-2009 - open - Q3-2009_bao_cao_tai_chinh_quy_3_nam_2009.pdf  0.3 MB  bank/parent
 50.0% - doc 2/2 HOSE_ACB Q3-2009 - band - balance 1, income 0, cash 0   open_ref=—
 50.0% - doc 2/2 HOSE_ACB Q3-2009 - layer 1/50 onnx@200 - OCR pass 1/7
 52.4% - doc 2/2 HOSE_ACB Q3-2009 - layer 1/50 onnx@200 - page 1/3  33% of this pass
 54.8% - doc 2/2 HOSE_ACB Q3-2009 - layer 1/50 onnx@200 - page 2/3  66% of this pass
 57.1% - doc 2/2 HOSE_ACB Q3-2009 - layer 1/50 onnx@200 - page 3/3 100% of this pass   ~0 s left
 57.1% - doc 2/2 HOSE_ACB Q3-2009 - layer 2/50 onnx@300 - OCR pass 2/7
 59.5% - doc 2/2 HOSE_ACB Q3-2009 - layer 2/50 onnx@300 - page 1/3  33% of this pass
 61.9% - doc 2/2 HOSE_ACB Q3-2009 - layer 2/50 onnx@300 - page 2/3  66% of this pass
 64.3% - doc 2/2 HOSE_ACB Q3-2009 - layer 2/50 onnx@300 - page 3/3 100% of this pass   ~0 s left
 64.3% - doc 2/2 HOSE_ACB Q3-2009 - layer 3/50 onnx@400 - OCR pass 3/7
 66.7% - doc 2/2 HOSE_ACB Q3-2009 - layer 3/50 onnx@400 - page 1/3  33% of this pass
 69.0% - doc 2/2 HOSE_ACB Q3-2009 - layer 3/50 onnx@400 - page 2/3  66% of this pass
 71.4% - doc 2/2 HOSE_ACB Q3-2009 - layer 3/50 onnx@400 - page 3/3 100% of this pass   ~0 s left
 71.4% - doc 2/2 HOSE_ACB Q3-2009 - layer 4/50 tesseract@200 - OCR pass 4/7
 73.8% - doc 2/2 HOSE_ACB Q3-2009 - layer 4/50 tesseract@200 - page 1/3  33% of this pass
 76.2% - doc 2/2 HOSE_ACB Q3-2009 - layer 4/50 tesseract@200 - page 2/3  66% of this pass
 78.6% - doc 2/2 HOSE_ACB Q3-2009 - layer 4/50 tesseract@200 - page 3/3 100% of this pass   ~0 s left
 78.6% - doc 2/2 HOSE_ACB Q3-2009 - layer 5/50 onnx@200+relax - cached parse, re-map only
 78.6% - doc 2/2 HOSE_ACB Q3-2009 - layer 6/50 onnx@300+relax - cached parse, re-map only
 78.6% - doc 2/2 HOSE_ACB Q3-2009 - layer 7/50 tesseract@400+relax - OCR pass 5/7
 81.0% - doc 2/2 HOSE_ACB Q3-2009 - layer 7/50 tesseract@400+relax - page 1/3  33% of this pass
 83.3% - doc 2/2 HOSE_ACB Q3-2009 - layer 7/50 tesseract@400+relax - page 2/3  66% of this pass
 85.7% - doc 2/2 HOSE_ACB Q3-2009 - layer 7/50 tesseract@400+relax - page 3/3 100% of this pass   ~0 s left
 85.7% - doc 2/2 HOSE_ACB Q3-2009 - layer 8/50 onnx@200+components - cached parse, re-map only
 85.7% - doc 2/2 HOSE_ACB Q3-2009 - layer 9/50 onnx@300+components - cached parse, re-map only
 85.7% - doc 2/2 HOSE_ACB Q3-2009 - layer 10/50 onnx@200+relax+components - cached parse, re-map only
 85.7% - doc 2/2 HOSE_ACB Q3-2009 - layer 11/50 onnx@200+pad6+components - OCR pass 6/7
 88.1% - doc 2/2 HOSE_ACB Q3-2009 - layer 11/50 onnx@200+pad6+components - page 1/3  33% of this pass
 90.5% - doc 2/2 HOSE_ACB Q3-2009 - layer 11/50 onnx@200+pad6+components - page 2/3  66% of this pass
 92.9% - doc 2/2 HOSE_ACB Q3-2009 - layer 11/50 onnx@200+pad6+components - page 3/3 100% of this pass   ~0 s left
 92.9% - doc 2/2 HOSE_ACB Q3-2009 - layer 12/50 onnx@200+pad6+relax+components - cached parse, re-map only
 92.9% - doc 2/2 HOSE_ACB Q3-2009 - layer 13/50 onnx@300+split - cached parse, re-map only
 92.9% - doc 2/2 HOSE_ACB Q3-2009 - layer 14/50 onnx@300+split+components - cached parse, re-map only
 92.9% - doc 2/2 HOSE_ACB Q3-2009 - layer 15/50 onnx@200+join+components - cached parse, re-map only
 92.9% - doc 2/2 HOSE_ACB Q3-2009 - layer 15/50 onnx@200+join+components - page 1/3  33% of this pass
 92.9% - doc 2/2 HOSE_ACB Q3-2009 - layer 15/50 onnx@200+join+components - page 2/3  66% of this pass
 92.9% - doc 2/2 HOSE_ACB Q3-2009 - layer 15/50 onnx@200+join+components - page 3/3 100% of this pass   ~0 s left
 92.9% - doc 2/2 HOSE_ACB Q3-2009 - layer 16/50 onnx@200+join+relax+components - cached parse, re-map only
 92.9% - doc 2/2 HOSE_ACB Q3-2009 - layer 17/50 onnx@200+title - cached parse, re-map only
 92.9% - doc 2/2 HOSE_ACB Q3-2009 - layer 17/50 onnx@200+title - page 1/3  33% of this pass
 92.9% - doc 2/2 HOSE_ACB Q3-2009 - layer 17/50 onnx@200+title - page 2/3  66% of this pass
 92.9% - doc 2/2 HOSE_ACB Q3-2009 - layer 17/50 onnx@200+title - page 3/3 100% of this pass   ~0 s left
 92.9% - doc 2/2 HOSE_ACB Q3-2009 - layer 18/50 onnx@200+title+relax - cached parse, re-map only
 92.9% - doc 2/2 HOSE_ACB Q3-2009 - layer 19/50 onnx@200+loose - cached parse, re-map only
 92.9% - doc 2/2 HOSE_ACB Q3-2009 - layer 19/50 onnx@200+loose - page 1/3  33% of this pass
 92.9% - doc 2/2 HOSE_ACB Q3-2009 - layer 19/50 onnx@200+loose - page 2/3  66% of this pass
 92.9% - doc 2/2 HOSE_ACB Q3-2009 - layer 19/50 onnx@200+loose - page 3/3 100% of this pass   ~0 s left
 92.9% - doc 2/2 HOSE_ACB Q3-2009 - layer 20/50 onnx@200+loose+relax - cached parse, re-map only
 92.9% - doc 2/2 HOSE_ACB Q3-2009 - layer 21/50 onnx@400+loose - cached parse, re-map only
 92.9% - doc 2/2 HOSE_ACB Q3-2009 - layer 21/50 onnx@400+loose - page 1/3  33% of this pass
 92.9% - doc 2/2 HOSE_ACB Q3-2009 - layer 21/50 onnx@400+loose - page 2/3  66% of this pass
 92.9% - doc 2/2 HOSE_ACB Q3-2009 - layer 21/50 onnx@400+loose - page 3/3 100% of this pass   ~0 s left
 92.9% - doc 2/2 HOSE_ACB Q3-2009 - layer 22/50 onnx@400+loose+relax - cached parse, re-map only
 92.9% - doc 2/2 HOSE_ACB Q3-2009 - layer 23/50 onnx@300+loose - cached parse, re-map only
 92.9% - doc 2/2 HOSE_ACB Q3-2009 - layer 23/50 onnx@300+loose - page 1/3  33% of this pass
 92.9% - doc 2/2 HOSE_ACB Q3-2009 - layer 23/50 onnx@300+loose - page 2/3  66% of this pass
 92.9% - doc 2/2 HOSE_ACB Q3-2009 - layer 23/50 onnx@300+loose - page 3/3 100% of this pass   ~0 s left
 92.9% - doc 2/2 HOSE_ACB Q3-2009 - layer 24/50 onnx@300+loose+relax - cached parse, re-map only
 92.9% - doc 2/2 HOSE_ACB Q3-2009 - layer 25/50 onnx@200+title+loose - cached parse, re-map only
 92.9% - doc 2/2 HOSE_ACB Q3-2009 - layer 25/50 onnx@200+title+loose - page 1/3  33% of this pass
 92.9% - doc 2/2 HOSE_ACB Q3-2009 - layer 25/50 onnx@200+title+loose - page 2/3  66% of this pass
 92.9% - doc 2/2 HOSE_ACB Q3-2009 - layer 25/50 onnx@200+title+loose - page 3/3 100% of this pass   ~0 s left
 92.9% - doc 2/2 HOSE_ACB Q3-2009 - layer 26/50 onnx@200+title+loose+relax - cached parse, re-map only
 92.9% - doc 2/2 HOSE_ACB Q3-2009 - layer 27/50 onnx@200+realign - cached parse, re-map only
 92.9% - doc 2/2 HOSE_ACB Q3-2009 - layer 27/50 onnx@200+realign - page 1/3  33% of this pass
 92.9% - doc 2/2 HOSE_ACB Q3-2009 - layer 27/50 onnx@200+realign - page 2/3  66% of this pass
 92.9% - doc 2/2 HOSE_ACB Q3-2009 - layer 27/50 onnx@200+realign - page 3/3 100% of this pass   ~0 s left
 92.9% - doc 2/2 HOSE_ACB Q3-2009 - layer 28/50 onnx@200+realign+relax - cached parse, re-map only
 92.9% - doc 2/2 HOSE_ACB Q3-2009 - layer 29/50 onnx@300+realign - cached parse, re-map only
 92.9% - doc 2/2 HOSE_ACB Q3-2009 - layer 29/50 onnx@300+realign - page 1/3  33% of this pass
 92.9% - doc 2/2 HOSE_ACB Q3-2009 - layer 29/50 onnx@300+realign - page 2/3  66% of this pass
 92.9% - doc 2/2 HOSE_ACB Q3-2009 - layer 29/50 onnx@300+realign - page 3/3 100% of this pass   ~0 s left
 92.9% - doc 2/2 HOSE_ACB Q3-2009 - layer 30/50 onnx@300+realign+relax - cached parse, re-map only
 92.9% - doc 2/2 HOSE_ACB Q3-2009 - layer 31/50 onnx@200+realign+relax+components - cached parse, re-map only
 92.9% - doc 2/2 HOSE_ACB Q3-2009 - layer 32/50 onnx@200+notes+seam - cached parse, re-map only
 92.9% - doc 2/2 HOSE_ACB Q3-2009 - layer 32/50 onnx@200+notes+seam - page 1/3  33% of this pass
 92.9% - doc 2/2 HOSE_ACB Q3-2009 - layer 32/50 onnx@200+notes+seam - page 2/3  66% of this pass
 92.9% - doc 2/2 HOSE_ACB Q3-2009 - layer 32/50 onnx@200+notes+seam - page 3/3 100% of this pass   ~0 s left
 92.9% - doc 2/2 HOSE_ACB Q3-2009 - layer 33/50 onnx@200+notes+seam+relax - cached parse, re-map only
 92.9% - doc 2/2 HOSE_ACB Q3-2009 - layer 34/50 onnx@300+notes+seam - cached parse, re-map only
 92.9% - doc 2/2 HOSE_ACB Q3-2009 - layer 34/50 onnx@300+notes+seam - page 1/3  33% of this pass
 92.9% - doc 2/2 HOSE_ACB Q3-2009 - layer 34/50 onnx@300+notes+seam - page 2/3  66% of this pass
 92.9% - doc 2/2 HOSE_ACB Q3-2009 - layer 34/50 onnx@300+notes+seam - page 3/3 100% of this pass   ~0 s left
 92.9% - doc 2/2 HOSE_ACB Q3-2009 - layer 35/50 onnx@200+notes+seam+realign - cached parse, re-map only
 92.9% - doc 2/2 HOSE_ACB Q3-2009 - layer 35/50 onnx@200+notes+seam+realign - page 1/3  33% of this pass
 92.9% - doc 2/2 HOSE_ACB Q3-2009 - layer 35/50 onnx@200+notes+seam+realign - page 2/3  66% of this pass
 92.9% - doc 2/2 HOSE_ACB Q3-2009 - layer 35/50 onnx@200+notes+seam+realign - page 3/3 100% of this pass   ~0 s left
 92.9% - doc 2/2 HOSE_ACB Q3-2009 - layer 36/50 onnx@200+notes - cached parse, re-map only
 92.9% - doc 2/2 HOSE_ACB Q3-2009 - layer 37/50 onnx@200+tail - cached parse, re-map only
 92.9% - doc 2/2 HOSE_ACB Q3-2009 - layer 37/50 onnx@200+tail - page 1/3  33% of this pass
 92.9% - doc 2/2 HOSE_ACB Q3-2009 - layer 37/50 onnx@200+tail - page 2/3  66% of this pass
 92.9% - doc 2/2 HOSE_ACB Q3-2009 - layer 37/50 onnx@200+tail - page 3/3 100% of this pass   ~0 s left
 92.9% - doc 2/2 HOSE_ACB Q3-2009 - layer 38/50 onnx@200+tail+relax - cached parse, re-map only
 92.9% - doc 2/2 HOSE_ACB Q3-2009 - layer 39/50 onnx@300+tail - cached parse, re-map only
 92.9% - doc 2/2 HOSE_ACB Q3-2009 - layer 39/50 onnx@300+tail - page 1/3  33% of this pass
 92.9% - doc 2/2 HOSE_ACB Q3-2009 - layer 39/50 onnx@300+tail - page 2/3  66% of this pass
 92.9% - doc 2/2 HOSE_ACB Q3-2009 - layer 39/50 onnx@300+tail - page 3/3 100% of this pass   ~0 s left
 92.9% - doc 2/2 HOSE_ACB Q3-2009 - layer 40/50 onnx@200+tail+relax+components - cached parse, re-map only
 92.9% - doc 2/2 HOSE_ACB Q3-2009 - layer 41/50 onnx@200+unit+tail - cached parse, re-map only
 92.9% - doc 2/2 HOSE_ACB Q3-2009 - layer 41/50 onnx@200+unit+tail - page 1/3  33% of this pass
 92.9% - doc 2/2 HOSE_ACB Q3-2009 - layer 41/50 onnx@200+unit+tail - page 2/3  66% of this pass
 92.9% - doc 2/2 HOSE_ACB Q3-2009 - layer 41/50 onnx@200+unit+tail - page 3/3 100% of this pass   ~0 s left
 92.9% - doc 2/2 HOSE_ACB Q3-2009 - layer 42/50 onnx@200+unit+tail+relax - cached parse, re-map only
 92.9% - doc 2/2 HOSE_ACB Q3-2009 - layer 43/50 onnx@200+unit - cached parse, re-map only
 92.9% - doc 2/2 HOSE_ACB Q3-2009 - layer 43/50 onnx@200+unit - page 1/3  33% of this pass
 92.9% - doc 2/2 HOSE_ACB Q3-2009 - layer 43/50 onnx@200+unit - page 2/3  66% of this pass
 92.9% - doc 2/2 HOSE_ACB Q3-2009 - layer 43/50 onnx@200+unit - page 3/3 100% of this pass   ~0 s left
 92.9% - doc 2/2 HOSE_ACB Q3-2009 - layer 44/50 onnx@300+unit+tail - cached parse, re-map only
 92.9% - doc 2/2 HOSE_ACB Q3-2009 - layer 44/50 onnx@300+unit+tail - page 1/3  33% of this pass
 92.9% - doc 2/2 HOSE_ACB Q3-2009 - layer 44/50 onnx@300+unit+tail - page 2/3  66% of this pass
 92.9% - doc 2/2 HOSE_ACB Q3-2009 - layer 44/50 onnx@300+unit+tail - page 3/3 100% of this pass   ~0 s left
 92.9% - doc 2/2 HOSE_ACB Q3-2009 - layer 45/50 onnx@300+unit - cached parse, re-map only
 92.9% - doc 2/2 HOSE_ACB Q3-2009 - layer 45/50 onnx@300+unit - page 1/3  33% of this pass
 92.9% - doc 2/2 HOSE_ACB Q3-2009 - layer 45/50 onnx@300+unit - page 2/3  66% of this pass
 92.9% - doc 2/2 HOSE_ACB Q3-2009 - layer 45/50 onnx@300+unit - page 3/3 100% of this pass   ~0 s left
 92.9% - doc 2/2 HOSE_ACB Q3-2009 - layer 46/50 onnx@200+annual+relax - cached parse, re-map only
 92.9% - doc 2/2 HOSE_ACB Q3-2009 - layer 47/50 onnx@200+pad6+annual+extra - cached parse, re-map only
 92.9% - doc 2/2 HOSE_ACB Q3-2009 - layer 48/50 onnx@200+pad6+extra - cached parse, re-map only
 92.9% - doc 2/2 HOSE_ACB Q3-2009 - layer 49/50 onnx@300+pad6+annual+extra - OCR pass 7/7
 95.2% - doc 2/2 HOSE_ACB Q3-2009 - layer 49/50 onnx@300+pad6+annual+extra - page 1/3  33% of this pass
 97.6% - doc 2/2 HOSE_ACB Q3-2009 - layer 49/50 onnx@300+pad6+annual+extra - page 2/3  66% of this pass
100.0% - doc 2/2 HOSE_ACB Q3-2009 - layer 49/50 onnx@300+pad6+annual+extra - page 3/3 100% of this pass   ~0 s left
100.0% - doc 2/2 HOSE_ACB Q3-2009 - layer 50/50 onnx@200+unit+condensed - cached parse, re-map only
100.0% - doc 2/2 HOSE_ACB Q3-2009 - layer 50/50 onnx@200+unit+condensed - WARNING:     cash_flow absent after 50 layer(s):
100.0% - doc 2/2 HOSE_ACB Q3-2009 - layer 50/50 onnx@200+unit+condensed - WARNING:       [onnx@200] no such statement on any page of this filing
100.0% - doc 2/2 HOSE_ACB Q3-2009 - accepted - Q3-2009: balance_sheet=20 items [onnx@200]; income_statement=2 items [onnx@200]; absent ['cash_flow']  (0.0 min)
100.0% - doc 2/2 HOSE_ACB Q3-2009 - merge - skip   Q3-2009   balance_sheet      [onnx@200] 20 items              identical to the row already on disk
100.0% - doc 2/2 HOSE_ACB Q3-2009 - merge - skip   Q3-2009   cash_flow                                           absent in this run
100.0% - doc 2/2 HOSE_ACB Q3-2009 - merge - skip   Q3-2009   income_statement   [onnx@200] 2 items               identical to the row already on disk
100.0% - doc 2/2 HOSE_ACB Q3-2009 - merge - DRY RUN — 0 statement(s) would be written. Pass apply=True to write them.
100.0% - HOSE_ACB - done - run folder -> D:\GIT\master-thesis\reports\pdf_ocr\20260831-000630__hose_acb__pdf_ocr
