symbol       : HOSE_TCB
template     : bank   (detect_template (CafeF fingerprint, over the network))
documents    : 1  (Q3-2013)
quarters     : ['2013-Q3']   selected ['2013-Q3']
skipped      : 0 quarter(s) already `pdf` in all three statements
cascade      : 47 of 47 layers
data root    : /kaggle/input/datasets/lyductrung/mt-cafef-filings-tcb-2013-q3/documents/data/cafef
models       : det=deepdoc_det.onnx vietocr=vgg_seq2seq.pth
vietocr cfg  : ⚠️ NONE — vietocr will FETCH base.yml from vocr.vn on every Predictor build, and a failure there falls the cascade through to tesseract

[doc 1/1 100% of DOCUMENTS, not of time] HOSE_TCB__Q3-2013  Q3-2013_bao_cao_tai_chinh_hop_nhat_quy_3_nam_2013.pdf  1.6 MB  bank/consolidated
  band: balance 5, income 7, cash 5   open_ref=34298612000000
  [layer 1/47   2% of POSITIONS] onnx@200
    [ocr page 1/47   2% of PAGES — the only fraction here that predicts time]
WARNING:     onnx@200: parse failed — RuntimeError: vietocr could not fetch its config for 'vgg_seq2seq' from vocr.vn: SSLError: HTTPSConnectionPool(host='vocr.vn', port=443): Max retries exceeded with url: /data/vietocr/config/base.yml (Caused by SSLError(SSLCertVerificationError(1, '[SSL: CERTIFICATE_VERIFY_FAILED] certificate verify failed: certificate has expired (_ssl.c:1010)')))
  This is the RECOGNISER's config, not its weights — vietocr downloads it on every Predictor build and caches nothing, so an unreachable or expired host takes the whole onnx engine down and the cascade falls through to tesseract with DIFFERENT figures.
  Put a merged base+arch yaml at /kaggle/working/src/web_scraper/models/vietocr_vgg_seq2seq.yml (or point CAFEF_ONNX_VIETOCR_CONFIG at one) and this stops being a dependency.
  [layer 2/47   4% of POSITIONS] onnx@300
    [ocr page 1/47   2% of PAGES — the only fraction here that predicts time]
WARNING:     onnx@300: parse failed — RuntimeError: vietocr could not fetch its config for 'vgg_seq2seq' from vocr.vn: SSLError: HTTPSConnectionPool(host='vocr.vn', port=443): Max retries exceeded with url: /data/vietocr/config/base.yml (Caused by SSLError(SSLCertVerificationError(1, '[SSL: CERTIFICATE_VERIFY_FAILED] certificate verify failed: certificate has expired (_ssl.c:1010)')))
  This is the RECOGNISER's config, not its weights — vietocr downloads it on every Predictor build and caches nothing, so an unreachable or expired host takes the whole onnx engine down and the cascade falls through to tesseract with DIFFERENT figures.
  Put a merged base+arch yaml at /kaggle/working/src/web_scraper/models/vietocr_vgg_seq2seq.yml (or point CAFEF_ONNX_VIETOCR_CONFIG at one) and this stops being a dependency.
  [layer 3/47   6% of POSITIONS] onnx@400
    [ocr page 1/47   2% of PAGES — the only fraction here that predicts time]
WARNING:     onnx@400: parse failed — RuntimeError: vietocr could not fetch its config for 'vgg_seq2seq' from vocr.vn: SSLError: HTTPSConnectionPool(host='vocr.vn', port=443): Max retries exceeded with url: /data/vietocr/config/base.yml (Caused by SSLError(SSLCertVerificationError(1, '[SSL: CERTIFICATE_VERIFY_FAILED] certificate verify failed: certificate has expired (_ssl.c:1010)')))
  This is the RECOGNISER's config, not its weights — vietocr downloads it on every Predictor build and caches nothing, so an unreachable or expired host takes the whole onnx engine down and the cascade falls through to tesseract with DIFFERENT figures.
  Put a merged base+arch yaml at /kaggle/working/src/web_scraper/models/vietocr_vgg_seq2seq.yml (or point CAFEF_ONNX_VIETOCR_CONFIG at one) and this stops being a dependency.
  [layer 5/47  11% of POSITIONS] onnx@200+relax   (cached parse, re-map only)
  [layer 6/47  13% of POSITIONS] onnx@300+relax   (cached parse, re-map only)
  [layer 8/47  17% of POSITIONS] onnx@200+components   (cached parse, re-map only)
  [layer 9/47  19% of POSITIONS] onnx@300+components   (cached parse, re-map only)
  [layer 10/47  21% of POSITIONS] onnx@200+relax+components   (cached parse, re-map only)
  [layer 11/47  23% of POSITIONS] onnx@200+pad6+components
    [ocr page 1/47   2% of PAGES — the only fraction here that predicts time]
WARNING:     onnx@200+pad6+components: parse failed — RuntimeError: vietocr could not fetch its config for 'vgg_seq2seq' from vocr.vn: SSLError: HTTPSConnectionPool(host='vocr.vn', port=443): Max retries exceeded with url: /data/vietocr/config/base.yml (Caused by SSLError(SSLCertVerificationError(1, '[SSL: CERTIFICATE_VERIFY_FAILED] certificate verify failed: certificate has expired (_ssl.c:1010)')))
  This is the RECOGNISER's config, not its weights — vietocr downloads it on every Predictor build and caches nothing, so an unreachable or expired host takes the whole onnx engine down and the cascade falls through to tesseract with DIFFERENT figures.
  Put a merged base+arch yaml at /kaggle/working/src/web_scraper/models/vietocr_vgg_seq2seq.yml (or point CAFEF_ONNX_VIETOCR_CONFIG at one) and this stops being a dependency.
  [layer 12/47  26% of POSITIONS] onnx@200+pad6+relax+components   (cached parse, re-map only)
  [layer 13/47  28% of POSITIONS] onnx@300+split   (cached parse, re-map only)
  [layer 14/47  30% of POSITIONS] onnx@300+split+components   (cached parse, re-map only)
  [layer 15/47  32% of POSITIONS] onnx@200+join+components
    [ocr page 1/47   2% of PAGES — the only fraction here that predicts time]
WARNING:     onnx@200+join+components: parse failed — RuntimeError: vietocr could not fetch its config for 'vgg_seq2seq' from vocr.vn: SSLError: HTTPSConnectionPool(host='vocr.vn', port=443): Max retries exceeded with url: /data/vietocr/config/base.yml (Caused by SSLError(SSLCertVerificationError(1, '[SSL: CERTIFICATE_VERIFY_FAILED] certificate verify failed: certificate has expired (_ssl.c:1010)')))
  This is the RECOGNISER's config, not its weights — vietocr downloads it on every Predictor build and caches nothing, so an unreachable or expired host takes the whole onnx engine down and the cascade falls through to tesseract with DIFFERENT figures.
  Put a merged base+arch yaml at /kaggle/working/src/web_scraper/models/vietocr_vgg_seq2seq.yml (or point CAFEF_ONNX_VIETOCR_CONFIG at one) and this stops being a dependency.
  [layer 16/47  34% of POSITIONS] onnx@200+join+relax+components   (cached parse, re-map only)
  [layer 17/47  36% of POSITIONS] onnx@200+title
    [ocr page 1/47   2% of PAGES — the only fraction here that predicts time]
WARNING:     onnx@200+title: parse failed — RuntimeError: vietocr could not fetch its config for 'vgg_seq2seq' from vocr.vn: SSLError: HTTPSConnectionPool(host='vocr.vn', port=443): Max retries exceeded with url: /data/vietocr/config/base.yml (Caused by SSLError(SSLCertVerificationError(1, '[SSL: CERTIFICATE_VERIFY_FAILED] certificate verify failed: certificate has expired (_ssl.c:1010)')))
  This is the RECOGNISER's config, not its weights — vietocr downloads it on every Predictor build and caches nothing, so an unreachable or expired host takes the whole onnx engine down and the cascade falls through to tesseract with DIFFERENT figures.
  Put a merged base+arch yaml at /kaggle/working/src/web_scraper/models/vietocr_vgg_seq2seq.yml (or point CAFEF_ONNX_VIETOCR_CONFIG at one) and this stops being a dependency.
  [layer 18/47  38% of POSITIONS] onnx@200+title+relax   (cached parse, re-map only)
  [layer 19/47  40% of POSITIONS] onnx@200+loose
    [ocr page 1/47   2% of PAGES — the only fraction here that predicts time]
WARNING:     onnx@200+loose: parse failed — RuntimeError: vietocr could not fetch its config for 'vgg_seq2seq' from vocr.vn: SSLError: HTTPSConnectionPool(host='vocr.vn', port=443): Max retries exceeded with url: /data/vietocr/config/base.yml (Caused by SSLError(SSLCertVerificationError(1, '[SSL: CERTIFICATE_VERIFY_FAILED] certificate verify failed: certificate has expired (_ssl.c:1010)')))
  This is the RECOGNISER's config, not its weights — vietocr downloads it on every Predictor build and caches nothing, so an unreachable or expired host takes the whole onnx engine down and the cascade falls through to tesseract with DIFFERENT figures.
  Put a merged base+arch yaml at /kaggle/working/src/web_scraper/models/vietocr_vgg_seq2seq.yml (or point CAFEF_ONNX_VIETOCR_CONFIG at one) and this stops being a dependency.
  [layer 20/47  43% of POSITIONS] onnx@200+loose+relax   (cached parse, re-map only)
  [layer 21/47  45% of POSITIONS] onnx@400+loose
    [ocr page 1/47   2% of PAGES — the only fraction here that predicts time]
WARNING:     onnx@400+loose: parse failed — RuntimeError: vietocr could not fetch its config for 'vgg_seq2seq' from vocr.vn: SSLError: HTTPSConnectionPool(host='vocr.vn', port=443): Max retries exceeded with url: /data/vietocr/config/base.yml (Caused by SSLError(SSLCertVerificationError(1, '[SSL: CERTIFICATE_VERIFY_FAILED] certificate verify failed: certificate has expired (_ssl.c:1010)')))
  This is the RECOGNISER's config, not its weights — vietocr downloads it on every Predictor build and caches nothing, so an unreachable or expired host takes the whole onnx engine down and the cascade falls through to tesseract with DIFFERENT figures.
  Put a merged base+arch yaml at /kaggle/working/src/web_scraper/models/vietocr_vgg_seq2seq.yml (or point CAFEF_ONNX_VIETOCR_CONFIG at one) and this stops being a dependency.
  [layer 22/47  47% of POSITIONS] onnx@400+loose+relax   (cached parse, re-map only)
  [layer 23/47  49% of POSITIONS] onnx@300+loose
    [ocr page 1/47   2% of PAGES — the only fraction here that predicts time]
WARNING:     onnx@300+loose: parse failed — RuntimeError: vietocr could not fetch its config for 'vgg_seq2seq' from vocr.vn: SSLError: HTTPSConnectionPool(host='vocr.vn', port=443): Max retries exceeded with url: /data/vietocr/config/base.yml (Caused by SSLError(SSLCertVerificationError(1, '[SSL: CERTIFICATE_VERIFY_FAILED] certificate verify failed: certificate has expired (_ssl.c:1010)')))
  This is the RECOGNISER's config, not its weights — vietocr downloads it on every Predictor build and caches nothing, so an unreachable or expired host takes the whole onnx engine down and the cascade falls through to tesseract with DIFFERENT figures.
  Put a merged base+arch yaml at /kaggle/working/src/web_scraper/models/vietocr_vgg_seq2seq.yml (or point CAFEF_ONNX_VIETOCR_CONFIG at one) and this stops being a dependency.
  [layer 24/47  51% of POSITIONS] onnx@300+loose+relax   (cached parse, re-map only)
  [layer 25/47  53% of POSITIONS] onnx@200+title+loose
    [ocr page 1/47   2% of PAGES — the only fraction here that predicts time]
WARNING:     onnx@200+title+loose: parse failed — RuntimeError: vietocr could not fetch its config for 'vgg_seq2seq' from vocr.vn: SSLError: HTTPSConnectionPool(host='vocr.vn', port=443): Max retries exceeded with url: /data/vietocr/config/base.yml (Caused by SSLError(SSLCertVerificationError(1, '[SSL: CERTIFICATE_VERIFY_FAILED] certificate verify failed: certificate has expired (_ssl.c:1010)')))
  This is the RECOGNISER's config, not its weights — vietocr downloads it on every Predictor build and caches nothing, so an unreachable or expired host takes the whole onnx engine down and the cascade falls through to tesseract with DIFFERENT figures.
  Put a merged base+arch yaml at /kaggle/working/src/web_scraper/models/vietocr_vgg_seq2seq.yml (or point CAFEF_ONNX_VIETOCR_CONFIG at one) and this stops being a dependency.
  [layer 26/47  55% of POSITIONS] onnx@200+title+loose+relax   (cached parse, re-map only)
  [layer 27/47  57% of POSITIONS] onnx@200+realign
    [ocr page 1/47   2% of PAGES — the only fraction here that predicts time]
WARNING:     onnx@200+realign: parse failed — RuntimeError: vietocr could not fetch its config for 'vgg_seq2seq' from vocr.vn: SSLError: HTTPSConnectionPool(host='vocr.vn', port=443): Max retries exceeded with url: /data/vietocr/config/base.yml (Caused by SSLError(SSLCertVerificationError(1, '[SSL: CERTIFICATE_VERIFY_FAILED] certificate verify failed: certificate has expired (_ssl.c:1010)')))
  This is the RECOGNISER's config, not its weights — vietocr downloads it on every Predictor build and caches nothing, so an unreachable or expired host takes the whole onnx engine down and the cascade falls through to tesseract with DIFFERENT figures.
  Put a merged base+arch yaml at /kaggle/working/src/web_scraper/models/vietocr_vgg_seq2seq.yml (or point CAFEF_ONNX_VIETOCR_CONFIG at one) and this stops being a dependency.
  [layer 28/47  60% of POSITIONS] onnx@200+realign+relax   (cached parse, re-map only)
  [layer 29/47  62% of POSITIONS] onnx@300+realign
    [ocr page 1/47   2% of PAGES — the only fraction here that predicts time]
WARNING:     onnx@300+realign: parse failed — RuntimeError: vietocr could not fetch its config for 'vgg_seq2seq' from vocr.vn: SSLError: HTTPSConnectionPool(host='vocr.vn', port=443): Max retries exceeded with url: /data/vietocr/config/base.yml (Caused by SSLError(SSLCertVerificationError(1, '[SSL: CERTIFICATE_VERIFY_FAILED] certificate verify failed: certificate has expired (_ssl.c:1010)')))
  This is the RECOGNISER's config, not its weights — vietocr downloads it on every Predictor build and caches nothing, so an unreachable or expired host takes the whole onnx engine down and the cascade falls through to tesseract with DIFFERENT figures.
  Put a merged base+arch yaml at /kaggle/working/src/web_scraper/models/vietocr_vgg_seq2seq.yml (or point CAFEF_ONNX_VIETOCR_CONFIG at one) and this stops being a dependency.
  [layer 30/47  64% of POSITIONS] onnx@300+realign+relax   (cached parse, re-map only)
  [layer 31/47  66% of POSITIONS] onnx@200+realign+relax+components   (cached parse, re-map only)
  [layer 32/47  68% of POSITIONS] onnx@200+notes+seam
    [ocr page 1/47   2% of PAGES — the only fraction here that predicts time]
WARNING:     onnx@200+notes+seam: parse failed — RuntimeError: vietocr could not fetch its config for 'vgg_seq2seq' from vocr.vn: SSLError: HTTPSConnectionPool(host='vocr.vn', port=443): Max retries exceeded with url: /data/vietocr/config/base.yml (Caused by SSLError(SSLCertVerificationError(1, '[SSL: CERTIFICATE_VERIFY_FAILED] certificate verify failed: certificate has expired (_ssl.c:1010)')))
  This is the RECOGNISER's config, not its weights — vietocr downloads it on every Predictor build and caches nothing, so an unreachable or expired host takes the whole onnx engine down and the cascade falls through to tesseract with DIFFERENT figures.
  Put a merged base+arch yaml at /kaggle/working/src/web_scraper/models/vietocr_vgg_seq2seq.yml (or point CAFEF_ONNX_VIETOCR_CONFIG at one) and this stops being a dependency.
  [layer 33/47  70% of POSITIONS] onnx@200+notes+seam+relax   (cached parse, re-map only)
  [layer 34/47  72% of POSITIONS] onnx@300+notes+seam
    [ocr page 1/47   2% of PAGES — the only fraction here that predicts time]
WARNING:     onnx@300+notes+seam: parse failed — RuntimeError: vietocr could not fetch its config for 'vgg_seq2seq' from vocr.vn: SSLError: HTTPSConnectionPool(host='vocr.vn', port=443): Max retries exceeded with url: /data/vietocr/config/base.yml (Caused by SSLError(SSLCertVerificationError(1, '[SSL: CERTIFICATE_VERIFY_FAILED] certificate verify failed: certificate has expired (_ssl.c:1010)')))
  This is the RECOGNISER's config, not its weights — vietocr downloads it on every Predictor build and caches nothing, so an unreachable or expired host takes the whole onnx engine down and the cascade falls through to tesseract with DIFFERENT figures.
  Put a merged base+arch yaml at /kaggle/working/src/web_scraper/models/vietocr_vgg_seq2seq.yml (or point CAFEF_ONNX_VIETOCR_CONFIG at one) and this stops being a dependency.
  [layer 35/47  74% of POSITIONS] onnx@200+notes+seam+realign
    [ocr page 1/47   2% of PAGES — the only fraction here that predicts time]
WARNING:     onnx@200+notes+seam+realign: parse failed — RuntimeError: vietocr could not fetch its config for 'vgg_seq2seq' from vocr.vn: SSLError: HTTPSConnectionPool(host='vocr.vn', port=443): Max retries exceeded with url: /data/vietocr/config/base.yml (Caused by SSLError(SSLCertVerificationError(1, '[SSL: CERTIFICATE_VERIFY_FAILED] certificate verify failed: certificate has expired (_ssl.c:1010)')))
  This is the RECOGNISER's config, not its weights — vietocr downloads it on every Predictor build and caches nothing, so an unreachable or expired host takes the whole onnx engine down and the cascade falls through to tesseract with DIFFERENT figures.
  Put a merged base+arch yaml at /kaggle/working/src/web_scraper/models/vietocr_vgg_seq2seq.yml (or point CAFEF_ONNX_VIETOCR_CONFIG at one) and this stops being a dependency.
  [layer 36/47  77% of POSITIONS] onnx@200+notes   (cached parse, re-map only)
  [layer 37/47  79% of POSITIONS] onnx@200+tail
    [ocr page 1/47   2% of PAGES — the only fraction here that predicts time]
WARNING:     onnx@200+tail: parse failed — RuntimeError: vietocr could not fetch its config for 'vgg_seq2seq' from vocr.vn: SSLError: HTTPSConnectionPool(host='vocr.vn', port=443): Max retries exceeded with url: /data/vietocr/config/base.yml (Caused by SSLError(SSLCertVerificationError(1, '[SSL: CERTIFICATE_VERIFY_FAILED] certificate verify failed: certificate has expired (_ssl.c:1010)')))
  This is the RECOGNISER's config, not its weights — vietocr downloads it on every Predictor build and caches nothing, so an unreachable or expired host takes the whole onnx engine down and the cascade falls through to tesseract with DIFFERENT figures.
  Put a merged base+arch yaml at /kaggle/working/src/web_scraper/models/vietocr_vgg_seq2seq.yml (or point CAFEF_ONNX_VIETOCR_CONFIG at one) and this stops being a dependency.
  [layer 38/47  81% of POSITIONS] onnx@200+tail+relax   (cached parse, re-map only)
  [layer 39/47  83% of POSITIONS] onnx@300+tail
    [ocr page 1/47   2% of PAGES — the only fraction here that predicts time]
WARNING:     onnx@300+tail: parse failed — RuntimeError: vietocr could not fetch its config for 'vgg_seq2seq' from vocr.vn: SSLError: HTTPSConnectionPool(host='vocr.vn', port=443): Max retries exceeded with url: /data/vietocr/config/base.yml (Caused by SSLError(SSLCertVerificationError(1, '[SSL: CERTIFICATE_VERIFY_FAILED] certificate verify failed: certificate has expired (_ssl.c:1010)')))
  This is the RECOGNISER's config, not its weights — vietocr downloads it on every Predictor build and caches nothing, so an unreachable or expired host takes the whole onnx engine down and the cascade falls through to tesseract with DIFFERENT figures.
  Put a merged base+arch yaml at /kaggle/working/src/web_scraper/models/vietocr_vgg_seq2seq.yml (or point CAFEF_ONNX_VIETOCR_CONFIG at one) and this stops being a dependency.
  [layer 40/47  85% of POSITIONS] onnx@200+tail+relax+components   (cached parse, re-map only)
  [layer 41/47  87% of POSITIONS] onnx@200+unit+tail
    [ocr page 1/47   2% of PAGES — the only fraction here that predicts time]
WARNING:     onnx@200+unit+tail: parse failed — RuntimeError: vietocr could not fetch its config for 'vgg_seq2seq' from vocr.vn: SSLError: HTTPSConnectionPool(host='vocr.vn', port=443): Max retries exceeded with url: /data/vietocr/config/base.yml (Caused by SSLError(SSLCertVerificationError(1, '[SSL: CERTIFICATE_VERIFY_FAILED] certificate verify failed: certificate has expired (_ssl.c:1010)')))
  This is the RECOGNISER's config, not its weights — vietocr downloads it on every Predictor build and caches nothing, so an unreachable or expired host takes the whole onnx engine down and the cascade falls through to tesseract with DIFFERENT figures.
  Put a merged base+arch yaml at /kaggle/working/src/web_scraper/models/vietocr_vgg_seq2seq.yml (or point CAFEF_ONNX_VIETOCR_CONFIG at one) and this stops being a dependency.
  [layer 42/47  89% of POSITIONS] onnx@200+unit+tail+relax   (cached parse, re-map only)
  [layer 43/47  91% of POSITIONS] onnx@200+unit
    [ocr page 1/47   2% of PAGES — the only fraction here that predicts time]
WARNING:     onnx@200+unit: parse failed — RuntimeError: vietocr could not fetch its config for 'vgg_seq2seq' from vocr.vn: SSLError: HTTPSConnectionPool(host='vocr.vn', port=443): Max retries exceeded with url: /data/vietocr/config/base.yml (Caused by SSLError(SSLCertVerificationError(1, '[SSL: CERTIFICATE_VERIFY_FAILED] certificate verify failed: certificate has expired (_ssl.c:1010)')))
  This is the RECOGNISER's config, not its weights — vietocr downloads it on every Predictor build and caches nothing, so an unreachable or expired host takes the whole onnx engine down and the cascade falls through to tesseract with DIFFERENT figures.
  Put a merged base+arch yaml at /kaggle/working/src/web_scraper/models/vietocr_vgg_seq2seq.yml (or point CAFEF_ONNX_VIETOCR_CONFIG at one) and this stops being a dependency.
  [layer 44/47  94% of POSITIONS] onnx@200+annual+relax   (cached parse, re-map only)
  [layer 45/47  96% of POSITIONS] onnx@200+pad6+annual+extra   (cached parse, re-map only)
  [layer 46/47  98% of POSITIONS] onnx@200+pad6+extra   (cached parse, re-map only)
  [layer 47/47 100% of POSITIONS] onnx@300+pad6+annual+extra
    [ocr page 1/47   2% of PAGES — the only fraction here that predicts time]
WARNING:     onnx@300+pad6+annual+extra: parse failed — RuntimeError: vietocr could not fetch its config for 'vgg_seq2seq' from vocr.vn: SSLError: HTTPSConnectionPool(host='vocr.vn', port=443): Max retries exceeded with url: /data/vietocr/config/base.yml (Caused by SSLError(SSLCertVerificationError(1, '[SSL: CERTIFICATE_VERIFY_FAILED] certificate verify failed: certificate has expired (_ssl.c:1010)')))
  This is the RECOGNISER's config, not its weights — vietocr downloads it on every Predictor build and caches nothing, so an unreachable or expired host takes the whole onnx engine down and the cascade falls through to tesseract with DIFFERENT figures.
  Put a merged base+arch yaml at /kaggle/working/src/web_scraper/models/vietocr_vgg_seq2seq.yml (or point CAFEF_ONNX_VIETOCR_CONFIG at one) and this stops being a dependency.
WARNING:     balance_sheet absent after 45 layer(s):
WARNING:       [onnx@200] no such statement on any page of this filing
WARNING:     income_statement absent after 45 layer(s):
WARNING:       [onnx@200] no such statement on any page of this filing
WARNING:     cash_flow absent after 45 layer(s):
WARNING:       [onnx@200] no such statement on any page of this filing
WARNING: Q3-2013: 20 layer(s) RAISED rather than refusing (onnx) — whatever won did so because those layers could not run. The upsert refuses this document; see `engine_errors` in its JSON.
  Q3-2013: ; absent ['balance_sheet', 'income_statement', 'cash_flow']  (0.4 min)

run folder -> /kaggle/working/reports/pdf_ocr/20260829-225620__hose_tcb__pdf_ocr
