  0.0% - HOSE_CTG - plan - overall %    : documents finished + OCR passes done of the 7 this 49-layer cascade can cost, over 1 document(s) — a POSITION IN THE PLAN, never a fraction of the time
  0.0% - HOSE_CTG - plan - symbol       : HOSE_CTG
  0.0% - HOSE_CTG - plan - template     : bank   (detect_template (CafeF fingerprint, over the network))
  0.0% - HOSE_CTG - plan - documents    : 1  (Q1-2014)
  0.0% - HOSE_CTG - plan - quarters     : ['2014-Q1']   selected ['2014-Q1']
  0.0% - HOSE_CTG - plan - skipped      : 0 quarter(s) already `pdf` in all three statements
  0.0% - HOSE_CTG - plan - cascade      : 49 of 49 layers
  0.0% - HOSE_CTG - plan - data root    : D:\GIT\master-thesis\raw_data\cafef
  0.0% - HOSE_CTG - plan - models       : det=deepdoc_det.onnx vietocr=vgg_seq2seq.pth
  0.0% - HOSE_CTG - plan - vietocr cfg  : D:\GIT\master-thesis\src\web_scraper\models\vietocr_vgg_seq2seq.yml
  0.0% - HOSE_CTG - plan - upsert       : ON — each finished quarter is upserted into the statement CSVs   (force_empty_band: a ticker with no history on disk is bootstrapped, UNGUARDED by `sane`)
  0.0% - doc 1/1 HOSE_CTG Q1-2014 - open - Q1-2014_bao_cao_tai_chinh_hop_nhat_quy_1_nam_2014.pdf  4.3 MB  bank/consolidated
  0.0% - doc 1/1 HOSE_CTG Q1-2014 - band - balance 5, income 11, cash 15   open_ref=74215984000000
  0.0% - doc 1/1 HOSE_CTG Q1-2014 - layer 1/49 onnx@200 - OCR pass 1/7
  0.3% - doc 1/1 HOSE_CTG Q1-2014 - layer 1/49 onnx@200 - page 1/55   1% of this pass
  1.8% - doc 1/1 HOSE_CTG Q1-2014 - layer 1/49 onnx@200 - page 7/55  12% of this pass   ~77 s left
  3.4% - doc 1/1 HOSE_CTG Q1-2014 - layer 1/49 onnx@200 - page 13/55  23% of this pass   ~56 s left
  4.9% - doc 1/1 HOSE_CTG Q1-2014 - layer 1/49 onnx@200 - page 19/55  34% of this pass   ~44 s left
  6.5% - doc 1/1 HOSE_CTG Q1-2014 - layer 1/49 onnx@200 - page 25/55  45% of this pass   ~35 s left
  8.1% - doc 1/1 HOSE_CTG Q1-2014 - layer 1/49 onnx@200 - page 31/55  56% of this pass   ~27 s left
  9.6% - doc 1/1 HOSE_CTG Q1-2014 - layer 1/49 onnx@200 - page 37/55  67% of this pass   ~20 s left
 11.2% - doc 1/1 HOSE_CTG Q1-2014 - layer 1/49 onnx@200 - page 43/55  78% of this pass   ~13 s left
 12.7% - doc 1/1 HOSE_CTG Q1-2014 - layer 1/49 onnx@200 - page 49/55  89% of this pass   ~7 s left
 14.3% - doc 1/1 HOSE_CTG Q1-2014 - layer 1/49 onnx@200 - page 55/55 100% of this pass   ~0 s left
 14.3% - doc 1/1 HOSE_CTG Q1-2014 - layer 2/49 onnx@300 - OCR pass 2/7
 14.5% - doc 1/1 HOSE_CTG Q1-2014 - layer 2/49 onnx@300 - page 1/55   1% of this pass
 16.1% - doc 1/1 HOSE_CTG Q1-2014 - layer 2/49 onnx@300 - page 7/55  12% of this pass   ~48 s left
 17.7% - doc 1/1 HOSE_CTG Q1-2014 - layer 2/49 onnx@300 - page 13/55  23% of this pass   ~43 s left
 19.2% - doc 1/1 HOSE_CTG Q1-2014 - layer 2/49 onnx@300 - page 19/55  34% of this pass   ~38 s left
 20.8% - doc 1/1 HOSE_CTG Q1-2014 - layer 2/49 onnx@300 - page 25/55  45% of this pass   ~32 s left
 22.3% - doc 1/1 HOSE_CTG Q1-2014 - layer 2/49 onnx@300 - page 31/55  56% of this pass   ~25 s left
 23.9% - doc 1/1 HOSE_CTG Q1-2014 - layer 2/49 onnx@300 - page 37/55  67% of this pass   ~19 s left
 25.5% - doc 1/1 HOSE_CTG Q1-2014 - layer 2/49 onnx@300 - page 43/55  78% of this pass   ~13 s left
 27.0% - doc 1/1 HOSE_CTG Q1-2014 - layer 2/49 onnx@300 - page 49/55  89% of this pass   ~7 s left
 28.6% - doc 1/1 HOSE_CTG Q1-2014 - layer 2/49 onnx@300 - page 55/55 100% of this pass   ~0 s left
 28.6% - doc 1/1 HOSE_CTG Q1-2014 - layer 3/49 onnx@400 - OCR pass 3/7
 28.8% - doc 1/1 HOSE_CTG Q1-2014 - layer 3/49 onnx@400 - page 1/55   1% of this pass
 30.4% - doc 1/1 HOSE_CTG Q1-2014 - layer 3/49 onnx@400 - page 7/55  12% of this pass   ~53 s left
 31.9% - doc 1/1 HOSE_CTG Q1-2014 - layer 3/49 onnx@400 - page 13/55  23% of this pass   ~48 s left
 33.5% - doc 1/1 HOSE_CTG Q1-2014 - layer 3/49 onnx@400 - page 19/55  34% of this pass   ~43 s left
 35.1% - doc 1/1 HOSE_CTG Q1-2014 - layer 3/49 onnx@400 - page 25/55  45% of this pass   ~36 s left
 36.6% - doc 1/1 HOSE_CTG Q1-2014 - layer 3/49 onnx@400 - page 31/55  56% of this pass   ~29 s left
 38.2% - doc 1/1 HOSE_CTG Q1-2014 - layer 3/49 onnx@400 - page 37/55  67% of this pass   ~22 s left
 39.7% - doc 1/1 HOSE_CTG Q1-2014 - layer 3/49 onnx@400 - page 43/55  78% of this pass   ~15 s left
 41.3% - doc 1/1 HOSE_CTG Q1-2014 - layer 3/49 onnx@400 - page 49/55  89% of this pass   ~7 s left
 42.9% - doc 1/1 HOSE_CTG Q1-2014 - layer 3/49 onnx@400 - page 55/55 100% of this pass   ~0 s left
 42.9% - doc 1/1 HOSE_CTG Q1-2014 - layer 4/49 tesseract@200 - OCR pass 4/7
 43.1% - doc 1/1 HOSE_CTG Q1-2014 - layer 4/49 tesseract@200 - page 1/55   1% of this pass
 44.7% - doc 1/1 HOSE_CTG Q1-2014 - layer 4/49 tesseract@200 - page 7/55  12% of this pass   ~120 s left
 46.2% - doc 1/1 HOSE_CTG Q1-2014 - layer 4/49 tesseract@200 - page 13/55  23% of this pass   ~101 s left
 47.5% - doc 1/1 HOSE_CTG Q1-2014 - layer 4/49 tesseract@200 - page 18/55  32% of this pass   ~98 s left
 48.8% - doc 1/1 HOSE_CTG Q1-2014 - layer 4/49 tesseract@200 - page 23/55  41% of this pass   ~92 s left
 50.4% - doc 1/1 HOSE_CTG Q1-2014 - layer 4/49 tesseract@200 - page 29/55  52% of this pass   ~71 s left
 51.9% - doc 1/1 HOSE_CTG Q1-2014 - layer 4/49 tesseract@200 - page 35/55  63% of this pass   ~53 s left
 53.5% - doc 1/1 HOSE_CTG Q1-2014 - layer 4/49 tesseract@200 - page 41/55  74% of this pass   ~36 s left
 54.8% - doc 1/1 HOSE_CTG Q1-2014 - layer 4/49 tesseract@200 - page 46/55  83% of this pass   ~24 s left
 55.8% - doc 1/1 HOSE_CTG Q1-2014 - layer 4/49 tesseract@200 - page 50/55  90% of this pass   ~14 s left
 57.1% - doc 1/1 HOSE_CTG Q1-2014 - layer 4/49 tesseract@200 - page 55/55 100% of this pass   ~0 s left
 57.1% - doc 1/1 HOSE_CTG Q1-2014 - layer 5/49 onnx@200+relax - cached parse, re-map only
 57.1% - doc 1/1 HOSE_CTG Q1-2014 - layer 6/49 onnx@300+relax - cached parse, re-map only
 57.1% - doc 1/1 HOSE_CTG Q1-2014 - layer 7/49 tesseract@400+relax - OCR pass 5/7
 57.4% - doc 1/1 HOSE_CTG Q1-2014 - layer 7/49 tesseract@400+relax - page 1/55   1% of this pass
 58.7% - doc 1/1 HOSE_CTG Q1-2014 - layer 7/49 tesseract@400+relax - page 6/55  10% of this pass   ~165 s left
 59.7% - doc 1/1 HOSE_CTG Q1-2014 - layer 7/49 tesseract@400+relax - page 10/55  18% of this pass   ~162 s left
 61.0% - doc 1/1 HOSE_CTG Q1-2014 - layer 7/49 tesseract@400+relax - page 15/55  27% of this pass   ~141 s left
 61.8% - doc 1/1 HOSE_CTG Q1-2014 - layer 7/49 tesseract@400+relax - page 18/55  32% of this pass   ~146 s left
 62.6% - doc 1/1 HOSE_CTG Q1-2014 - layer 7/49 tesseract@400+relax - page 21/55  38% of this pass   ~145 s left
 63.4% - doc 1/1 HOSE_CTG Q1-2014 - layer 7/49 tesseract@400+relax - page 24/55  43% of this pass   ~137 s left
 64.9% - doc 1/1 HOSE_CTG Q1-2014 - layer 7/49 tesseract@400+relax - page 30/55  54% of this pass   ~101 s left
 66.2% - doc 1/1 HOSE_CTG Q1-2014 - layer 7/49 tesseract@400+relax - page 35/55  63% of this pass   ~78 s left
 67.8% - doc 1/1 HOSE_CTG Q1-2014 - layer 7/49 tesseract@400+relax - page 41/55  74% of this pass   ~53 s left
 68.6% - doc 1/1 HOSE_CTG Q1-2014 - layer 7/49 tesseract@400+relax - page 44/55  80% of this pass   ~43 s left
 69.6% - doc 1/1 HOSE_CTG Q1-2014 - layer 7/49 tesseract@400+relax - page 48/55  87% of this pass   ~27 s left
 70.6% - doc 1/1 HOSE_CTG Q1-2014 - layer 7/49 tesseract@400+relax - page 52/55  94% of this pass   ~12 s left
 71.4% - doc 1/1 HOSE_CTG Q1-2014 - layer 8/49 onnx@200+components - cached parse, re-map only
 71.4% - doc 1/1 HOSE_CTG Q1-2014 - layer 9/49 onnx@300+components - cached parse, re-map only
 71.4% - doc 1/1 HOSE_CTG Q1-2014 - layer 10/49 onnx@200+relax+components - cached parse, re-map only
 71.4% - doc 1/1 HOSE_CTG Q1-2014 - layer 11/49 onnx@200+pad6+components - OCR pass 6/7
 71.7% - doc 1/1 HOSE_CTG Q1-2014 - layer 11/49 onnx@200+pad6+components - page 1/55   1% of this pass
 73.2% - doc 1/1 HOSE_CTG Q1-2014 - layer 11/49 onnx@200+pad6+components - page 7/55  12% of this pass   ~38 s left
 74.8% - doc 1/1 HOSE_CTG Q1-2014 - layer 11/49 onnx@200+pad6+components - page 13/55  23% of this pass   ~37 s left
 76.4% - doc 1/1 HOSE_CTG Q1-2014 - layer 11/49 onnx@200+pad6+components - page 19/55  34% of this pass   ~40 s left
 77.9% - doc 1/1 HOSE_CTG Q1-2014 - layer 11/49 onnx@200+pad6+components - page 25/55  45% of this pass   ~37 s left
 79.5% - doc 1/1 HOSE_CTG Q1-2014 - layer 11/49 onnx@200+pad6+components - page 31/55  56% of this pass   ~29 s left
 81.0% - doc 1/1 HOSE_CTG Q1-2014 - layer 11/49 onnx@200+pad6+components - page 37/55  67% of this pass   ~21 s left
 82.6% - doc 1/1 HOSE_CTG Q1-2014 - layer 11/49 onnx@200+pad6+components - page 43/55  78% of this pass   ~14 s left
 84.2% - doc 1/1 HOSE_CTG Q1-2014 - layer 11/49 onnx@200+pad6+components - page 49/55  89% of this pass   ~7 s left
 85.7% - doc 1/1 HOSE_CTG Q1-2014 - layer 11/49 onnx@200+pad6+components - page 55/55 100% of this pass   ~0 s left
 85.7% - doc 1/1 HOSE_CTG Q1-2014 - layer 12/49 onnx@200+pad6+relax+components - cached parse, re-map only
 85.7% - doc 1/1 HOSE_CTG Q1-2014 - layer 13/49 onnx@300+split - cached parse, re-map only
 85.7% - doc 1/1 HOSE_CTG Q1-2014 - layer 14/49 onnx@300+split+components - cached parse, re-map only
 85.7% - doc 1/1 HOSE_CTG Q1-2014 - layer 15/49 onnx@200+join+components - cached parse, re-map only
 85.7% - doc 1/1 HOSE_CTG Q1-2014 - layer 15/49 onnx@200+join+components - page 1/55   1% of this pass
 85.7% - doc 1/1 HOSE_CTG Q1-2014 - layer 15/49 onnx@200+join+components - page 7/55  12% of this pass   ~1 s left
 85.7% - doc 1/1 HOSE_CTG Q1-2014 - layer 15/49 onnx@200+join+components - page 13/55  23% of this pass   ~0 s left
 85.7% - doc 1/1 HOSE_CTG Q1-2014 - layer 15/49 onnx@200+join+components - page 19/55  34% of this pass   ~0 s left
 85.7% - doc 1/1 HOSE_CTG Q1-2014 - layer 15/49 onnx@200+join+components - page 25/55  45% of this pass   ~0 s left
 85.7% - doc 1/1 HOSE_CTG Q1-2014 - layer 15/49 onnx@200+join+components - page 31/55  56% of this pass   ~0 s left
 85.7% - doc 1/1 HOSE_CTG Q1-2014 - layer 15/49 onnx@200+join+components - page 37/55  67% of this pass   ~0 s left
 85.7% - doc 1/1 HOSE_CTG Q1-2014 - layer 15/49 onnx@200+join+components - page 43/55  78% of this pass   ~0 s left
 85.7% - doc 1/1 HOSE_CTG Q1-2014 - layer 15/49 onnx@200+join+components - page 49/55  89% of this pass   ~0 s left
 85.7% - doc 1/1 HOSE_CTG Q1-2014 - layer 15/49 onnx@200+join+components - page 55/55 100% of this pass   ~0 s left
 85.7% - doc 1/1 HOSE_CTG Q1-2014 - layer 16/49 onnx@200+join+relax+components - cached parse, re-map only
 85.7% - doc 1/1 HOSE_CTG Q1-2014 - layer 17/49 onnx@200+title - cached parse, re-map only
 85.7% - doc 1/1 HOSE_CTG Q1-2014 - layer 17/49 onnx@200+title - page 1/55   1% of this pass
 85.7% - doc 1/1 HOSE_CTG Q1-2014 - layer 17/49 onnx@200+title - page 7/55  12% of this pass   ~1 s left
 85.7% - doc 1/1 HOSE_CTG Q1-2014 - layer 17/49 onnx@200+title - page 13/55  23% of this pass   ~1 s left
 85.7% - doc 1/1 HOSE_CTG Q1-2014 - layer 17/49 onnx@200+title - page 19/55  34% of this pass   ~0 s left
 85.7% - doc 1/1 HOSE_CTG Q1-2014 - layer 17/49 onnx@200+title - page 25/55  45% of this pass   ~0 s left
 85.7% - doc 1/1 HOSE_CTG Q1-2014 - layer 17/49 onnx@200+title - page 31/55  56% of this pass   ~0 s left
 85.7% - doc 1/1 HOSE_CTG Q1-2014 - layer 17/49 onnx@200+title - page 37/55  67% of this pass   ~0 s left
 85.7% - doc 1/1 HOSE_CTG Q1-2014 - layer 17/49 onnx@200+title - page 43/55  78% of this pass   ~0 s left
 85.7% - doc 1/1 HOSE_CTG Q1-2014 - layer 17/49 onnx@200+title - page 49/55  89% of this pass   ~0 s left
 85.7% - doc 1/1 HOSE_CTG Q1-2014 - layer 17/49 onnx@200+title - page 55/55 100% of this pass   ~0 s left
 85.7% - doc 1/1 HOSE_CTG Q1-2014 - layer 18/49 onnx@200+title+relax - cached parse, re-map only
 85.7% - doc 1/1 HOSE_CTG Q1-2014 - layer 19/49 onnx@200+loose - cached parse, re-map only
 85.7% - doc 1/1 HOSE_CTG Q1-2014 - layer 19/49 onnx@200+loose - page 1/55   1% of this pass
 85.7% - doc 1/1 HOSE_CTG Q1-2014 - layer 19/49 onnx@200+loose - page 7/55  12% of this pass   ~1 s left
 85.7% - doc 1/1 HOSE_CTG Q1-2014 - layer 19/49 onnx@200+loose - page 13/55  23% of this pass   ~0 s left
 85.7% - doc 1/1 HOSE_CTG Q1-2014 - layer 19/49 onnx@200+loose - page 19/55  34% of this pass   ~0 s left
 85.7% - doc 1/1 HOSE_CTG Q1-2014 - layer 19/49 onnx@200+loose - page 25/55  45% of this pass   ~0 s left
 85.7% - doc 1/1 HOSE_CTG Q1-2014 - layer 19/49 onnx@200+loose - page 31/55  56% of this pass   ~0 s left
 85.7% - doc 1/1 HOSE_CTG Q1-2014 - layer 19/49 onnx@200+loose - page 37/55  67% of this pass   ~0 s left
 85.7% - doc 1/1 HOSE_CTG Q1-2014 - layer 19/49 onnx@200+loose - page 43/55  78% of this pass   ~0 s left
 85.7% - doc 1/1 HOSE_CTG Q1-2014 - layer 19/49 onnx@200+loose - page 49/55  89% of this pass   ~0 s left
 85.7% - doc 1/1 HOSE_CTG Q1-2014 - layer 19/49 onnx@200+loose - page 55/55 100% of this pass   ~0 s left
 85.7% - doc 1/1 HOSE_CTG Q1-2014 - layer 20/49 onnx@200+loose+relax - cached parse, re-map only
 85.7% - doc 1/1 HOSE_CTG Q1-2014 - layer 21/49 onnx@400+loose - cached parse, re-map only
 85.7% - doc 1/1 HOSE_CTG Q1-2014 - layer 21/49 onnx@400+loose - page 1/55   1% of this pass
 85.7% - doc 1/1 HOSE_CTG Q1-2014 - layer 21/49 onnx@400+loose - page 7/55  12% of this pass   ~0 s left
 85.7% - doc 1/1 HOSE_CTG Q1-2014 - layer 21/49 onnx@400+loose - page 13/55  23% of this pass   ~0 s left
 85.7% - doc 1/1 HOSE_CTG Q1-2014 - layer 21/49 onnx@400+loose - page 19/55  34% of this pass   ~0 s left
 85.7% - doc 1/1 HOSE_CTG Q1-2014 - layer 21/49 onnx@400+loose - page 25/55  45% of this pass   ~0 s left
 85.7% - doc 1/1 HOSE_CTG Q1-2014 - layer 21/49 onnx@400+loose - page 31/55  56% of this pass   ~0 s left
 85.7% - doc 1/1 HOSE_CTG Q1-2014 - layer 21/49 onnx@400+loose - page 37/55  67% of this pass   ~0 s left
 85.7% - doc 1/1 HOSE_CTG Q1-2014 - layer 21/49 onnx@400+loose - page 43/55  78% of this pass   ~0 s left
 85.7% - doc 1/1 HOSE_CTG Q1-2014 - layer 21/49 onnx@400+loose - page 49/55  89% of this pass   ~0 s left
 85.7% - doc 1/1 HOSE_CTG Q1-2014 - layer 21/49 onnx@400+loose - page 55/55 100% of this pass   ~0 s left
 85.7% - doc 1/1 HOSE_CTG Q1-2014 - layer 22/49 onnx@400+loose+relax - cached parse, re-map only
 85.7% - doc 1/1 HOSE_CTG Q1-2014 - layer 23/49 onnx@300+loose - cached parse, re-map only
 85.7% - doc 1/1 HOSE_CTG Q1-2014 - layer 23/49 onnx@300+loose - page 1/55   1% of this pass
 85.7% - doc 1/1 HOSE_CTG Q1-2014 - layer 23/49 onnx@300+loose - page 7/55  12% of this pass   ~1 s left
 85.7% - doc 1/1 HOSE_CTG Q1-2014 - layer 23/49 onnx@300+loose - page 13/55  23% of this pass   ~0 s left
 85.7% - doc 1/1 HOSE_CTG Q1-2014 - layer 23/49 onnx@300+loose - page 19/55  34% of this pass   ~0 s left
 85.7% - doc 1/1 HOSE_CTG Q1-2014 - layer 23/49 onnx@300+loose - page 25/55  45% of this pass   ~0 s left
 85.7% - doc 1/1 HOSE_CTG Q1-2014 - layer 23/49 onnx@300+loose - page 31/55  56% of this pass   ~0 s left
 85.7% - doc 1/1 HOSE_CTG Q1-2014 - layer 23/49 onnx@300+loose - page 37/55  67% of this pass   ~0 s left
 85.7% - doc 1/1 HOSE_CTG Q1-2014 - layer 23/49 onnx@300+loose - page 43/55  78% of this pass   ~0 s left
 85.7% - doc 1/1 HOSE_CTG Q1-2014 - layer 23/49 onnx@300+loose - page 49/55  89% of this pass   ~0 s left
 85.7% - doc 1/1 HOSE_CTG Q1-2014 - layer 23/49 onnx@300+loose - page 55/55 100% of this pass   ~0 s left
 85.7% - doc 1/1 HOSE_CTG Q1-2014 - layer 24/49 onnx@300+loose+relax - cached parse, re-map only
 85.7% - doc 1/1 HOSE_CTG Q1-2014 - layer 25/49 onnx@200+title+loose - cached parse, re-map only
 85.7% - doc 1/1 HOSE_CTG Q1-2014 - layer 25/49 onnx@200+title+loose - page 1/55   1% of this pass
 85.7% - doc 1/1 HOSE_CTG Q1-2014 - layer 25/49 onnx@200+title+loose - page 7/55  12% of this pass   ~1 s left
 85.7% - doc 1/1 HOSE_CTG Q1-2014 - layer 25/49 onnx@200+title+loose - page 13/55  23% of this pass   ~1 s left
 85.7% - doc 1/1 HOSE_CTG Q1-2014 - layer 25/49 onnx@200+title+loose - page 19/55  34% of this pass   ~0 s left
 85.7% - doc 1/1 HOSE_CTG Q1-2014 - layer 25/49 onnx@200+title+loose - page 25/55  45% of this pass   ~0 s left
 85.7% - doc 1/1 HOSE_CTG Q1-2014 - layer 25/49 onnx@200+title+loose - page 31/55  56% of this pass   ~0 s left
 85.7% - doc 1/1 HOSE_CTG Q1-2014 - layer 25/49 onnx@200+title+loose - page 37/55  67% of this pass   ~0 s left
 85.7% - doc 1/1 HOSE_CTG Q1-2014 - layer 25/49 onnx@200+title+loose - page 43/55  78% of this pass   ~0 s left
 85.7% - doc 1/1 HOSE_CTG Q1-2014 - layer 25/49 onnx@200+title+loose - page 49/55  89% of this pass   ~0 s left
 85.7% - doc 1/1 HOSE_CTG Q1-2014 - layer 25/49 onnx@200+title+loose - page 55/55 100% of this pass   ~0 s left
 85.7% - doc 1/1 HOSE_CTG Q1-2014 - layer 26/49 onnx@200+title+loose+relax - cached parse, re-map only
 85.7% - doc 1/1 HOSE_CTG Q1-2014 - layer 27/49 onnx@200+realign - cached parse, re-map only
 85.7% - doc 1/1 HOSE_CTG Q1-2014 - layer 27/49 onnx@200+realign - page 1/55   1% of this pass
 85.7% - doc 1/1 HOSE_CTG Q1-2014 - layer 27/49 onnx@200+realign - page 7/55  12% of this pass   ~1 s left
 85.7% - doc 1/1 HOSE_CTG Q1-2014 - layer 27/49 onnx@200+realign - page 13/55  23% of this pass   ~0 s left
 85.7% - doc 1/1 HOSE_CTG Q1-2014 - layer 27/49 onnx@200+realign - page 19/55  34% of this pass   ~0 s left
 85.7% - doc 1/1 HOSE_CTG Q1-2014 - layer 27/49 onnx@200+realign - page 25/55  45% of this pass   ~0 s left
 85.7% - doc 1/1 HOSE_CTG Q1-2014 - layer 27/49 onnx@200+realign - page 31/55  56% of this pass   ~0 s left
 85.7% - doc 1/1 HOSE_CTG Q1-2014 - layer 27/49 onnx@200+realign - page 37/55  67% of this pass   ~0 s left
 85.7% - doc 1/1 HOSE_CTG Q1-2014 - layer 27/49 onnx@200+realign - page 43/55  78% of this pass   ~0 s left
 85.7% - doc 1/1 HOSE_CTG Q1-2014 - layer 27/49 onnx@200+realign - page 49/55  89% of this pass   ~0 s left
 85.7% - doc 1/1 HOSE_CTG Q1-2014 - layer 27/49 onnx@200+realign - page 55/55 100% of this pass   ~0 s left
 85.7% - doc 1/1 HOSE_CTG Q1-2014 - layer 28/49 onnx@200+realign+relax - cached parse, re-map only
 85.7% - doc 1/1 HOSE_CTG Q1-2014 - layer 29/49 onnx@300+realign - cached parse, re-map only
 85.7% - doc 1/1 HOSE_CTG Q1-2014 - layer 29/49 onnx@300+realign - page 1/55   1% of this pass
 85.7% - doc 1/1 HOSE_CTG Q1-2014 - layer 29/49 onnx@300+realign - page 7/55  12% of this pass   ~1 s left
 85.7% - doc 1/1 HOSE_CTG Q1-2014 - layer 29/49 onnx@300+realign - page 13/55  23% of this pass   ~0 s left
 85.7% - doc 1/1 HOSE_CTG Q1-2014 - layer 29/49 onnx@300+realign - page 19/55  34% of this pass   ~0 s left
 85.7% - doc 1/1 HOSE_CTG Q1-2014 - layer 29/49 onnx@300+realign - page 25/55  45% of this pass   ~0 s left
 85.7% - doc 1/1 HOSE_CTG Q1-2014 - layer 29/49 onnx@300+realign - page 31/55  56% of this pass   ~0 s left
 85.7% - doc 1/1 HOSE_CTG Q1-2014 - layer 29/49 onnx@300+realign - page 37/55  67% of this pass   ~0 s left
 85.7% - doc 1/1 HOSE_CTG Q1-2014 - layer 29/49 onnx@300+realign - page 43/55  78% of this pass   ~0 s left
 85.7% - doc 1/1 HOSE_CTG Q1-2014 - layer 29/49 onnx@300+realign - page 49/55  89% of this pass   ~0 s left
 85.7% - doc 1/1 HOSE_CTG Q1-2014 - layer 29/49 onnx@300+realign - page 55/55 100% of this pass   ~0 s left
 85.7% - doc 1/1 HOSE_CTG Q1-2014 - layer 30/49 onnx@300+realign+relax - cached parse, re-map only
 85.7% - doc 1/1 HOSE_CTG Q1-2014 - layer 31/49 onnx@200+realign+relax+components - cached parse, re-map only
 85.7% - doc 1/1 HOSE_CTG Q1-2014 - layer 32/49 onnx@200+notes+seam - cached parse, re-map only
 85.7% - doc 1/1 HOSE_CTG Q1-2014 - layer 32/49 onnx@200+notes+seam - page 1/55   1% of this pass
 85.7% - doc 1/1 HOSE_CTG Q1-2014 - layer 32/49 onnx@200+notes+seam - page 7/55  12% of this pass   ~1 s left
 85.7% - doc 1/1 HOSE_CTG Q1-2014 - layer 32/49 onnx@200+notes+seam - page 13/55  23% of this pass   ~0 s left
 85.7% - doc 1/1 HOSE_CTG Q1-2014 - layer 32/49 onnx@200+notes+seam - page 19/55  34% of this pass   ~0 s left
 85.7% - doc 1/1 HOSE_CTG Q1-2014 - layer 32/49 onnx@200+notes+seam - page 25/55  45% of this pass   ~0 s left
 85.7% - doc 1/1 HOSE_CTG Q1-2014 - layer 32/49 onnx@200+notes+seam - page 31/55  56% of this pass   ~0 s left
 85.7% - doc 1/1 HOSE_CTG Q1-2014 - layer 32/49 onnx@200+notes+seam - page 37/55  67% of this pass   ~0 s left
 85.7% - doc 1/1 HOSE_CTG Q1-2014 - layer 32/49 onnx@200+notes+seam - page 43/55  78% of this pass   ~0 s left
 85.7% - doc 1/1 HOSE_CTG Q1-2014 - layer 32/49 onnx@200+notes+seam - page 49/55  89% of this pass   ~0 s left
 85.7% - doc 1/1 HOSE_CTG Q1-2014 - layer 32/49 onnx@200+notes+seam - page 55/55 100% of this pass   ~0 s left
 85.7% - doc 1/1 HOSE_CTG Q1-2014 - layer 33/49 onnx@200+notes+seam+relax - cached parse, re-map only
 85.7% - doc 1/1 HOSE_CTG Q1-2014 - layer 34/49 onnx@300+notes+seam - cached parse, re-map only
 85.7% - doc 1/1 HOSE_CTG Q1-2014 - layer 34/49 onnx@300+notes+seam - page 1/55   1% of this pass
 85.7% - doc 1/1 HOSE_CTG Q1-2014 - layer 34/49 onnx@300+notes+seam - page 7/55  12% of this pass   ~1 s left
 85.7% - doc 1/1 HOSE_CTG Q1-2014 - layer 34/49 onnx@300+notes+seam - page 13/55  23% of this pass   ~0 s left
 85.7% - doc 1/1 HOSE_CTG Q1-2014 - layer 34/49 onnx@300+notes+seam - page 19/55  34% of this pass   ~0 s left
 85.7% - doc 1/1 HOSE_CTG Q1-2014 - layer 34/49 onnx@300+notes+seam - page 25/55  45% of this pass   ~0 s left
 85.7% - doc 1/1 HOSE_CTG Q1-2014 - layer 34/49 onnx@300+notes+seam - page 31/55  56% of this pass   ~0 s left
 85.7% - doc 1/1 HOSE_CTG Q1-2014 - layer 34/49 onnx@300+notes+seam - page 37/55  67% of this pass   ~0 s left
 85.7% - doc 1/1 HOSE_CTG Q1-2014 - layer 34/49 onnx@300+notes+seam - page 43/55  78% of this pass   ~0 s left
 85.7% - doc 1/1 HOSE_CTG Q1-2014 - layer 34/49 onnx@300+notes+seam - page 49/55  89% of this pass   ~0 s left
 85.7% - doc 1/1 HOSE_CTG Q1-2014 - layer 34/49 onnx@300+notes+seam - page 55/55 100% of this pass   ~0 s left
 85.7% - doc 1/1 HOSE_CTG Q1-2014 - layer 35/49 onnx@200+notes+seam+realign - cached parse, re-map only
 85.7% - doc 1/1 HOSE_CTG Q1-2014 - layer 35/49 onnx@200+notes+seam+realign - page 1/55   1% of this pass
 85.7% - doc 1/1 HOSE_CTG Q1-2014 - layer 35/49 onnx@200+notes+seam+realign - page 7/55  12% of this pass   ~1 s left
 85.7% - doc 1/1 HOSE_CTG Q1-2014 - layer 35/49 onnx@200+notes+seam+realign - page 13/55  23% of this pass   ~0 s left
 85.7% - doc 1/1 HOSE_CTG Q1-2014 - layer 35/49 onnx@200+notes+seam+realign - page 19/55  34% of this pass   ~0 s left
 85.7% - doc 1/1 HOSE_CTG Q1-2014 - layer 35/49 onnx@200+notes+seam+realign - page 25/55  45% of this pass   ~0 s left
 85.7% - doc 1/1 HOSE_CTG Q1-2014 - layer 35/49 onnx@200+notes+seam+realign - page 31/55  56% of this pass   ~0 s left
 85.7% - doc 1/1 HOSE_CTG Q1-2014 - layer 35/49 onnx@200+notes+seam+realign - page 37/55  67% of this pass   ~0 s left
 85.7% - doc 1/1 HOSE_CTG Q1-2014 - layer 35/49 onnx@200+notes+seam+realign - page 43/55  78% of this pass   ~0 s left
 85.7% - doc 1/1 HOSE_CTG Q1-2014 - layer 35/49 onnx@200+notes+seam+realign - page 49/55  89% of this pass   ~0 s left
 85.7% - doc 1/1 HOSE_CTG Q1-2014 - layer 35/49 onnx@200+notes+seam+realign - page 55/55 100% of this pass   ~0 s left
 85.7% - doc 1/1 HOSE_CTG Q1-2014 - layer 36/49 onnx@200+notes - cached parse, re-map only
 85.7% - doc 1/1 HOSE_CTG Q1-2014 - layer 37/49 onnx@200+tail - cached parse, re-map only
 85.7% - doc 1/1 HOSE_CTG Q1-2014 - layer 37/49 onnx@200+tail - page 1/55   1% of this pass
 85.7% - doc 1/1 HOSE_CTG Q1-2014 - layer 37/49 onnx@200+tail - page 7/55  12% of this pass   ~1 s left
 85.7% - doc 1/1 HOSE_CTG Q1-2014 - layer 37/49 onnx@200+tail - page 13/55  23% of this pass   ~0 s left
 85.7% - doc 1/1 HOSE_CTG Q1-2014 - layer 37/49 onnx@200+tail - page 19/55  34% of this pass   ~0 s left
 85.7% - doc 1/1 HOSE_CTG Q1-2014 - layer 37/49 onnx@200+tail - page 25/55  45% of this pass   ~0 s left
 85.7% - doc 1/1 HOSE_CTG Q1-2014 - layer 37/49 onnx@200+tail - page 31/55  56% of this pass   ~0 s left
 85.7% - doc 1/1 HOSE_CTG Q1-2014 - layer 37/49 onnx@200+tail - page 37/55  67% of this pass   ~0 s left
 85.7% - doc 1/1 HOSE_CTG Q1-2014 - layer 37/49 onnx@200+tail - page 43/55  78% of this pass   ~0 s left
 85.7% - doc 1/1 HOSE_CTG Q1-2014 - layer 37/49 onnx@200+tail - page 49/55  89% of this pass   ~0 s left
 85.7% - doc 1/1 HOSE_CTG Q1-2014 - layer 37/49 onnx@200+tail - page 55/55 100% of this pass   ~0 s left
 85.7% - doc 1/1 HOSE_CTG Q1-2014 - layer 38/49 onnx@200+tail+relax - cached parse, re-map only
 85.7% - doc 1/1 HOSE_CTG Q1-2014 - layer 39/49 onnx@300+tail - cached parse, re-map only
 85.7% - doc 1/1 HOSE_CTG Q1-2014 - layer 39/49 onnx@300+tail - page 1/55   1% of this pass
 85.7% - doc 1/1 HOSE_CTG Q1-2014 - layer 39/49 onnx@300+tail - page 7/55  12% of this pass   ~1 s left
 85.7% - doc 1/1 HOSE_CTG Q1-2014 - layer 39/49 onnx@300+tail - page 13/55  23% of this pass   ~0 s left
 85.7% - doc 1/1 HOSE_CTG Q1-2014 - layer 39/49 onnx@300+tail - page 19/55  34% of this pass   ~0 s left
 85.7% - doc 1/1 HOSE_CTG Q1-2014 - layer 39/49 onnx@300+tail - page 25/55  45% of this pass   ~0 s left
 85.7% - doc 1/1 HOSE_CTG Q1-2014 - layer 39/49 onnx@300+tail - page 31/55  56% of this pass   ~0 s left
 85.7% - doc 1/1 HOSE_CTG Q1-2014 - layer 39/49 onnx@300+tail - page 37/55  67% of this pass   ~0 s left
 85.7% - doc 1/1 HOSE_CTG Q1-2014 - layer 39/49 onnx@300+tail - page 43/55  78% of this pass   ~0 s left
 85.7% - doc 1/1 HOSE_CTG Q1-2014 - layer 39/49 onnx@300+tail - page 49/55  89% of this pass   ~0 s left
 85.7% - doc 1/1 HOSE_CTG Q1-2014 - layer 39/49 onnx@300+tail - page 55/55 100% of this pass   ~0 s left
 85.7% - doc 1/1 HOSE_CTG Q1-2014 - layer 40/49 onnx@200+tail+relax+components - cached parse, re-map only
 85.7% - doc 1/1 HOSE_CTG Q1-2014 - layer 41/49 onnx@200+unit+tail - cached parse, re-map only
 85.7% - doc 1/1 HOSE_CTG Q1-2014 - layer 41/49 onnx@200+unit+tail - page 1/55   1% of this pass
 85.7% - doc 1/1 HOSE_CTG Q1-2014 - layer 41/49 onnx@200+unit+tail - page 7/55  12% of this pass   ~1 s left
 85.7% - doc 1/1 HOSE_CTG Q1-2014 - layer 41/49 onnx@200+unit+tail - page 13/55  23% of this pass   ~0 s left
 85.7% - doc 1/1 HOSE_CTG Q1-2014 - layer 41/49 onnx@200+unit+tail - page 19/55  34% of this pass   ~0 s left
 85.7% - doc 1/1 HOSE_CTG Q1-2014 - layer 41/49 onnx@200+unit+tail - page 25/55  45% of this pass   ~0 s left
 85.7% - doc 1/1 HOSE_CTG Q1-2014 - layer 41/49 onnx@200+unit+tail - page 31/55  56% of this pass   ~0 s left
 85.7% - doc 1/1 HOSE_CTG Q1-2014 - layer 41/49 onnx@200+unit+tail - page 37/55  67% of this pass   ~0 s left
 85.7% - doc 1/1 HOSE_CTG Q1-2014 - layer 41/49 onnx@200+unit+tail - page 43/55  78% of this pass   ~0 s left
 85.7% - doc 1/1 HOSE_CTG Q1-2014 - layer 41/49 onnx@200+unit+tail - page 49/55  89% of this pass   ~0 s left
 85.7% - doc 1/1 HOSE_CTG Q1-2014 - layer 41/49 onnx@200+unit+tail - page 55/55 100% of this pass   ~0 s left
 85.7% - doc 1/1 HOSE_CTG Q1-2014 - layer 42/49 onnx@200+unit+tail+relax - cached parse, re-map only
 85.7% - doc 1/1 HOSE_CTG Q1-2014 - layer 43/49 onnx@200+unit - cached parse, re-map only
 85.7% - doc 1/1 HOSE_CTG Q1-2014 - layer 43/49 onnx@200+unit - page 1/55   1% of this pass
 85.7% - doc 1/1 HOSE_CTG Q1-2014 - layer 43/49 onnx@200+unit - page 7/55  12% of this pass   ~1 s left
 85.7% - doc 1/1 HOSE_CTG Q1-2014 - layer 43/49 onnx@200+unit - page 13/55  23% of this pass   ~0 s left
 85.7% - doc 1/1 HOSE_CTG Q1-2014 - layer 43/49 onnx@200+unit - page 19/55  34% of this pass   ~0 s left
 85.7% - doc 1/1 HOSE_CTG Q1-2014 - layer 43/49 onnx@200+unit - page 25/55  45% of this pass   ~0 s left
 85.7% - doc 1/1 HOSE_CTG Q1-2014 - layer 43/49 onnx@200+unit - page 31/55  56% of this pass   ~0 s left
 85.7% - doc 1/1 HOSE_CTG Q1-2014 - layer 43/49 onnx@200+unit - page 37/55  67% of this pass   ~0 s left
 85.7% - doc 1/1 HOSE_CTG Q1-2014 - layer 43/49 onnx@200+unit - page 43/55  78% of this pass   ~0 s left
 85.7% - doc 1/1 HOSE_CTG Q1-2014 - layer 43/49 onnx@200+unit - page 49/55  89% of this pass   ~0 s left
 85.7% - doc 1/1 HOSE_CTG Q1-2014 - layer 43/49 onnx@200+unit - page 55/55 100% of this pass   ~0 s left
 85.7% - doc 1/1 HOSE_CTG Q1-2014 - layer 44/49 onnx@300+unit+tail - cached parse, re-map only
 85.7% - doc 1/1 HOSE_CTG Q1-2014 - layer 44/49 onnx@300+unit+tail - page 1/55   1% of this pass
 85.7% - doc 1/1 HOSE_CTG Q1-2014 - layer 44/49 onnx@300+unit+tail - page 7/55  12% of this pass   ~0 s left
 85.7% - doc 1/1 HOSE_CTG Q1-2014 - layer 44/49 onnx@300+unit+tail - page 13/55  23% of this pass   ~0 s left
 85.7% - doc 1/1 HOSE_CTG Q1-2014 - layer 44/49 onnx@300+unit+tail - page 19/55  34% of this pass   ~0 s left
 85.7% - doc 1/1 HOSE_CTG Q1-2014 - layer 44/49 onnx@300+unit+tail - page 25/55  45% of this pass   ~0 s left
 85.7% - doc 1/1 HOSE_CTG Q1-2014 - layer 44/49 onnx@300+unit+tail - page 31/55  56% of this pass   ~0 s left
 85.7% - doc 1/1 HOSE_CTG Q1-2014 - layer 44/49 onnx@300+unit+tail - page 37/55  67% of this pass   ~0 s left
 85.7% - doc 1/1 HOSE_CTG Q1-2014 - layer 44/49 onnx@300+unit+tail - page 43/55  78% of this pass   ~0 s left
 85.7% - doc 1/1 HOSE_CTG Q1-2014 - layer 44/49 onnx@300+unit+tail - page 49/55  89% of this pass   ~0 s left
 85.7% - doc 1/1 HOSE_CTG Q1-2014 - layer 44/49 onnx@300+unit+tail - page 55/55 100% of this pass   ~0 s left
 85.7% - doc 1/1 HOSE_CTG Q1-2014 - layer 45/49 onnx@300+unit - cached parse, re-map only
 85.7% - doc 1/1 HOSE_CTG Q1-2014 - layer 45/49 onnx@300+unit - page 1/55   1% of this pass
 85.7% - doc 1/1 HOSE_CTG Q1-2014 - layer 45/49 onnx@300+unit - page 7/55  12% of this pass   ~0 s left
 85.7% - doc 1/1 HOSE_CTG Q1-2014 - layer 45/49 onnx@300+unit - page 13/55  23% of this pass   ~0 s left
 85.7% - doc 1/1 HOSE_CTG Q1-2014 - layer 45/49 onnx@300+unit - page 19/55  34% of this pass   ~0 s left
 85.7% - doc 1/1 HOSE_CTG Q1-2014 - layer 45/49 onnx@300+unit - page 25/55  45% of this pass   ~0 s left
 85.7% - doc 1/1 HOSE_CTG Q1-2014 - layer 45/49 onnx@300+unit - page 31/55  56% of this pass   ~0 s left
 85.7% - doc 1/1 HOSE_CTG Q1-2014 - layer 45/49 onnx@300+unit - page 37/55  67% of this pass   ~0 s left
 85.7% - doc 1/1 HOSE_CTG Q1-2014 - layer 45/49 onnx@300+unit - page 43/55  78% of this pass   ~0 s left
 85.7% - doc 1/1 HOSE_CTG Q1-2014 - layer 45/49 onnx@300+unit - page 49/55  89% of this pass   ~0 s left
 85.7% - doc 1/1 HOSE_CTG Q1-2014 - layer 45/49 onnx@300+unit - page 55/55 100% of this pass   ~0 s left
 85.7% - doc 1/1 HOSE_CTG Q1-2014 - layer 46/49 onnx@200+annual+relax - cached parse, re-map only
 85.7% - doc 1/1 HOSE_CTG Q1-2014 - layer 47/49 onnx@200+pad6+annual+extra - cached parse, re-map only
 85.7% - doc 1/1 HOSE_CTG Q1-2014 - layer 48/49 onnx@200+pad6+extra - cached parse, re-map only
 85.7% - doc 1/1 HOSE_CTG Q1-2014 - layer 49/49 onnx@300+pad6+annual+extra - OCR pass 7/7
 86.0% - doc 1/1 HOSE_CTG Q1-2014 - layer 49/49 onnx@300+pad6+annual+extra - page 1/55   1% of this pass
 87.5% - doc 1/1 HOSE_CTG Q1-2014 - layer 49/49 onnx@300+pad6+annual+extra - page 7/55  12% of this pass   ~42 s left
 89.1% - doc 1/1 HOSE_CTG Q1-2014 - layer 49/49 onnx@300+pad6+annual+extra - page 13/55  23% of this pass   ~41 s left
 90.6% - doc 1/1 HOSE_CTG Q1-2014 - layer 49/49 onnx@300+pad6+annual+extra - page 19/55  34% of this pass   ~45 s left
 92.2% - doc 1/1 HOSE_CTG Q1-2014 - layer 49/49 onnx@300+pad6+annual+extra - page 25/55  45% of this pass   ~41 s left
 93.8% - doc 1/1 HOSE_CTG Q1-2014 - layer 49/49 onnx@300+pad6+annual+extra - page 31/55  56% of this pass   ~32 s left
 95.3% - doc 1/1 HOSE_CTG Q1-2014 - layer 49/49 onnx@300+pad6+annual+extra - page 37/55  67% of this pass   ~23 s left
 96.9% - doc 1/1 HOSE_CTG Q1-2014 - layer 49/49 onnx@300+pad6+annual+extra - page 43/55  78% of this pass   ~16 s left
 98.4% - doc 1/1 HOSE_CTG Q1-2014 - layer 49/49 onnx@300+pad6+annual+extra - page 49/55  89% of this pass   ~8 s left
100.0% - doc 1/1 HOSE_CTG Q1-2014 - layer 49/49 onnx@300+pad6+annual+extra - page 55/55 100% of this pass   ~0 s left
100.0% - doc 1/1 HOSE_CTG Q1-2014 - layer 49/49 onnx@300+pad6+annual+extra - WARNING:     cash_flow absent after 49 layer(s):
100.0% - doc 1/1 HOSE_CTG Q1-2014 - layer 49/49 onnx@300+pad6+annual+extra - WARNING:       [onnx@200] reconcile: no closing cash balance
100.0% - doc 1/1 HOSE_CTG Q1-2014 - accepted - Q1-2014: balance_sheet=53 items [onnx@200]; income_statement=20 items [onnx@300]; absent ['cash_flow']  (11.9 min)
100.0% - doc 1/1 HOSE_CTG Q1-2014 - merge - WRITE  Q1-2014   balance_sheet      [onnx@200] 53 items              recovers a quarter disk records as `missing`
100.0% - doc 1/1 HOSE_CTG Q1-2014 - merge - skip   Q1-2014   cash_flow                                           absent in this run
100.0% - doc 1/1 HOSE_CTG Q1-2014 - merge - WRITE  Q1-2014   income_statement   [onnx@300] 20 items              same figures, same layer — recording the span this row covers (`months`: unrecorded -> 3)
100.0% - doc 1/1 HOSE_CTG Q1-2014 - merge - backup: D:\GIT\master-thesis\raw_data\_backup\statements\20260830-135143__HOSE_CTG
100.0% - doc 1/1 HOSE_CTG Q1-2014 - merge - written: {'balance_sheet': 31, 'income_statement': 35, 'cash_flow': 61}
100.0% - HOSE_CTG - done - run folder -> D:\GIT\master-thesis\reports\pdf_ocr\20260830-133945__hose_ctg__pdf_ocr
