  0.0% - HOSE_BID - plan - overall %    : documents finished + OCR passes done of the 7 this 49-layer cascade can cost, over 1 document(s) — a POSITION IN THE PLAN, never a fraction of the time
  0.0% - HOSE_BID - plan - symbol       : HOSE_BID
  0.0% - HOSE_BID - plan - template     : bank   (templates.csv)
  0.0% - HOSE_BID - plan - documents    : 1  (Q4-2011)
  0.0% - HOSE_BID - plan - quarters     : ['2011-Q4']   selected ['2011-Q4']
  0.0% - HOSE_BID - plan - skipped      : 0 quarter(s) already `pdf` in all three statements
  0.0% - HOSE_BID - plan - cascade      : 49 of 49 layers
  0.0% - HOSE_BID - plan - data root    : D:\GIT\master-thesis\raw_data\cafef
  0.0% - HOSE_BID - plan - models       : det=deepdoc_det.onnx vietocr=vgg_seq2seq.pth
  0.0% - HOSE_BID - plan - vietocr cfg  : D:\GIT\master-thesis\src\web_scraper\models\vietocr_vgg_seq2seq.yml
  0.0% - HOSE_BID - plan - upsert       : ON — each finished quarter is upserted into the statement CSVs   (force_empty_band: a ticker with no history on disk is bootstrapped, UNGUARDED by `sane`)
  0.0% - doc 1/1 HOSE_BID Q4-2011 - open - FY-2011_bao_cao_tai_chinh_hop_nhat_nam_2011_da_kiem_toan.pdf  6.6 MB  bank/consolidated  CUMULATIVE
  0.0% - doc 1/1 HOSE_BID Q4-2011 - band - balance 4, income 0, cash 3   open_ref=—
  0.0% - doc 1/1 HOSE_BID Q4-2011 - layer 1/49 onnx@200 - OCR pass 1/7
  0.2% - doc 1/1 HOSE_BID Q4-2011 - layer 1/49 onnx@200 - page 1/85   1% of this pass
  1.5% - doc 1/1 HOSE_BID Q4-2011 - layer 1/49 onnx@200 - page 9/85  10% of this pass   ~135 s left
  2.5% - doc 1/1 HOSE_BID Q4-2011 - layer 1/49 onnx@200 - WARNING:     cash flow: the FX line printed no figure and its label rode onto the closing balance — 48,919,272,000,000 moved from `hdtc_vi_dieu_chinh_anh_huong_cua_thay_doi_ty_gia` to `hdtc_vii_tien_va_cac_khoan_tuong_duong_tien_tai_thoi_diem_cuoi_ky`, FX left empty
100.0% - doc 1/1 HOSE_BID Q4-2011 - accepted - Q4-2011: balance_sheet=55 items [onnx@200]; income_statement=22 items [onnx@200]; cash_flow=27 items [onnx@200]  (2.0 min)
100.0% - doc 1/1 HOSE_BID Q4-2011 - merge - skip   Q4-2011   balance_sheet      [onnx@200] 55 items              identical to the row already on disk
100.0% - doc 1/1 HOSE_BID Q4-2011 - merge - skip   Q4-2011   cash_flow          [onnx@200] 27 items              DIFFERS from a `pdf` row on disk in 3 column(s) — two runs disagree, and the newer one is not automatically the right one
100.0% - doc 1/1 HOSE_BID Q4-2011 - merge - hdtc_v_tien_va_cac_khoan_tuong_duong_tien_tai_thoi_diem_dau_ky None -> 56985301000000
100.0% - doc 1/1 HOSE_BID Q4-2011 - merge - hdtc_vi_dieu_chinh_anh_huong_cua_thay_doi_ty_gia         48919272000000 -> None
100.0% - doc 1/1 HOSE_BID Q4-2011 - merge - hdtc_vii_tien_va_cac_khoan_tuong_duong_tien_tai_thoi_diem_cuoi_ky 56985301000000 -> 48919272000000
100.0% - doc 1/1 HOSE_BID Q4-2011 - merge - WRITE  Q4-2011   income_statement   [onnx@200] 22 items              recovers a quarter disk records as `missing`
100.0% - doc 1/1 HOSE_BID Q4-2011 - merge - ⚠️  12-month figure — Q1-2011, Q2-2011 were never filed, so no run can ever split it. Written with `months=12`
100.0% - doc 1/1 HOSE_BID Q4-2011 - merge - backup: D:\GIT\master-thesis\raw_data\_backup\statements\20260830-180449__HOSE_BID
100.0% - doc 1/1 HOSE_BID Q4-2011 - merge - written: {'balance_sheet': 62, 'income_statement': 58, 'cash_flow': 61}
100.0% - HOSE_BID - done - run folder -> D:\GIT\master-thesis\reports\pdf_ocr\20260830-180247__hose_bid__pdf_ocr
