  0.0% - HOSE_ACB - plan - overall %    : documents finished + OCR passes done of the 7 this 49-layer cascade can cost, over 1 document(s) — a POSITION IN THE PLAN, never a fraction of the time
  0.0% - HOSE_ACB - plan - symbol       : HOSE_ACB
  0.0% - HOSE_ACB - plan - template     : bank   (templates.csv)
  0.0% - HOSE_ACB - plan - documents    : 1  (Q1-2024)
  0.0% - HOSE_ACB - plan - quarters     : ['2024-Q1']   selected ['2024-Q1']
  0.0% - HOSE_ACB - plan - skipped      : 0 quarter(s) already `pdf` in all three statements   [overwrite=True — nothing is skipped]
  0.0% - HOSE_ACB - plan - cascade      : 49 of 49 layers
  0.0% - HOSE_ACB - plan - data root    : D:\GIT\master-thesis\raw_data\cafef
  0.0% - HOSE_ACB - plan - models       : det=deepdoc_det.onnx vietocr=vgg_seq2seq.pth
  0.0% - HOSE_ACB - plan - vietocr cfg  : D:\GIT\master-thesis\src\web_scraper\models\vietocr_vgg_seq2seq.yml
  0.0% - doc 1/1 HOSE_ACB Q1-2024 - open - Q1-2024_bao_cao_tai_chinh_hop_nhat_quy_1_nam_2024.pdf  7.2 MB  bank/consolidated
  0.0% - doc 1/1 HOSE_ACB Q1-2024 - band - balance 56, income 56, cash 56   open_ref=136071738000000
  0.0% - doc 1/1 HOSE_ACB Q1-2024 - layer 1/49 onnx@200 - OCR pass 1/7
  0.5% - doc 1/1 HOSE_ACB Q1-2024 - layer 1/49 onnx@200 - page 1/30   3% of this pass
  1.9% - doc 1/1 HOSE_ACB Q1-2024 - layer 1/49 onnx@200 - page 4/30  13% of this pass   ~27 s left
  3.3% - doc 1/1 HOSE_ACB Q1-2024 - layer 1/49 onnx@200 - page 7/30  23% of this pass   ~26 s left
 14.3% - doc 1/1 HOSE_ACB Q1-2024 - layer 2/49 onnx@300 - OCR pass 2/7
 14.8% - doc 1/1 HOSE_ACB Q1-2024 - layer 2/49 onnx@300 - page 1/30   3% of this pass
 16.2% - doc 1/1 HOSE_ACB Q1-2024 - layer 2/49 onnx@300 - page 4/30  13% of this pass   ~19 s left
 17.6% - doc 1/1 HOSE_ACB Q1-2024 - layer 2/49 onnx@300 - page 7/30  23% of this pass   ~23 s left
 28.6% - doc 1/1 HOSE_ACB Q1-2024 - layer 3/49 onnx@400 - OCR pass 3/7
 29.0% - doc 1/1 HOSE_ACB Q1-2024 - layer 3/49 onnx@400 - page 1/30   3% of this pass
 30.5% - doc 1/1 HOSE_ACB Q1-2024 - layer 3/49 onnx@400 - page 4/30  13% of this pass   ~20 s left
 31.9% - doc 1/1 HOSE_ACB Q1-2024 - layer 3/49 onnx@400 - page 7/30  23% of this pass   ~25 s left
 42.9% - doc 1/1 HOSE_ACB Q1-2024 - layer 4/49 tesseract@200 - OCR pass 4/7
 43.3% - doc 1/1 HOSE_ACB Q1-2024 - layer 4/49 tesseract@200 - page 1/30   3% of this pass
 44.8% - doc 1/1 HOSE_ACB Q1-2024 - layer 4/49 tesseract@200 - page 4/30  13% of this pass   ~35 s left
 46.2% - doc 1/1 HOSE_ACB Q1-2024 - layer 4/49 tesseract@200 - page 7/30  23% of this pass   ~49 s left
 47.6% - doc 1/1 HOSE_ACB Q1-2024 - layer 4/49 tesseract@200 - page 10/30  33% of this pass   ~48 s left
 49.0% - doc 1/1 HOSE_ACB Q1-2024 - layer 4/49 tesseract@200 - page 13/30  43% of this pass   ~46 s left
 50.5% - doc 1/1 HOSE_ACB Q1-2024 - layer 4/49 tesseract@200 - page 16/30  53% of this pass   ~38 s left
 51.9% - doc 1/1 HOSE_ACB Q1-2024 - layer 4/49 tesseract@200 - page 19/30  63% of this pass   ~29 s left
 53.3% - doc 1/1 HOSE_ACB Q1-2024 - layer 4/49 tesseract@200 - page 22/30  73% of this pass   ~20 s left
 54.8% - doc 1/1 HOSE_ACB Q1-2024 - layer 4/49 tesseract@200 - page 25/30  83% of this pass   ~12 s left
 56.2% - doc 1/1 HOSE_ACB Q1-2024 - layer 4/49 tesseract@200 - page 28/30  93% of this pass   ~5 s left
 57.1% - doc 1/1 HOSE_ACB Q1-2024 - layer 5/49 onnx@200+relax - cached parse, re-map only
 57.1% - doc 1/1 HOSE_ACB Q1-2024 - layer 6/49 onnx@300+relax - cached parse, re-map only
100.0% - doc 1/1 HOSE_ACB Q1-2024 - accepted - Q1-2024: balance_sheet=54 items [onnx@200]; income_statement=20 items [onnx@200]; cash_flow=28 items [onnx@300+relax]  (2.3 min)
100.0% - HOSE_ACB - done - run folder -> D:\GIT\master-thesis\reports\pdf_ocr\20260830-193140__hose_acb__pdf_ocr
