symbol       : HOSE_VIC
template     : corp   (detect_template (CafeF fingerprint, over the network))
documents    : 1  (Q3-2014)
quarters     : ['2014-Q3']   selected ['2014-Q3']
skipped      : 0 quarter(s) already `pdf` in all three statements   [overwrite=True — nothing is skipped]
cascade      : 49 of 49 layers
data root    : D:\GIT\master-thesis\raw_data\cafef
models       : det=deepdoc_det.onnx vietocr=vgg_seq2seq.pth
vietocr cfg  : D:\GIT\master-thesis\src\web_scraper\models\vietocr_vgg_seq2seq.yml

[doc 1/1 100% of DOCUMENTS, not of time] HOSE_VIC__Q3-2014  Q3-2014_bao_cao_tai_chinh_hop_nhat_quy_3_nam_2014.pdf  1.4 MB  corp/consolidated
  band: balance 18, income 12, cash 15   open_ref=—
  [layer 1/49   2% of POSITIONS] onnx@200
    [ocr page 1/41   2% of PAGES — the only fraction here that predicts time]
    [ocr page 5/41  12% of PAGES — the only fraction here that predicts time]  ~46 s left
    [ocr page 10/41  24% of PAGES — the only fraction here that predicts time]  ~34 s left
    [ocr page 14/41  34% of PAGES — the only fraction here that predicts time]  ~33 s left
    [ocr page 19/41  46% of PAGES — the only fraction here that predicts time]  ~27 s left
    [ocr page 23/41  56% of PAGES — the only fraction here that predicts time]  ~22 s left
    [ocr page 28/41  68% of PAGES — the only fraction here that predicts time]  ~17 s left
    [ocr page 32/41  78% of PAGES — the only fraction here that predicts time]  ~12 s left
    [ocr page 37/41  90% of PAGES — the only fraction here that predicts time]  ~5 s left
    [ocr page 41/41 100% of PAGES — the only fraction here that predicts time]  ~0 s left
  [layer 2/49   4% of POSITIONS] onnx@300
    [ocr page 1/41   2% of PAGES — the only fraction here that predicts time]
    [ocr page 5/41  12% of PAGES — the only fraction here that predicts time]  ~21 s left
    [ocr page 10/41  24% of PAGES — the only fraction here that predicts time]  ~23 s left
    [ocr page 14/41  34% of PAGES — the only fraction here that predicts time]  ~26 s left
    [ocr page 19/41  46% of PAGES — the only fraction here that predicts time]  ~23 s left
    [ocr page 23/41  56% of PAGES — the only fraction here that predicts time]  ~19 s left
    [ocr page 28/41  68% of PAGES — the only fraction here that predicts time]  ~15 s left
    [ocr page 32/41  78% of PAGES — the only fraction here that predicts time]  ~11 s left
    [ocr page 37/41  90% of PAGES — the only fraction here that predicts time]  ~5 s left
    [ocr page 41/41 100% of PAGES — the only fraction here that predicts time]  ~0 s left
  Q3-2014: balance_sheet=45 items [onnx@300]; income_statement=16 items [onnx@300]; cash_flow=19 items [onnx@200]  (1.9 min)

run folder -> D:\GIT\master-thesis\reports\pdf_ocr\20260830-001446__hose_vic__pdf_ocr
