  0.0% - HOSE_BSR - plan - overall %    : documents finished + OCR passes done of the 24 this 49-layer cascade can cost, over 1 document(s) — a POSITION IN THE PLAN, never a fraction of the time
  0.0% - HOSE_BSR - plan - symbol       : HOSE_BSR
  0.0% - HOSE_BSR - plan - template     : corp   (detect_template (CafeF fingerprint, over the network))
  0.0% - HOSE_BSR - plan - documents    : 1  (Q4-2016)
  0.0% - HOSE_BSR - plan - quarters     : ['2016-Q4']   selected ['2016-Q4']
  0.0% - HOSE_BSR - plan - skipped      : 0 quarter(s) already `pdf` in all three statements
  0.0% - HOSE_BSR - plan - cascade      : 49 of 49 layers
  0.0% - HOSE_BSR - plan - data root    : D:\GIT\master-thesis\raw_data\cafef
  0.0% - HOSE_BSR - plan - models       : det=deepdoc_det.onnx vietocr=vgg_seq2seq.pth
  0.0% - HOSE_BSR - plan - vietocr cfg  : D:\GIT\master-thesis\src\web_scraper\models\vietocr_vgg_seq2seq.yml
  0.0% - HOSE_BSR - plan - upsert       : ON — each finished quarter is upserted into the statement CSVs   (force_empty_band: a ticker with no history on disk is bootstrapped, UNGUARDED by `sane`)
  0.0% - doc 1/1 HOSE_BSR Q4-2016 - open - FY-2016_bao_cao_tai_chinh_hop_nhat_nam_2016_da_kiem_toan.pdf  10.7 MB  corp/consolidated  CUMULATIVE
  0.0% - doc 1/1 HOSE_BSR Q4-2016 - band - WARNING: Q4-2016: the magnitude band is EMPTY, so `sane` will FAIL OPEN — this ticker has no accepted quarters on disk to reconstruct one from.
  0.0% - doc 1/1 HOSE_BSR Q4-2016 - layer 1/49 onnx@200 - OCR pass 1/24
  0.1% - doc 1/1 HOSE_BSR Q4-2016 - layer 1/49 onnx@200 - page 1/43   2% of this pass
  0.6% - doc 1/1 HOSE_BSR Q4-2016 - layer 1/49 onnx@200 - page 6/43  13% of this pass   ~78 s left
  1.0% - doc 1/1 HOSE_BSR Q4-2016 - layer 1/49 onnx@200 - page 10/43  23% of this pass   ~71 s left
100.0% - doc 1/1 HOSE_BSR Q4-2016 - accepted - Q4-2016: balance_sheet=52 items [onnx@200]; income_statement=16 items [onnx@200]; cash_flow=23 items [onnx@200]  (1.3 min)
100.0% - doc 1/1 HOSE_BSR Q4-2016 - merge - skip   Q4-2016   balance_sheet      [onnx@200] 52 items              identical to the row already on disk
100.0% - doc 1/1 HOSE_BSR Q4-2016 - merge - skip   Q4-2016   cash_flow          [onnx@200] 23 items              identical to the row already on disk
100.0% - doc 1/1 HOSE_BSR Q4-2016 - merge - skip   Q4-2016   income_statement   [onnx@200] 16 items              cumulative income statement — the filing prints the year to date and this module does not de-cumulate
100.0% - doc 1/1 HOSE_BSR Q4-2016 - merge - DRY RUN — 0 statement(s) would be written. Pass apply=True to write them.
100.0% - HOSE_BSR - done - run folder -> D:\GIT\master-thesis\reports\pdf_ocr\20260830-055040__hose_bsr__pdf_ocr
