  0.0% - HOSE_TCB - plan - overall %    : documents finished + OCR passes done of the 7 this 49-layer cascade can cost, over 1 document(s) — a POSITION IN THE PLAN, never a fraction of the time
  0.0% - HOSE_TCB - plan - symbol       : HOSE_TCB
  0.0% - HOSE_TCB - plan - template     : bank   (detect_template (CafeF fingerprint, over the network))
  0.0% - HOSE_TCB - plan - documents    : 1  (Q3-2013)
  0.0% - HOSE_TCB - plan - quarters     : ['2013-Q3']   selected ['2013-Q3']
  0.0% - HOSE_TCB - plan - skipped      : 0 quarter(s) already `pdf` in all three statements   [overwrite=True — nothing is skipped]
  0.0% - HOSE_TCB - plan - cascade      : 49 of 49 layers
  0.0% - HOSE_TCB - plan - data root    : D:\GIT\master-thesis\raw_data\cafef
  0.0% - HOSE_TCB - plan - models       : det=deepdoc_det.onnx vietocr=vgg_seq2seq.pth
  0.0% - HOSE_TCB - plan - vietocr cfg  : D:\GIT\master-thesis\src\web_scraper\models\vietocr_vgg_seq2seq.yml
  0.0% - doc 1/1 HOSE_TCB Q3-2013 - open - Q3-2013_bao_cao_tai_chinh_hop_nhat_quy_3_nam_2013.pdf  1.6 MB  bank/consolidated
  0.0% - doc 1/1 HOSE_TCB Q3-2013 - band - balance 5, income 7, cash 5   open_ref=34298612000000
  0.0% - doc 1/1 HOSE_TCB Q3-2013 - layer 1/49 onnx@200 - OCR pass 1/7
  0.3% - doc 1/1 HOSE_TCB Q3-2013 - layer 1/49 onnx@200 - page 1/47   2% of this pass
  1.8% - doc 1/1 HOSE_TCB Q3-2013 - layer 1/49 onnx@200 - page 6/47  12% of this pass   ~59 s left
 14.3% - doc 1/1 HOSE_TCB Q3-2013 - layer 2/49 onnx@300 - OCR pass 2/7
 14.6% - doc 1/1 HOSE_TCB Q3-2013 - layer 2/49 onnx@300 - page 1/47   2% of this pass
 16.1% - doc 1/1 HOSE_TCB Q3-2013 - layer 2/49 onnx@300 - page 6/47  12% of this pass   ~36 s left
 28.6% - doc 1/1 HOSE_TCB Q3-2013 - layer 3/49 onnx@400 - OCR pass 3/7
 28.9% - doc 1/1 HOSE_TCB Q3-2013 - layer 3/49 onnx@400 - page 1/47   2% of this pass
 30.4% - doc 1/1 HOSE_TCB Q3-2013 - layer 3/49 onnx@400 - page 6/47  12% of this pass   ~36 s left
 42.9% - doc 1/1 HOSE_TCB Q3-2013 - layer 4/49 tesseract@200 - OCR pass 4/7
 43.2% - doc 1/1 HOSE_TCB Q3-2013 - layer 4/49 tesseract@200 - page 1/47   2% of this pass
 44.7% - doc 1/1 HOSE_TCB Q3-2013 - layer 4/49 tesseract@200 - page 6/47  12% of this pass   ~71 s left
 45.6% - doc 1/1 HOSE_TCB Q3-2013 - layer 5/49 onnx@200+relax - cached parse, re-map only
 45.6% - doc 1/1 HOSE_TCB Q3-2013 - layer 6/49 onnx@300+relax - cached parse, re-map only
 57.1% - doc 1/1 HOSE_TCB Q3-2013 - layer 7/49 tesseract@400+relax - OCR pass 5/7
 57.4% - doc 1/1 HOSE_TCB Q3-2013 - layer 7/49 tesseract@400+relax - page 1/47   2% of this pass
 59.0% - doc 1/1 HOSE_TCB Q3-2013 - layer 7/49 tesseract@400+relax - page 6/47  12% of this pass   ~78 s left
 59.9% - doc 1/1 HOSE_TCB Q3-2013 - layer 8/49 onnx@200+components - cached parse, re-map only
 59.9% - doc 1/1 HOSE_TCB Q3-2013 - layer 9/49 onnx@300+components - cached parse, re-map only
 59.9% - doc 1/1 HOSE_TCB Q3-2013 - layer 10/49 onnx@200+relax+components - cached parse, re-map only
 71.4% - doc 1/1 HOSE_TCB Q3-2013 - layer 11/49 onnx@200+pad6+components - OCR pass 6/7
 71.7% - doc 1/1 HOSE_TCB Q3-2013 - layer 11/49 onnx@200+pad6+components - page 1/47   2% of this pass
 73.3% - doc 1/1 HOSE_TCB Q3-2013 - layer 11/49 onnx@200+pad6+components - page 6/47  12% of this pass   ~30 s left
 74.8% - doc 1/1 HOSE_TCB Q3-2013 - layer 11/49 onnx@200+pad6+components - page 11/47  23% of this pass   ~32 s left
 76.3% - doc 1/1 HOSE_TCB Q3-2013 - layer 11/49 onnx@200+pad6+components - page 16/47  34% of this pass   ~32 s left
 77.8% - doc 1/1 HOSE_TCB Q3-2013 - layer 11/49 onnx@200+pad6+components - page 21/47  44% of this pass   ~29 s left
 79.3% - doc 1/1 HOSE_TCB Q3-2013 - layer 11/49 onnx@200+pad6+components - page 26/47  55% of this pass   ~24 s left
 80.9% - doc 1/1 HOSE_TCB Q3-2013 - layer 11/49 onnx@200+pad6+components - page 31/47  65% of this pass   ~18 s left
 82.4% - doc 1/1 HOSE_TCB Q3-2013 - layer 11/49 onnx@200+pad6+components - page 36/47  76% of this pass   ~12 s left
 83.9% - doc 1/1 HOSE_TCB Q3-2013 - layer 11/49 onnx@200+pad6+components - page 41/47  87% of this pass   ~6 s left
 85.4% - doc 1/1 HOSE_TCB Q3-2013 - layer 11/49 onnx@200+pad6+components - page 46/47  97% of this pass   ~1 s left
 85.7% - doc 1/1 HOSE_TCB Q3-2013 - layer 12/49 onnx@200+pad6+relax+components - cached parse, re-map only
 85.7% - doc 1/1 HOSE_TCB Q3-2013 - layer 13/49 onnx@300+split - cached parse, re-map only
 85.7% - doc 1/1 HOSE_TCB Q3-2013 - layer 14/49 onnx@300+split+components - cached parse, re-map only
 85.7% - doc 1/1 HOSE_TCB Q3-2013 - layer 15/49 onnx@200+join+components - cached parse, re-map only
 85.7% - doc 1/1 HOSE_TCB Q3-2013 - layer 15/49 onnx@200+join+components - page 1/47   2% of this pass
 85.7% - doc 1/1 HOSE_TCB Q3-2013 - layer 15/49 onnx@200+join+components - page 6/47  12% of this pass   ~0 s left
 85.7% - doc 1/1 HOSE_TCB Q3-2013 - layer 16/49 onnx@200+join+relax+components - cached parse, re-map only
 85.7% - doc 1/1 HOSE_TCB Q3-2013 - layer 17/49 onnx@200+title - cached parse, re-map only
 85.7% - doc 1/1 HOSE_TCB Q3-2013 - layer 17/49 onnx@200+title - page 1/47   2% of this pass
 85.7% - doc 1/1 HOSE_TCB Q3-2013 - layer 17/49 onnx@200+title - page 6/47  12% of this pass   ~0 s left
 85.7% - doc 1/1 HOSE_TCB Q3-2013 - layer 18/49 onnx@200+title+relax - cached parse, re-map only
 85.7% - doc 1/1 HOSE_TCB Q3-2013 - layer 19/49 onnx@200+loose - cached parse, re-map only
 85.7% - doc 1/1 HOSE_TCB Q3-2013 - layer 19/49 onnx@200+loose - page 1/47   2% of this pass
 85.7% - doc 1/1 HOSE_TCB Q3-2013 - layer 19/49 onnx@200+loose - page 6/47  12% of this pass   ~0 s left
 85.7% - doc 1/1 HOSE_TCB Q3-2013 - layer 20/49 onnx@200+loose+relax - cached parse, re-map only
 85.7% - doc 1/1 HOSE_TCB Q3-2013 - layer 21/49 onnx@400+loose - cached parse, re-map only
 85.7% - doc 1/1 HOSE_TCB Q3-2013 - layer 21/49 onnx@400+loose - page 1/47   2% of this pass
 85.7% - doc 1/1 HOSE_TCB Q3-2013 - layer 21/49 onnx@400+loose - page 6/47  12% of this pass   ~0 s left
 85.7% - doc 1/1 HOSE_TCB Q3-2013 - layer 22/49 onnx@400+loose+relax - cached parse, re-map only
 85.7% - doc 1/1 HOSE_TCB Q3-2013 - layer 23/49 onnx@300+loose - cached parse, re-map only
 85.7% - doc 1/1 HOSE_TCB Q3-2013 - layer 23/49 onnx@300+loose - page 1/47   2% of this pass
 85.7% - doc 1/1 HOSE_TCB Q3-2013 - layer 23/49 onnx@300+loose - page 6/47  12% of this pass   ~0 s left
 85.7% - doc 1/1 HOSE_TCB Q3-2013 - layer 24/49 onnx@300+loose+relax - cached parse, re-map only
 85.7% - doc 1/1 HOSE_TCB Q3-2013 - layer 25/49 onnx@200+title+loose - cached parse, re-map only
 85.7% - doc 1/1 HOSE_TCB Q3-2013 - layer 25/49 onnx@200+title+loose - page 1/47   2% of this pass
 85.7% - doc 1/1 HOSE_TCB Q3-2013 - layer 25/49 onnx@200+title+loose - page 6/47  12% of this pass   ~0 s left
 85.7% - doc 1/1 HOSE_TCB Q3-2013 - layer 26/49 onnx@200+title+loose+relax - cached parse, re-map only
 85.7% - doc 1/1 HOSE_TCB Q3-2013 - layer 27/49 onnx@200+realign - cached parse, re-map only
 85.7% - doc 1/1 HOSE_TCB Q3-2013 - layer 27/49 onnx@200+realign - page 1/47   2% of this pass
 85.7% - doc 1/1 HOSE_TCB Q3-2013 - layer 27/49 onnx@200+realign - page 6/47  12% of this pass   ~0 s left
 85.7% - doc 1/1 HOSE_TCB Q3-2013 - layer 28/49 onnx@200+realign+relax - cached parse, re-map only
 85.7% - doc 1/1 HOSE_TCB Q3-2013 - layer 29/49 onnx@300+realign - cached parse, re-map only
 85.7% - doc 1/1 HOSE_TCB Q3-2013 - layer 29/49 onnx@300+realign - page 1/47   2% of this pass
 85.7% - doc 1/1 HOSE_TCB Q3-2013 - layer 29/49 onnx@300+realign - page 6/47  12% of this pass   ~0 s left
 85.7% - doc 1/1 HOSE_TCB Q3-2013 - layer 30/49 onnx@300+realign+relax - cached parse, re-map only
 85.7% - doc 1/1 HOSE_TCB Q3-2013 - layer 31/49 onnx@200+realign+relax+components - cached parse, re-map only
 85.7% - doc 1/1 HOSE_TCB Q3-2013 - layer 32/49 onnx@200+notes+seam - cached parse, re-map only
 85.7% - doc 1/1 HOSE_TCB Q3-2013 - layer 32/49 onnx@200+notes+seam - page 1/47   2% of this pass
 85.7% - doc 1/1 HOSE_TCB Q3-2013 - layer 32/49 onnx@200+notes+seam - page 6/47  12% of this pass   ~0 s left
 85.7% - doc 1/1 HOSE_TCB Q3-2013 - layer 33/49 onnx@200+notes+seam+relax - cached parse, re-map only
 85.7% - doc 1/1 HOSE_TCB Q3-2013 - layer 34/49 onnx@300+notes+seam - cached parse, re-map only
 85.7% - doc 1/1 HOSE_TCB Q3-2013 - layer 34/49 onnx@300+notes+seam - page 1/47   2% of this pass
 85.7% - doc 1/1 HOSE_TCB Q3-2013 - layer 34/49 onnx@300+notes+seam - page 6/47  12% of this pass   ~0 s left
 85.7% - doc 1/1 HOSE_TCB Q3-2013 - layer 35/49 onnx@200+notes+seam+realign - cached parse, re-map only
 85.7% - doc 1/1 HOSE_TCB Q3-2013 - layer 35/49 onnx@200+notes+seam+realign - page 1/47   2% of this pass
 85.7% - doc 1/1 HOSE_TCB Q3-2013 - layer 35/49 onnx@200+notes+seam+realign - page 6/47  12% of this pass   ~0 s left
 85.7% - doc 1/1 HOSE_TCB Q3-2013 - layer 36/49 onnx@200+notes - cached parse, re-map only
 85.7% - doc 1/1 HOSE_TCB Q3-2013 - layer 37/49 onnx@200+tail - cached parse, re-map only
 85.7% - doc 1/1 HOSE_TCB Q3-2013 - layer 37/49 onnx@200+tail - page 1/47   2% of this pass
 85.7% - doc 1/1 HOSE_TCB Q3-2013 - layer 37/49 onnx@200+tail - page 6/47  12% of this pass   ~0 s left
 85.7% - doc 1/1 HOSE_TCB Q3-2013 - layer 38/49 onnx@200+tail+relax - cached parse, re-map only
 85.7% - doc 1/1 HOSE_TCB Q3-2013 - layer 39/49 onnx@300+tail - cached parse, re-map only
 85.7% - doc 1/1 HOSE_TCB Q3-2013 - layer 39/49 onnx@300+tail - page 1/47   2% of this pass
 85.7% - doc 1/1 HOSE_TCB Q3-2013 - layer 39/49 onnx@300+tail - page 6/47  12% of this pass   ~0 s left
 85.7% - doc 1/1 HOSE_TCB Q3-2013 - layer 40/49 onnx@200+tail+relax+components - cached parse, re-map only
 85.7% - doc 1/1 HOSE_TCB Q3-2013 - layer 41/49 onnx@200+unit+tail - cached parse, re-map only
 85.7% - doc 1/1 HOSE_TCB Q3-2013 - layer 41/49 onnx@200+unit+tail - page 1/47   2% of this pass
 85.7% - doc 1/1 HOSE_TCB Q3-2013 - layer 41/49 onnx@200+unit+tail - page 6/47  12% of this pass   ~0 s left
 85.7% - doc 1/1 HOSE_TCB Q3-2013 - layer 42/49 onnx@200+unit+tail+relax - cached parse, re-map only
 85.7% - doc 1/1 HOSE_TCB Q3-2013 - layer 43/49 onnx@200+unit - cached parse, re-map only
 85.7% - doc 1/1 HOSE_TCB Q3-2013 - layer 43/49 onnx@200+unit - page 1/47   2% of this pass
 85.7% - doc 1/1 HOSE_TCB Q3-2013 - layer 43/49 onnx@200+unit - page 6/47  12% of this pass   ~0 s left
 85.7% - doc 1/1 HOSE_TCB Q3-2013 - layer 44/49 onnx@300+unit+tail - cached parse, re-map only
 85.7% - doc 1/1 HOSE_TCB Q3-2013 - layer 44/49 onnx@300+unit+tail - page 1/47   2% of this pass
 85.7% - doc 1/1 HOSE_TCB Q3-2013 - layer 44/49 onnx@300+unit+tail - page 6/47  12% of this pass   ~0 s left
 85.7% - doc 1/1 HOSE_TCB Q3-2013 - layer 45/49 onnx@300+unit - cached parse, re-map only
 85.7% - doc 1/1 HOSE_TCB Q3-2013 - layer 45/49 onnx@300+unit - page 1/47   2% of this pass
 85.7% - doc 1/1 HOSE_TCB Q3-2013 - layer 45/49 onnx@300+unit - page 6/47  12% of this pass   ~0 s left
100.0% - doc 1/1 HOSE_TCB Q3-2013 - accepted - Q3-2013: balance_sheet=47 items [onnx@200]; income_statement=15 items [onnx@300+unit+tail]; cash_flow=20 items [onnx@300+unit]  (7.9 min)
100.0% - HOSE_TCB - done - run folder -> D:\GIT\master-thesis\reports\pdf_ocr\20260830-075808__hose_tcb__pdf_ocr
