  0.0% - HOSE_ACB - plan - overall %    : documents finished + OCR passes done of the 7 this 49-layer cascade can cost, over 3 document(s) — a POSITION IN THE PLAN, never a fraction of the time
  0.0% - HOSE_ACB - plan - symbol       : HOSE_ACB
  0.0% - HOSE_ACB - plan - template     : bank   (templates.csv)
  0.0% - HOSE_ACB - plan - documents    : 3  (Q2-2009, Q3-2009, Q4-2009)
  0.0% - HOSE_ACB - plan - quarters     : ['2009-Q2', '2009-Q3', '2009-Q4']   selected ['2009-Q2', '2009-Q3', '2009-Q4']
  0.0% - HOSE_ACB - plan - skipped      : 0 quarter(s) already `pdf` in all three statements
  0.0% - HOSE_ACB - plan - cascade      : 49 of 49 layers
  0.0% - HOSE_ACB - plan - data root    : D:\GIT\master-thesis\raw_data\cafef
  0.0% - HOSE_ACB - plan - models       : det=deepdoc_det.onnx vietocr=vgg_seq2seq.pth
  0.0% - HOSE_ACB - plan - vietocr cfg  : D:\GIT\master-thesis\src\web_scraper\models\vietocr_vgg_seq2seq.yml
  0.0% - HOSE_ACB - plan - upsert       : ON — each finished quarter is upserted into the statement CSVs   (force_empty_band: a ticker with no history on disk is bootstrapped, UNGUARDED by `sane`)
  0.0% - doc 1/3 HOSE_ACB Q2-2009 - open - Q2-2009_bao_cao_tai_chinh_quy_2_nam_2009.pdf  0.8 MB  bank/parent
  0.0% - doc 1/3 HOSE_ACB Q2-2009 - band - WARNING: Q2-2009: the magnitude band is EMPTY, so `sane` will FAIL OPEN — this ticker has no accepted quarters on disk to reconstruct one from.
  0.0% - doc 1/3 HOSE_ACB Q2-2009 - layer 1/49 onnx@200 - OCR pass 1/7
  1.6% - doc 1/3 HOSE_ACB Q2-2009 - layer 1/49 onnx@200 - page 1/3  33% of this pass
  3.2% - doc 1/3 HOSE_ACB Q2-2009 - layer 1/49 onnx@200 - page 2/3  66% of this pass
  4.8% - doc 1/3 HOSE_ACB Q2-2009 - layer 1/49 onnx@200 - page 3/3 100% of this pass   ~0 s left
  4.8% - doc 1/3 HOSE_ACB Q2-2009 - layer 2/49 onnx@300 - OCR pass 2/7
  6.3% - doc 1/3 HOSE_ACB Q2-2009 - layer 2/49 onnx@300 - page 1/3  33% of this pass
  7.9% - doc 1/3 HOSE_ACB Q2-2009 - layer 2/49 onnx@300 - page 2/3  66% of this pass
  9.5% - doc 1/3 HOSE_ACB Q2-2009 - layer 2/49 onnx@300 - page 3/3 100% of this pass   ~0 s left
  9.5% - doc 1/3 HOSE_ACB Q2-2009 - layer 3/49 onnx@400 - OCR pass 3/7
 11.1% - doc 1/3 HOSE_ACB Q2-2009 - layer 3/49 onnx@400 - page 1/3  33% of this pass
 12.7% - doc 1/3 HOSE_ACB Q2-2009 - layer 3/49 onnx@400 - page 2/3  66% of this pass
 14.3% - doc 1/3 HOSE_ACB Q2-2009 - layer 3/49 onnx@400 - page 3/3 100% of this pass   ~0 s left
 14.3% - doc 1/3 HOSE_ACB Q2-2009 - layer 4/49 tesseract@200 - OCR pass 4/7
 15.9% - doc 1/3 HOSE_ACB Q2-2009 - layer 4/49 tesseract@200 - page 1/3  33% of this pass
 17.5% - doc 1/3 HOSE_ACB Q2-2009 - layer 4/49 tesseract@200 - page 2/3  66% of this pass
 19.0% - doc 1/3 HOSE_ACB Q2-2009 - layer 4/49 tesseract@200 - page 3/3 100% of this pass   ~0 s left
 19.0% - doc 1/3 HOSE_ACB Q2-2009 - layer 5/49 onnx@200+relax - cached parse, re-map only
 19.0% - doc 1/3 HOSE_ACB Q2-2009 - layer 6/49 onnx@300+relax - cached parse, re-map only
 19.0% - doc 1/3 HOSE_ACB Q2-2009 - layer 7/49 tesseract@400+relax - OCR pass 5/7
 20.6% - doc 1/3 HOSE_ACB Q2-2009 - layer 7/49 tesseract@400+relax - page 1/3  33% of this pass
 22.2% - doc 1/3 HOSE_ACB Q2-2009 - layer 7/49 tesseract@400+relax - page 2/3  66% of this pass
 23.8% - doc 1/3 HOSE_ACB Q2-2009 - layer 7/49 tesseract@400+relax - page 3/3 100% of this pass   ~0 s left
 23.8% - doc 1/3 HOSE_ACB Q2-2009 - layer 8/49 onnx@200+components - cached parse, re-map only
 23.8% - doc 1/3 HOSE_ACB Q2-2009 - layer 9/49 onnx@300+components - cached parse, re-map only
 23.8% - doc 1/3 HOSE_ACB Q2-2009 - layer 10/49 onnx@200+relax+components - cached parse, re-map only
 23.8% - doc 1/3 HOSE_ACB Q2-2009 - layer 11/49 onnx@200+pad6+components - OCR pass 6/7
 25.4% - doc 1/3 HOSE_ACB Q2-2009 - layer 11/49 onnx@200+pad6+components - page 1/3  33% of this pass
 27.0% - doc 1/3 HOSE_ACB Q2-2009 - layer 11/49 onnx@200+pad6+components - page 2/3  66% of this pass
 28.6% - doc 1/3 HOSE_ACB Q2-2009 - layer 11/49 onnx@200+pad6+components - page 3/3 100% of this pass   ~0 s left
 28.6% - doc 1/3 HOSE_ACB Q2-2009 - layer 12/49 onnx@200+pad6+relax+components - cached parse, re-map only
 28.6% - doc 1/3 HOSE_ACB Q2-2009 - layer 13/49 onnx@300+split - cached parse, re-map only
 28.6% - doc 1/3 HOSE_ACB Q2-2009 - layer 14/49 onnx@300+split+components - cached parse, re-map only
 28.6% - doc 1/3 HOSE_ACB Q2-2009 - layer 15/49 onnx@200+join+components - cached parse, re-map only
 28.6% - doc 1/3 HOSE_ACB Q2-2009 - layer 15/49 onnx@200+join+components - page 1/3  33% of this pass
 28.6% - doc 1/3 HOSE_ACB Q2-2009 - layer 15/49 onnx@200+join+components - page 2/3  66% of this pass
 28.6% - doc 1/3 HOSE_ACB Q2-2009 - layer 15/49 onnx@200+join+components - page 3/3 100% of this pass   ~0 s left
 28.6% - doc 1/3 HOSE_ACB Q2-2009 - layer 16/49 onnx@200+join+relax+components - cached parse, re-map only
 28.6% - doc 1/3 HOSE_ACB Q2-2009 - layer 17/49 onnx@200+title - cached parse, re-map only
 28.6% - doc 1/3 HOSE_ACB Q2-2009 - layer 17/49 onnx@200+title - page 1/3  33% of this pass
 28.6% - doc 1/3 HOSE_ACB Q2-2009 - layer 17/49 onnx@200+title - page 2/3  66% of this pass
 28.6% - doc 1/3 HOSE_ACB Q2-2009 - layer 17/49 onnx@200+title - page 3/3 100% of this pass   ~0 s left
 28.6% - doc 1/3 HOSE_ACB Q2-2009 - layer 18/49 onnx@200+title+relax - cached parse, re-map only
 28.6% - doc 1/3 HOSE_ACB Q2-2009 - layer 19/49 onnx@200+loose - cached parse, re-map only
 28.6% - doc 1/3 HOSE_ACB Q2-2009 - layer 19/49 onnx@200+loose - page 1/3  33% of this pass
 28.6% - doc 1/3 HOSE_ACB Q2-2009 - layer 19/49 onnx@200+loose - page 2/3  66% of this pass
 28.6% - doc 1/3 HOSE_ACB Q2-2009 - layer 19/49 onnx@200+loose - page 3/3 100% of this pass   ~0 s left
 28.6% - doc 1/3 HOSE_ACB Q2-2009 - layer 20/49 onnx@200+loose+relax - cached parse, re-map only
 28.6% - doc 1/3 HOSE_ACB Q2-2009 - layer 21/49 onnx@400+loose - cached parse, re-map only
 28.6% - doc 1/3 HOSE_ACB Q2-2009 - layer 21/49 onnx@400+loose - page 1/3  33% of this pass
 28.6% - doc 1/3 HOSE_ACB Q2-2009 - layer 21/49 onnx@400+loose - page 2/3  66% of this pass
 28.6% - doc 1/3 HOSE_ACB Q2-2009 - layer 21/49 onnx@400+loose - page 3/3 100% of this pass   ~0 s left
 28.6% - doc 1/3 HOSE_ACB Q2-2009 - layer 22/49 onnx@400+loose+relax - cached parse, re-map only
 28.6% - doc 1/3 HOSE_ACB Q2-2009 - layer 23/49 onnx@300+loose - cached parse, re-map only
 28.6% - doc 1/3 HOSE_ACB Q2-2009 - layer 23/49 onnx@300+loose - page 1/3  33% of this pass
 28.6% - doc 1/3 HOSE_ACB Q2-2009 - layer 23/49 onnx@300+loose - page 2/3  66% of this pass
 28.6% - doc 1/3 HOSE_ACB Q2-2009 - layer 23/49 onnx@300+loose - page 3/3 100% of this pass   ~0 s left
 28.6% - doc 1/3 HOSE_ACB Q2-2009 - layer 24/49 onnx@300+loose+relax - cached parse, re-map only
 28.6% - doc 1/3 HOSE_ACB Q2-2009 - layer 25/49 onnx@200+title+loose - cached parse, re-map only
 28.6% - doc 1/3 HOSE_ACB Q2-2009 - layer 25/49 onnx@200+title+loose - page 1/3  33% of this pass
 28.6% - doc 1/3 HOSE_ACB Q2-2009 - layer 25/49 onnx@200+title+loose - page 2/3  66% of this pass
 28.6% - doc 1/3 HOSE_ACB Q2-2009 - layer 25/49 onnx@200+title+loose - page 3/3 100% of this pass   ~0 s left
 28.6% - doc 1/3 HOSE_ACB Q2-2009 - layer 26/49 onnx@200+title+loose+relax - cached parse, re-map only
 28.6% - doc 1/3 HOSE_ACB Q2-2009 - layer 27/49 onnx@200+realign - cached parse, re-map only
 28.6% - doc 1/3 HOSE_ACB Q2-2009 - layer 27/49 onnx@200+realign - page 1/3  33% of this pass
 28.6% - doc 1/3 HOSE_ACB Q2-2009 - layer 27/49 onnx@200+realign - page 2/3  66% of this pass
 28.6% - doc 1/3 HOSE_ACB Q2-2009 - layer 27/49 onnx@200+realign - page 3/3 100% of this pass   ~0 s left
 28.6% - doc 1/3 HOSE_ACB Q2-2009 - layer 28/49 onnx@200+realign+relax - cached parse, re-map only
 28.6% - doc 1/3 HOSE_ACB Q2-2009 - layer 29/49 onnx@300+realign - cached parse, re-map only
 28.6% - doc 1/3 HOSE_ACB Q2-2009 - layer 29/49 onnx@300+realign - page 1/3  33% of this pass
 28.6% - doc 1/3 HOSE_ACB Q2-2009 - layer 29/49 onnx@300+realign - page 2/3  66% of this pass
 28.6% - doc 1/3 HOSE_ACB Q2-2009 - layer 29/49 onnx@300+realign - page 3/3 100% of this pass   ~0 s left
 28.6% - doc 1/3 HOSE_ACB Q2-2009 - layer 30/49 onnx@300+realign+relax - cached parse, re-map only
 28.6% - doc 1/3 HOSE_ACB Q2-2009 - layer 31/49 onnx@200+realign+relax+components - cached parse, re-map only
 28.6% - doc 1/3 HOSE_ACB Q2-2009 - layer 32/49 onnx@200+notes+seam - cached parse, re-map only
 28.6% - doc 1/3 HOSE_ACB Q2-2009 - layer 32/49 onnx@200+notes+seam - page 1/3  33% of this pass
 28.6% - doc 1/3 HOSE_ACB Q2-2009 - layer 32/49 onnx@200+notes+seam - page 2/3  66% of this pass
 28.6% - doc 1/3 HOSE_ACB Q2-2009 - layer 32/49 onnx@200+notes+seam - page 3/3 100% of this pass   ~0 s left
 28.6% - doc 1/3 HOSE_ACB Q2-2009 - layer 33/49 onnx@200+notes+seam+relax - cached parse, re-map only
 28.6% - doc 1/3 HOSE_ACB Q2-2009 - layer 34/49 onnx@300+notes+seam - cached parse, re-map only
 28.6% - doc 1/3 HOSE_ACB Q2-2009 - layer 34/49 onnx@300+notes+seam - page 1/3  33% of this pass
 28.6% - doc 1/3 HOSE_ACB Q2-2009 - layer 34/49 onnx@300+notes+seam - page 2/3  66% of this pass
 28.6% - doc 1/3 HOSE_ACB Q2-2009 - layer 34/49 onnx@300+notes+seam - page 3/3 100% of this pass   ~0 s left
 28.6% - doc 1/3 HOSE_ACB Q2-2009 - layer 35/49 onnx@200+notes+seam+realign - cached parse, re-map only
 28.6% - doc 1/3 HOSE_ACB Q2-2009 - layer 35/49 onnx@200+notes+seam+realign - page 1/3  33% of this pass
 28.6% - doc 1/3 HOSE_ACB Q2-2009 - layer 35/49 onnx@200+notes+seam+realign - page 2/3  66% of this pass
 28.6% - doc 1/3 HOSE_ACB Q2-2009 - layer 35/49 onnx@200+notes+seam+realign - page 3/3 100% of this pass   ~0 s left
 28.6% - doc 1/3 HOSE_ACB Q2-2009 - layer 36/49 onnx@200+notes - cached parse, re-map only
 28.6% - doc 1/3 HOSE_ACB Q2-2009 - layer 37/49 onnx@200+tail - cached parse, re-map only
 28.6% - doc 1/3 HOSE_ACB Q2-2009 - layer 37/49 onnx@200+tail - page 1/3  33% of this pass
 28.6% - doc 1/3 HOSE_ACB Q2-2009 - layer 37/49 onnx@200+tail - page 2/3  66% of this pass
 28.6% - doc 1/3 HOSE_ACB Q2-2009 - layer 37/49 onnx@200+tail - page 3/3 100% of this pass   ~0 s left
 28.6% - doc 1/3 HOSE_ACB Q2-2009 - layer 38/49 onnx@200+tail+relax - cached parse, re-map only
 28.6% - doc 1/3 HOSE_ACB Q2-2009 - layer 39/49 onnx@300+tail - cached parse, re-map only
 28.6% - doc 1/3 HOSE_ACB Q2-2009 - layer 39/49 onnx@300+tail - page 1/3  33% of this pass
 28.6% - doc 1/3 HOSE_ACB Q2-2009 - layer 39/49 onnx@300+tail - page 2/3  66% of this pass
 28.6% - doc 1/3 HOSE_ACB Q2-2009 - layer 39/49 onnx@300+tail - page 3/3 100% of this pass   ~0 s left
 28.6% - doc 1/3 HOSE_ACB Q2-2009 - layer 40/49 onnx@200+tail+relax+components - cached parse, re-map only
 28.6% - doc 1/3 HOSE_ACB Q2-2009 - layer 41/49 onnx@200+unit+tail - cached parse, re-map only
 28.6% - doc 1/3 HOSE_ACB Q2-2009 - layer 41/49 onnx@200+unit+tail - page 1/3  33% of this pass
 28.6% - doc 1/3 HOSE_ACB Q2-2009 - layer 41/49 onnx@200+unit+tail - page 2/3  66% of this pass
 28.6% - doc 1/3 HOSE_ACB Q2-2009 - layer 41/49 onnx@200+unit+tail - page 3/3 100% of this pass   ~0 s left
 28.6% - doc 1/3 HOSE_ACB Q2-2009 - layer 42/49 onnx@200+unit+tail+relax - cached parse, re-map only
 28.6% - doc 1/3 HOSE_ACB Q2-2009 - layer 43/49 onnx@200+unit - cached parse, re-map only
 28.6% - doc 1/3 HOSE_ACB Q2-2009 - layer 43/49 onnx@200+unit - page 1/3  33% of this pass
 28.6% - doc 1/3 HOSE_ACB Q2-2009 - layer 43/49 onnx@200+unit - page 2/3  66% of this pass
 28.6% - doc 1/3 HOSE_ACB Q2-2009 - layer 43/49 onnx@200+unit - page 3/3 100% of this pass   ~0 s left
 28.6% - doc 1/3 HOSE_ACB Q2-2009 - layer 44/49 onnx@300+unit+tail - cached parse, re-map only
 28.6% - doc 1/3 HOSE_ACB Q2-2009 - layer 44/49 onnx@300+unit+tail - page 1/3  33% of this pass
 28.6% - doc 1/3 HOSE_ACB Q2-2009 - layer 44/49 onnx@300+unit+tail - page 2/3  66% of this pass
 28.6% - doc 1/3 HOSE_ACB Q2-2009 - layer 44/49 onnx@300+unit+tail - page 3/3 100% of this pass   ~0 s left
 28.6% - doc 1/3 HOSE_ACB Q2-2009 - layer 45/49 onnx@300+unit - cached parse, re-map only
 28.6% - doc 1/3 HOSE_ACB Q2-2009 - layer 45/49 onnx@300+unit - page 1/3  33% of this pass
 28.6% - doc 1/3 HOSE_ACB Q2-2009 - layer 45/49 onnx@300+unit - page 2/3  66% of this pass
 28.6% - doc 1/3 HOSE_ACB Q2-2009 - layer 45/49 onnx@300+unit - page 3/3 100% of this pass   ~0 s left
 28.6% - doc 1/3 HOSE_ACB Q2-2009 - layer 46/49 onnx@200+annual+relax - cached parse, re-map only
 28.6% - doc 1/3 HOSE_ACB Q2-2009 - layer 47/49 onnx@200+pad6+annual+extra - cached parse, re-map only
 28.6% - doc 1/3 HOSE_ACB Q2-2009 - layer 48/49 onnx@200+pad6+extra - cached parse, re-map only
 28.6% - doc 1/3 HOSE_ACB Q2-2009 - layer 49/49 onnx@300+pad6+annual+extra - OCR pass 7/7
 30.2% - doc 1/3 HOSE_ACB Q2-2009 - layer 49/49 onnx@300+pad6+annual+extra - page 1/3  33% of this pass
 31.7% - doc 1/3 HOSE_ACB Q2-2009 - layer 49/49 onnx@300+pad6+annual+extra - page 2/3  66% of this pass
 33.3% - doc 1/3 HOSE_ACB Q2-2009 - layer 49/49 onnx@300+pad6+annual+extra - page 3/3 100% of this pass   ~0 s left
 33.3% - doc 1/3 HOSE_ACB Q2-2009 - layer 49/49 onnx@300+pad6+annual+extra - WARNING:     income_statement absent after 49 layer(s):
 33.3% - doc 1/3 HOSE_ACB Q2-2009 - layer 49/49 onnx@300+pad6+annual+extra - WARNING:       [onnx@200] reconcile: only 5 rows parsed
 33.3% - doc 1/3 HOSE_ACB Q2-2009 - layer 49/49 onnx@300+pad6+annual+extra - WARNING:       [tesseract@200] reconcile: only 6 rows parsed
 33.3% - doc 1/3 HOSE_ACB Q2-2009 - layer 49/49 onnx@300+pad6+annual+extra - WARNING:     cash_flow absent after 49 layer(s):
 33.3% - doc 1/3 HOSE_ACB Q2-2009 - layer 49/49 onnx@300+pad6+annual+extra - WARNING:       [onnx@200] no such statement on any page of this filing
 33.3% - doc 1/3 HOSE_ACB Q2-2009 - accepted - Q2-2009: balance_sheet=19 items [onnx@200]; absent ['income_statement', 'cash_flow']  (1.2 min)
 33.3% - doc 1/3 HOSE_ACB Q2-2009 - merge - skip   Q2-2009   balance_sheet      [onnx@200] 19 items              DIFFERS from a `pdf` row on disk in 2 column(s) — two runs disagree, and the newer one is not automatically the right one
 33.3% - doc 1/3 HOSE_ACB Q2-2009 - merge - tong_no_phai_tra_va_von_chu_so_huu                       129788150000000 -> None
 33.3% - doc 1/3 HOSE_ACB Q2-2009 - merge - v_cac_cong_cu_tai_chinh_phai_sinh_va_cac_tai_san_tai_chinh_khac None -> 816527000000
 33.3% - doc 1/3 HOSE_ACB Q2-2009 - merge - skip   Q2-2009   cash_flow                                           absent in this run
 33.3% - doc 1/3 HOSE_ACB Q2-2009 - merge - skip   Q2-2009   income_statement                                    absent in this run
 33.3% - doc 1/3 HOSE_ACB Q2-2009 - merge - DRY RUN — 0 statement(s) would be written. Pass apply=True to write them.
 33.3% - doc 2/3 HOSE_ACB Q3-2009 - open - Q3-2009_bao_cao_tai_chinh_quy_3_nam_2009.pdf  0.3 MB  bank/parent
 33.3% - doc 2/3 HOSE_ACB Q3-2009 - band - balance 1, income 0, cash 0   open_ref=—
 33.3% - doc 2/3 HOSE_ACB Q3-2009 - layer 1/49 onnx@200 - OCR pass 1/7
 34.9% - doc 2/3 HOSE_ACB Q3-2009 - layer 1/49 onnx@200 - page 1/3  33% of this pass
 36.5% - doc 2/3 HOSE_ACB Q3-2009 - layer 1/49 onnx@200 - page 2/3  66% of this pass
 38.1% - doc 2/3 HOSE_ACB Q3-2009 - layer 1/49 onnx@200 - page 3/3 100% of this pass   ~0 s left
 38.1% - doc 2/3 HOSE_ACB Q3-2009 - layer 2/49 onnx@300 - OCR pass 2/7
 39.7% - doc 2/3 HOSE_ACB Q3-2009 - layer 2/49 onnx@300 - page 1/3  33% of this pass
 41.3% - doc 2/3 HOSE_ACB Q3-2009 - layer 2/49 onnx@300 - page 2/3  66% of this pass
 42.9% - doc 2/3 HOSE_ACB Q3-2009 - layer 2/49 onnx@300 - page 3/3 100% of this pass   ~0 s left
 42.9% - doc 2/3 HOSE_ACB Q3-2009 - layer 3/49 onnx@400 - OCR pass 3/7
 44.4% - doc 2/3 HOSE_ACB Q3-2009 - layer 3/49 onnx@400 - page 1/3  33% of this pass
 46.0% - doc 2/3 HOSE_ACB Q3-2009 - layer 3/49 onnx@400 - page 2/3  66% of this pass
 47.6% - doc 2/3 HOSE_ACB Q3-2009 - layer 3/49 onnx@400 - page 3/3 100% of this pass   ~0 s left
 47.6% - doc 2/3 HOSE_ACB Q3-2009 - layer 4/49 tesseract@200 - OCR pass 4/7
 49.2% - doc 2/3 HOSE_ACB Q3-2009 - layer 4/49 tesseract@200 - page 1/3  33% of this pass
 50.8% - doc 2/3 HOSE_ACB Q3-2009 - layer 4/49 tesseract@200 - page 2/3  66% of this pass
 52.4% - doc 2/3 HOSE_ACB Q3-2009 - layer 4/49 tesseract@200 - page 3/3 100% of this pass   ~0 s left
 52.4% - doc 2/3 HOSE_ACB Q3-2009 - layer 5/49 onnx@200+relax - cached parse, re-map only
 52.4% - doc 2/3 HOSE_ACB Q3-2009 - layer 6/49 onnx@300+relax - cached parse, re-map only
 52.4% - doc 2/3 HOSE_ACB Q3-2009 - layer 7/49 tesseract@400+relax - OCR pass 5/7
 54.0% - doc 2/3 HOSE_ACB Q3-2009 - layer 7/49 tesseract@400+relax - page 1/3  33% of this pass
 55.6% - doc 2/3 HOSE_ACB Q3-2009 - layer 7/49 tesseract@400+relax - page 2/3  66% of this pass
 57.1% - doc 2/3 HOSE_ACB Q3-2009 - layer 7/49 tesseract@400+relax - page 3/3 100% of this pass   ~0 s left
 57.1% - doc 2/3 HOSE_ACB Q3-2009 - layer 8/49 onnx@200+components - cached parse, re-map only
 57.1% - doc 2/3 HOSE_ACB Q3-2009 - layer 9/49 onnx@300+components - cached parse, re-map only
 57.1% - doc 2/3 HOSE_ACB Q3-2009 - layer 10/49 onnx@200+relax+components - cached parse, re-map only
 57.1% - doc 2/3 HOSE_ACB Q3-2009 - layer 11/49 onnx@200+pad6+components - OCR pass 6/7
 58.7% - doc 2/3 HOSE_ACB Q3-2009 - layer 11/49 onnx@200+pad6+components - page 1/3  33% of this pass
 60.3% - doc 2/3 HOSE_ACB Q3-2009 - layer 11/49 onnx@200+pad6+components - page 2/3  66% of this pass
 61.9% - doc 2/3 HOSE_ACB Q3-2009 - layer 11/49 onnx@200+pad6+components - page 3/3 100% of this pass   ~0 s left
 61.9% - doc 2/3 HOSE_ACB Q3-2009 - layer 12/49 onnx@200+pad6+relax+components - cached parse, re-map only
 61.9% - doc 2/3 HOSE_ACB Q3-2009 - layer 13/49 onnx@300+split - cached parse, re-map only
 61.9% - doc 2/3 HOSE_ACB Q3-2009 - layer 14/49 onnx@300+split+components - cached parse, re-map only
 61.9% - doc 2/3 HOSE_ACB Q3-2009 - layer 15/49 onnx@200+join+components - cached parse, re-map only
 61.9% - doc 2/3 HOSE_ACB Q3-2009 - layer 15/49 onnx@200+join+components - page 1/3  33% of this pass
 61.9% - doc 2/3 HOSE_ACB Q3-2009 - layer 15/49 onnx@200+join+components - page 2/3  66% of this pass
 61.9% - doc 2/3 HOSE_ACB Q3-2009 - layer 15/49 onnx@200+join+components - page 3/3 100% of this pass   ~0 s left
 61.9% - doc 2/3 HOSE_ACB Q3-2009 - layer 16/49 onnx@200+join+relax+components - cached parse, re-map only
 61.9% - doc 2/3 HOSE_ACB Q3-2009 - layer 17/49 onnx@200+title - cached parse, re-map only
 61.9% - doc 2/3 HOSE_ACB Q3-2009 - layer 17/49 onnx@200+title - page 1/3  33% of this pass
 61.9% - doc 2/3 HOSE_ACB Q3-2009 - layer 17/49 onnx@200+title - page 2/3  66% of this pass
 61.9% - doc 2/3 HOSE_ACB Q3-2009 - layer 17/49 onnx@200+title - page 3/3 100% of this pass   ~0 s left
 61.9% - doc 2/3 HOSE_ACB Q3-2009 - layer 18/49 onnx@200+title+relax - cached parse, re-map only
 61.9% - doc 2/3 HOSE_ACB Q3-2009 - layer 19/49 onnx@200+loose - cached parse, re-map only
 61.9% - doc 2/3 HOSE_ACB Q3-2009 - layer 19/49 onnx@200+loose - page 1/3  33% of this pass
 61.9% - doc 2/3 HOSE_ACB Q3-2009 - layer 19/49 onnx@200+loose - page 2/3  66% of this pass
 61.9% - doc 2/3 HOSE_ACB Q3-2009 - layer 19/49 onnx@200+loose - page 3/3 100% of this pass   ~0 s left
 61.9% - doc 2/3 HOSE_ACB Q3-2009 - layer 20/49 onnx@200+loose+relax - cached parse, re-map only
 61.9% - doc 2/3 HOSE_ACB Q3-2009 - layer 21/49 onnx@400+loose - cached parse, re-map only
 61.9% - doc 2/3 HOSE_ACB Q3-2009 - layer 21/49 onnx@400+loose - page 1/3  33% of this pass
 61.9% - doc 2/3 HOSE_ACB Q3-2009 - layer 21/49 onnx@400+loose - page 2/3  66% of this pass
 61.9% - doc 2/3 HOSE_ACB Q3-2009 - layer 21/49 onnx@400+loose - page 3/3 100% of this pass   ~0 s left
 61.9% - doc 2/3 HOSE_ACB Q3-2009 - layer 22/49 onnx@400+loose+relax - cached parse, re-map only
 61.9% - doc 2/3 HOSE_ACB Q3-2009 - layer 23/49 onnx@300+loose - cached parse, re-map only
 61.9% - doc 2/3 HOSE_ACB Q3-2009 - layer 23/49 onnx@300+loose - page 1/3  33% of this pass
 61.9% - doc 2/3 HOSE_ACB Q3-2009 - layer 23/49 onnx@300+loose - page 2/3  66% of this pass
 61.9% - doc 2/3 HOSE_ACB Q3-2009 - layer 23/49 onnx@300+loose - page 3/3 100% of this pass   ~0 s left
 61.9% - doc 2/3 HOSE_ACB Q3-2009 - layer 24/49 onnx@300+loose+relax - cached parse, re-map only
 61.9% - doc 2/3 HOSE_ACB Q3-2009 - layer 25/49 onnx@200+title+loose - cached parse, re-map only
 61.9% - doc 2/3 HOSE_ACB Q3-2009 - layer 25/49 onnx@200+title+loose - page 1/3  33% of this pass
 61.9% - doc 2/3 HOSE_ACB Q3-2009 - layer 25/49 onnx@200+title+loose - page 2/3  66% of this pass
 61.9% - doc 2/3 HOSE_ACB Q3-2009 - layer 25/49 onnx@200+title+loose - page 3/3 100% of this pass   ~0 s left
 61.9% - doc 2/3 HOSE_ACB Q3-2009 - layer 26/49 onnx@200+title+loose+relax - cached parse, re-map only
 61.9% - doc 2/3 HOSE_ACB Q3-2009 - layer 27/49 onnx@200+realign - cached parse, re-map only
 61.9% - doc 2/3 HOSE_ACB Q3-2009 - layer 27/49 onnx@200+realign - page 1/3  33% of this pass
 61.9% - doc 2/3 HOSE_ACB Q3-2009 - layer 27/49 onnx@200+realign - page 2/3  66% of this pass
 61.9% - doc 2/3 HOSE_ACB Q3-2009 - layer 27/49 onnx@200+realign - page 3/3 100% of this pass   ~0 s left
 61.9% - doc 2/3 HOSE_ACB Q3-2009 - layer 28/49 onnx@200+realign+relax - cached parse, re-map only
 61.9% - doc 2/3 HOSE_ACB Q3-2009 - layer 29/49 onnx@300+realign - cached parse, re-map only
 61.9% - doc 2/3 HOSE_ACB Q3-2009 - layer 29/49 onnx@300+realign - page 1/3  33% of this pass
 61.9% - doc 2/3 HOSE_ACB Q3-2009 - layer 29/49 onnx@300+realign - page 2/3  66% of this pass
 61.9% - doc 2/3 HOSE_ACB Q3-2009 - layer 29/49 onnx@300+realign - page 3/3 100% of this pass   ~0 s left
 61.9% - doc 2/3 HOSE_ACB Q3-2009 - layer 30/49 onnx@300+realign+relax - cached parse, re-map only
 61.9% - doc 2/3 HOSE_ACB Q3-2009 - layer 31/49 onnx@200+realign+relax+components - cached parse, re-map only
 61.9% - doc 2/3 HOSE_ACB Q3-2009 - layer 32/49 onnx@200+notes+seam - cached parse, re-map only
 61.9% - doc 2/3 HOSE_ACB Q3-2009 - layer 32/49 onnx@200+notes+seam - page 1/3  33% of this pass
 61.9% - doc 2/3 HOSE_ACB Q3-2009 - layer 32/49 onnx@200+notes+seam - page 2/3  66% of this pass
 61.9% - doc 2/3 HOSE_ACB Q3-2009 - layer 32/49 onnx@200+notes+seam - page 3/3 100% of this pass   ~0 s left
 61.9% - doc 2/3 HOSE_ACB Q3-2009 - layer 33/49 onnx@200+notes+seam+relax - cached parse, re-map only
 61.9% - doc 2/3 HOSE_ACB Q3-2009 - layer 34/49 onnx@300+notes+seam - cached parse, re-map only
 61.9% - doc 2/3 HOSE_ACB Q3-2009 - layer 34/49 onnx@300+notes+seam - page 1/3  33% of this pass
 61.9% - doc 2/3 HOSE_ACB Q3-2009 - layer 34/49 onnx@300+notes+seam - page 2/3  66% of this pass
 61.9% - doc 2/3 HOSE_ACB Q3-2009 - layer 34/49 onnx@300+notes+seam - page 3/3 100% of this pass   ~0 s left
 61.9% - doc 2/3 HOSE_ACB Q3-2009 - layer 35/49 onnx@200+notes+seam+realign - cached parse, re-map only
 61.9% - doc 2/3 HOSE_ACB Q3-2009 - layer 35/49 onnx@200+notes+seam+realign - page 1/3  33% of this pass
 61.9% - doc 2/3 HOSE_ACB Q3-2009 - layer 35/49 onnx@200+notes+seam+realign - page 2/3  66% of this pass
 61.9% - doc 2/3 HOSE_ACB Q3-2009 - layer 35/49 onnx@200+notes+seam+realign - page 3/3 100% of this pass   ~0 s left
 61.9% - doc 2/3 HOSE_ACB Q3-2009 - layer 36/49 onnx@200+notes - cached parse, re-map only
 61.9% - doc 2/3 HOSE_ACB Q3-2009 - layer 37/49 onnx@200+tail - cached parse, re-map only
 61.9% - doc 2/3 HOSE_ACB Q3-2009 - layer 37/49 onnx@200+tail - page 1/3  33% of this pass
 61.9% - doc 2/3 HOSE_ACB Q3-2009 - layer 37/49 onnx@200+tail - page 2/3  66% of this pass
 61.9% - doc 2/3 HOSE_ACB Q3-2009 - layer 37/49 onnx@200+tail - page 3/3 100% of this pass   ~0 s left
 61.9% - doc 2/3 HOSE_ACB Q3-2009 - layer 38/49 onnx@200+tail+relax - cached parse, re-map only
 61.9% - doc 2/3 HOSE_ACB Q3-2009 - layer 39/49 onnx@300+tail - cached parse, re-map only
 61.9% - doc 2/3 HOSE_ACB Q3-2009 - layer 39/49 onnx@300+tail - page 1/3  33% of this pass
 61.9% - doc 2/3 HOSE_ACB Q3-2009 - layer 39/49 onnx@300+tail - page 2/3  66% of this pass
 61.9% - doc 2/3 HOSE_ACB Q3-2009 - layer 39/49 onnx@300+tail - page 3/3 100% of this pass   ~0 s left
 61.9% - doc 2/3 HOSE_ACB Q3-2009 - layer 40/49 onnx@200+tail+relax+components - cached parse, re-map only
 61.9% - doc 2/3 HOSE_ACB Q3-2009 - layer 41/49 onnx@200+unit+tail - cached parse, re-map only
 61.9% - doc 2/3 HOSE_ACB Q3-2009 - layer 41/49 onnx@200+unit+tail - page 1/3  33% of this pass
 61.9% - doc 2/3 HOSE_ACB Q3-2009 - layer 41/49 onnx@200+unit+tail - page 2/3  66% of this pass
 61.9% - doc 2/3 HOSE_ACB Q3-2009 - layer 41/49 onnx@200+unit+tail - page 3/3 100% of this pass   ~0 s left
 61.9% - doc 2/3 HOSE_ACB Q3-2009 - layer 42/49 onnx@200+unit+tail+relax - cached parse, re-map only
 61.9% - doc 2/3 HOSE_ACB Q3-2009 - layer 43/49 onnx@200+unit - cached parse, re-map only
 61.9% - doc 2/3 HOSE_ACB Q3-2009 - layer 43/49 onnx@200+unit - page 1/3  33% of this pass
 61.9% - doc 2/3 HOSE_ACB Q3-2009 - layer 43/49 onnx@200+unit - page 2/3  66% of this pass
 61.9% - doc 2/3 HOSE_ACB Q3-2009 - layer 43/49 onnx@200+unit - page 3/3 100% of this pass   ~0 s left
 61.9% - doc 2/3 HOSE_ACB Q3-2009 - layer 44/49 onnx@300+unit+tail - cached parse, re-map only
 61.9% - doc 2/3 HOSE_ACB Q3-2009 - layer 44/49 onnx@300+unit+tail - page 1/3  33% of this pass
 61.9% - doc 2/3 HOSE_ACB Q3-2009 - layer 44/49 onnx@300+unit+tail - page 2/3  66% of this pass
 61.9% - doc 2/3 HOSE_ACB Q3-2009 - layer 44/49 onnx@300+unit+tail - page 3/3 100% of this pass   ~0 s left
 61.9% - doc 2/3 HOSE_ACB Q3-2009 - layer 45/49 onnx@300+unit - cached parse, re-map only
 61.9% - doc 2/3 HOSE_ACB Q3-2009 - layer 45/49 onnx@300+unit - page 1/3  33% of this pass
 61.9% - doc 2/3 HOSE_ACB Q3-2009 - layer 45/49 onnx@300+unit - page 2/3  66% of this pass
 61.9% - doc 2/3 HOSE_ACB Q3-2009 - layer 45/49 onnx@300+unit - page 3/3 100% of this pass   ~0 s left
 61.9% - doc 2/3 HOSE_ACB Q3-2009 - layer 46/49 onnx@200+annual+relax - cached parse, re-map only
 61.9% - doc 2/3 HOSE_ACB Q3-2009 - layer 47/49 onnx@200+pad6+annual+extra - cached parse, re-map only
 61.9% - doc 2/3 HOSE_ACB Q3-2009 - layer 48/49 onnx@200+pad6+extra - cached parse, re-map only
 61.9% - doc 2/3 HOSE_ACB Q3-2009 - layer 49/49 onnx@300+pad6+annual+extra - OCR pass 7/7
 63.5% - doc 2/3 HOSE_ACB Q3-2009 - layer 49/49 onnx@300+pad6+annual+extra - page 1/3  33% of this pass
 65.1% - doc 2/3 HOSE_ACB Q3-2009 - layer 49/49 onnx@300+pad6+annual+extra - page 2/3  66% of this pass
 66.7% - doc 2/3 HOSE_ACB Q3-2009 - layer 49/49 onnx@300+pad6+annual+extra - page 3/3 100% of this pass   ~0 s left
 66.7% - doc 2/3 HOSE_ACB Q3-2009 - layer 49/49 onnx@300+pad6+annual+extra - WARNING:     balance_sheet absent after 49 layer(s):
 66.7% - doc 2/3 HOSE_ACB Q3-2009 - layer 49/49 onnx@300+pad6+annual+extra - WARNING:       [onnx@200] sane: magnitude 1.7e+08 vs typical 1.3e+14 (units? cumulative column? OCR misread?)
 66.7% - doc 2/3 HOSE_ACB Q3-2009 - layer 49/49 onnx@300+pad6+annual+extra - WARNING:     cash_flow absent after 49 layer(s):
 66.7% - doc 2/3 HOSE_ACB Q3-2009 - layer 49/49 onnx@300+pad6+annual+extra - WARNING:       [onnx@200] no such statement on any page of this filing
 66.7% - doc 2/3 HOSE_ACB Q3-2009 - accepted - Q3-2009: income_statement=2 items [onnx@200]; absent ['balance_sheet', 'cash_flow']  (0.2 min)
 66.7% - doc 2/3 HOSE_ACB Q3-2009 - merge - skip   Q3-2009   balance_sheet                                       absent in this run
 66.7% - doc 2/3 HOSE_ACB Q3-2009 - merge - skip   Q3-2009   cash_flow                                           absent in this run
 66.7% - doc 2/3 HOSE_ACB Q3-2009 - merge - WRITE  Q3-2009   income_statement   [onnx@200] 2 items               same figures, same layer — recording the span this row covers (`months`: unrecorded -> 3)
 66.7% - doc 2/3 HOSE_ACB Q3-2009 - merge - backup: D:\GIT\master-thesis\raw_data\_backup\statements\20260830-213436__HOSE_ACB
 66.7% - doc 2/3 HOSE_ACB Q3-2009 - merge - written: {'balance_sheet': 67, 'income_statement': 66, 'cash_flow': 66}
 66.7% - doc 3/3 HOSE_ACB Q4-2009 - open - FY-2009_bao_cao_tai_chinh_nam_2009_da_kiem_toan.pdf  0.7 MB  bank/parent  CUMULATIVE
 66.7% - doc 3/3 HOSE_ACB Q4-2009 - band - balance 1, income 0, cash 0   open_ref=—
 66.7% - doc 3/3 HOSE_ACB Q4-2009 - layer 1/49 onnx@200 - OCR pass 1/7
 66.7% - doc 3/3 HOSE_ACB Q4-2009 - layer 1/49 onnx@200 - page 1/65   1% of this pass
 67.3% - doc 3/3 HOSE_ACB Q4-2009 - layer 1/49 onnx@200 - page 8/65  12% of this pass   ~8 s left
100.0% - doc 3/3 HOSE_ACB Q4-2009 - accepted - Q4-2009: balance_sheet=30 items [onnx@200]; income_statement=21 items [onnx@200]; cash_flow=23 items [onnx@200]  (0.0 min)
100.0% - doc 3/3 HOSE_ACB Q4-2009 - merge - skip   Q4-2009   balance_sheet      [onnx@200] 30 items              DIFFERS from a `pdf` row on disk in 2 column(s) — two runs disagree, and the newer one is not automatically the right one
100.0% - doc 3/3 HOSE_ACB Q4-2009 - merge - b_no_phai_tra_va_von_chu_so_huu                          None -> 10256943000000
100.0% - doc 3/3 HOSE_ACB Q4-2009 - merge - viii_von_chu_so_huu                                      10256943000000 -> None
100.0% - doc 3/3 HOSE_ACB Q4-2009 - merge - WRITE  Q4-2009   cash_flow          [onnx@200] 23 items              same figures, same layer — recording the span this row covers (`months`: unrecorded -> 12)
100.0% - doc 3/3 HOSE_ACB Q4-2009 - merge - WRITE  Q4-2009   income_statement   [onnx@200] 21 items              recovers a quarter disk records as `missing`
100.0% - doc 3/3 HOSE_ACB Q4-2009 - merge - ⚠️  12-month figure — Q1-2009 was never filed, so no run can ever split it. Written with `months=12`
100.0% - doc 3/3 HOSE_ACB Q4-2009 - merge - backup: — (taken earlier in this run)
100.0% - doc 3/3 HOSE_ACB Q4-2009 - merge - written: {'balance_sheet': 67, 'income_statement': 67, 'cash_flow': 66}
100.0% - HOSE_ACB - done - run folder -> D:\GIT\master-thesis\reports\pdf_ocr\20260830-213307__hose_acb__pdf_ocr
